In file included from callbacks.c:16:0:
crud.h:65:2: error: #endif without #if
 #endif // BDD_CITOYEN
  ^~~~~
callbacks.c: In function ‘on_citoyen_ajouter_confirmer_clicked’:
callbacks.c:127:3: warning: format not a string literal and no format arguments [-Wformat-security]
   tmp);
   ^~~
In file included from /usr/include/gtk-2.0/gtk/gtk.h:145:0,
                 from callbacks.c:5:
callbacks.c: In function ‘on_citoyen_afficher_bouton_clicked’:
/usr/include/gtk-2.0/gtk/gtkradiobutton.h:41:39: warning: passing argument 1 of ‘gtk_toggle_button_set_active’ from incompatible pointer type [-Wincompatible-pointer-types]
 #define GTK_RADIO_BUTTON(obj)         (G_TYPE_CHECK_INSTANCE_CAST ((obj), GTK_TYPE_RADIO_BUTTON, GtkRadioButton))
                                       ^
callbacks.c:242:32: note: in expansion of macro ‘GTK_RADIO_BUTTON’
   gtk_toggle_button_set_active(GTK_RADIO_BUTTON(output),TRUE);
                                ^~~~~~~~~~~~~~~~
In file included from /usr/include/gtk-2.0/gtk/gtkcheckbutton.h:35:0,
                 from /usr/include/gtk-2.0/gtk/gtk.h:66,
                 from callbacks.c:5:
/usr/include/gtk-2.0/gtk/gtktogglebutton.h:82:12: note: expected ‘GtkToggleButton * {aka struct _GtkToggleButton *}’ but argument is of type ‘GtkRadioButton * {aka struct _GtkRadioButton *}’
 void       gtk_toggle_button_set_active        (GtkToggleButton *toggle_button,
            ^~~~~~~~~~~~~~~~~~~~~~~~~~~~
In file included from /usr/include/gtk-2.0/gtk/gtk.h:145:0,
                 from callbacks.c:5:
/usr/include/gtk-2.0/gtk/gtkradiobutton.h:41:39: warning: passing argument 1 of ‘gtk_toggle_button_set_active’ from incompatible pointer type [-Wincompatible-pointer-types]
 #define GTK_RADIO_BUTTON(obj)         (G_TYPE_CHECK_INSTANCE_CAST ((obj), GTK_TYPE_RADIO_BUTTON, GtkRadioButton))
                                       ^
callbacks.c:247:32: note: in expansion of macro ‘GTK_RADIO_BUTTON’
   gtk_toggle_button_set_active(GTK_RADIO_BUTTON(output),TRUE);
                                ^~~~~~~~~~~~~~~~
In file included from /usr/include/gtk-2.0/gtk/gtkcheckbutton.h:35:0,
                 from /usr/include/gtk-2.0/gtk/gtk.h:66,
                 from callbacks.c:5:
/usr/include/gtk-2.0/gtk/gtktogglebutton.h:82:12: note: expected ‘GtkToggleButton * {aka struct _GtkToggleButton *}’ but argument is of type ‘GtkRadioButton * {aka struct _GtkRadioButton *}’
 void       gtk_toggle_button_set_active        (GtkToggleButton *toggle_button,
            ^~~~~~~~~~~~~~~~~~~~~~~~~~~~
callbacks.c: In function ‘on_citoyen_modifier_bouton_clicked’:
callbacks.c:390:3: warning: format not a string literal and no format arguments [-Wformat-security]
   tmp);
   ^~~
callbacks.c: In function ‘on_citoyen_supprimer_bouton_clicked’:
callbacks.c:445:38: warning: format not a string literal and no format arguments [-Wformat-security]
                                      tmp);
                                      ^~~
callbacks.c:459:5: warning: format not a string literal and no format arguments [-Wformat-security]
     tmp);
     ^~~
callbacks.c:470:4: warning: format not a string literal and no format arguments [-Wformat-security]
    tmp);
    ^~~
callbacks.c: In function ‘on_citoyen_supprimer_afficher_clicked’:
callbacks.c:505:32: warning: passing argument 1 of ‘gtk_tree_view_get_model’ from incompatible pointer type [-Wincompatible-pointer-types]
  store=gtk_tree_view_get_model(liste);
                                ^~~~~
In file included from /usr/include/gtk-2.0/gtk/gtkcombobox.h:29:0,
                 from /usr/include/gtk-2.0/gtk/gtk.h:72,
                 from callbacks.c:5:
/usr/include/gtk-2.0/gtk/gtktreeview.h:145:24: note: expected ‘GtkTreeView * {aka struct _GtkTreeView *}’ but argument is of type ‘GtkWidget * {aka struct _GtkWidget *}’
 GtkTreeModel          *gtk_tree_view_get_model                     (GtkTreeView               *tree_view);
                        ^~~~~~~~~~~~~~~~~~~~~~~
callbacks.c:505:7: warning: assignment from incompatible pointer type [-Wincompatible-pointer-types]
  store=gtk_tree_view_get_model(liste);
       ^
callbacks.c: In function ‘on_citoyen_supprimer_treeview_row_activated’:
callbacks.c:601:25: warning: passing argument 1 of ‘lookup_widget’ from incompatible pointer type [-Wincompatible-pointer-types]
  output = lookup_widget(treeview, "citoyen_supprimer_id") ;
                         ^~~~~~~~
In file included from callbacks.c:9:0:
support.h:46:13: note: expected ‘GtkWidget * {aka struct _GtkWidget *}’ but argument is of type ‘GtkTreeView * {aka struct _GtkTreeView *}’
 GtkWidget*  lookup_widget              (GtkWidget       *widget,
             ^~~~~~~~~~~~~
In file included from /usr/include/gtk-2.0/gtk/gtkentrycompletion.h:28:0,
                 from /usr/include/gtk-2.0/gtk/gtkentry.h:43,
                 from /usr/include/gtk-2.0/gtk/gtktreeview.h:31,
                 from /usr/include/gtk-2.0/gtk/gtkcombobox.h:29,
                 from /usr/include/gtk-2.0/gtk/gtk.h:72,
                 from callbacks.c:5:
/usr/include/gtk-2.0/gtk/gtkliststore.h:36:36: warning: passing argument 1 of ‘gtk_tree_model_get’ from incompatible pointer type [-Wincompatible-pointer-types]
 #define GTK_LIST_STORE(obj)        (G_TYPE_CHECK_INSTANCE_CAST ((obj), GTK_TYPE_LIST_STORE, GtkListStore))
                                    ^
callbacks.c:607:22: note: in expansion of macro ‘GTK_LIST_STORE’
   gtk_tree_model_get(GTK_LIST_STORE(model),&iter,0,&id,1,&nom,2,&prenom,3,&email,4,&tele,5,&adresse,6,&csexe,7,&dn,8,&municipalite,-1);
                      ^~~~~~~~~~~~~~
In file included from /usr/include/gtk-2.0/gtk/gtktreeviewcolumn.h:28:0,
                 from /usr/include/gtk-2.0/gtk/gtkcelllayout.h:28,
                 from /usr/include/gtk-2.0/gtk/gtk.h:55,
                 from callbacks.c:5:
/usr/include/gtk-2.0/gtk/gtktreemodel.h:234:19: note: expected ‘GtkTreeModel * {aka struct _GtkTreeModel *}’ but argument is of type ‘GtkListStore * {aka struct _GtkListStore *}’
 void              gtk_tree_model_get             (GtkTreeModel *tree_model,
                   ^~~~~~~~~~~~~~~~~~
callbacks.c:609:39: warning: passing argument 1 of ‘on_citoyen_supprimer_bouton_clicked’ from incompatible pointer type [-Wincompatible-pointer-types]
   on_citoyen_supprimer_bouton_clicked(treeview,user_data);
                                       ^~~~~~~~
callbacks.c:414:1: note: expected ‘GtkWidget * {aka struct _GtkWidget *}’ but argument is of type ‘GtkTreeView * {aka struct _GtkTreeView *}’
 on_citoyen_supprimer_bouton_clicked    (GtkWidget       *supp,
 ^~~~~~~~~~~~~~~~~~~~~~~~~~~~~~~~~~~
callbacks.c: In function ‘on_citoyen_rechercher_bouton_clicked’:
callbacks.c:627:24: warning: passing argument 1 of ‘lookup_widget’ from incompatible pointer type [-Wincompatible-pointer-types]
  input = lookup_widget(button, "citoyen_rechercher_id");
                        ^~~~~~
In file included from callbacks.c:9:0:
support.h:46:13: note: expected ‘GtkWidget * {aka struct _GtkWidget *}’ but argument is of type ‘GtkButton * {aka struct _GtkButton *}’
 GtkWidget*  lookup_widget              (GtkWidget       *widget,
             ^~~~~~~~~~~~~
callbacks.c:630:24: warning: passing argument 1 of ‘lookup_widget’ from incompatible pointer type [-Wincompatible-pointer-types]
  input = lookup_widget(button, "checkbutton1");
                        ^~~~~~
In file included from callbacks.c:9:0:
support.h:46:13: note: expected ‘GtkWidget * {aka struct _GtkWidget *}’ but argument is of type ‘GtkButton * {aka struct _GtkButton *}’
 GtkWidget*  lookup_widget              (GtkWidget       *widget,
             ^~~~~~~~~~~~~
callbacks.c:632:36: warning: passing argument 1 of ‘gtk_toggle_button_set_active’ from incompatible pointer type [-Wincompatible-pointer-types]
  else gtk_toggle_button_set_active(input,FALSE);
                                    ^~~~~
In file included from /usr/include/gtk-2.0/gtk/gtkcheckbutton.h:35:0,
                 from /usr/include/gtk-2.0/gtk/gtk.h:66,
                 from callbacks.c:5:
/usr/include/gtk-2.0/gtk/gtktogglebutton.h:82:12: note: expected ‘GtkToggleButton * {aka struct _GtkToggleButton *}’ but argument is of type ‘GtkWidget * {aka struct _GtkWidget *}’
 void       gtk_toggle_button_set_active        (GtkToggleButton *toggle_button,
            ^~~~~~~~~~~~~~~~~~~~~~~~~~~~
callbacks.c:633:35: warning: passing argument 1 of ‘gtk_toggle_button_get_active’ from incompatible pointer type [-Wincompatible-pointer-types]
  bid=gtk_toggle_button_get_active(input);
                                   ^~~~~
In file included from /usr/include/gtk-2.0/gtk/gtkcheckbutton.h:35:0,
                 from /usr/include/gtk-2.0/gtk/gtk.h:66,
                 from callbacks.c:5:
/usr/include/gtk-2.0/gtk/gtktogglebutton.h:84:12: note: expected ‘GtkToggleButton * {aka struct _GtkToggleButton *}’ but argument is of type ‘GtkWidget * {aka struct _GtkWidget *}’
 gboolean   gtk_toggle_button_get_active        (GtkToggleButton *toggle_button);
            ^~~~~~~~~~~~~~~~~~~~~~~~~~~~
callbacks.c:635:24: warning: passing argument 1 of ‘lookup_widget’ from incompatible pointer type [-Wincompatible-pointer-types]
  input = lookup_widget(button, "citoyen_rechercher_nom");
                        ^~~~~~
In file included from callbacks.c:9:0:
support.h:46:13: note: expected ‘GtkWidget * {aka struct _GtkWidget *}’ but argument is of type ‘GtkButton * {aka struct _GtkButton *}’
 GtkWidget*  lookup_widget              (GtkWidget       *widget,
             ^~~~~~~~~~~~~
callbacks.c:638:24: warning: passing argument 1 of ‘lookup_widget’ from incompatible pointer type [-Wincompatible-pointer-types]
  input = lookup_widget(button, "checkbutton2");
                        ^~~~~~
In file included from callbacks.c:9:0:
support.h:46:13: note: expected ‘GtkWidget * {aka struct _GtkWidget *}’ but argument is of type ‘GtkButton * {aka struct _GtkButton *}’
 GtkWidget*  lookup_widget              (GtkWidget       *widget,
             ^~~~~~~~~~~~~
callbacks.c:640:36: warning: passing argument 1 of ‘gtk_toggle_button_set_active’ from incompatible pointer type [-Wincompatible-pointer-types]
  else gtk_toggle_button_set_active(input,FALSE);
                                    ^~~~~
In file included from /usr/include/gtk-2.0/gtk/gtkcheckbutton.h:35:0,
                 from /usr/include/gtk-2.0/gtk/gtk.h:66,
                 from callbacks.c:5:
/usr/include/gtk-2.0/gtk/gtktogglebutton.h:82:12: note: expected ‘GtkToggleButton * {aka struct _GtkToggleButton *}’ but argument is of type ‘GtkWidget * {aka struct _GtkWidget *}’
 void       gtk_toggle_button_set_active        (GtkToggleButton *toggle_button,
            ^~~~~~~~~~~~~~~~~~~~~~~~~~~~
callbacks.c:641:36: warning: passing argument 1 of ‘gtk_toggle_button_get_active’ from incompatible pointer type [-Wincompatible-pointer-types]
  bnom=gtk_toggle_button_get_active(input);
                                    ^~~~~
In file included from /usr/include/gtk-2.0/gtk/gtkcheckbutton.h:35:0,
                 from /usr/include/gtk-2.0/gtk/gtk.h:66,
                 from callbacks.c:5:
/usr/include/gtk-2.0/gtk/gtktogglebutton.h:84:12: note: expected ‘GtkToggleButton * {aka struct _GtkToggleButton *}’ but argument is of type ‘GtkWidget * {aka struct _GtkWidget *}’
 gboolean   gtk_toggle_button_get_active        (GtkToggleButton *toggle_button);
            ^~~~~~~~~~~~~~~~~~~~~~~~~~~~
callbacks.c:643:24: warning: passing argument 1 of ‘lookup_widget’ from incompatible pointer type [-Wincompatible-pointer-types]
  input = lookup_widget(button, "citoyen_rechercher_prenom");
                        ^~~~~~
In file included from callbacks.c:9:0:
support.h:46:13: note: expected ‘GtkWidget * {aka struct _GtkWidget *}’ but argument is of type ‘GtkButton * {aka struct _GtkButton *}’
 GtkWidget*  lookup_widget              (GtkWidget       *widget,
             ^~~~~~~~~~~~~
callbacks.c:646:24: warning: passing argument 1 of ‘lookup_widget’ from incompatible pointer type [-Wincompatible-pointer-types]
  input = lookup_widget(button, "checkbutton3");
                        ^~~~~~
In file included from callbacks.c:9:0:
support.h:46:13: note: expected ‘GtkWidget * {aka struct _GtkWidget *}’ but argument is of type ‘GtkButton * {aka struct _GtkButton *}’
 GtkWidget*  lookup_widget              (GtkWidget       *widget,
             ^~~~~~~~~~~~~
callbacks.c:648:36: warning: passing argument 1 of ‘gtk_toggle_button_set_active’ from incompatible pointer type [-Wincompatible-pointer-types]
  else gtk_toggle_button_set_active(input,FALSE);
                                    ^~~~~
In file included from /usr/include/gtk-2.0/gtk/gtkcheckbutton.h:35:0,
                 from /usr/include/gtk-2.0/gtk/gtk.h:66,
                 from callbacks.c:5:
/usr/include/gtk-2.0/gtk/gtktogglebutton.h:82:12: note: expected ‘GtkToggleButton * {aka struct _GtkToggleButton *}’ but argument is of type ‘GtkWidget * {aka struct _GtkWidget *}’
 void       gtk_toggle_button_set_active        (GtkToggleButton *toggle_button,
            ^~~~~~~~~~~~~~~~~~~~~~~~~~~~
callbacks.c:649:39: warning: passing argument 1 of ‘gtk_toggle_button_get_active’ from incompatible pointer type [-Wincompatible-pointer-types]
  bprenom=gtk_toggle_button_get_active(input);
                                       ^~~~~
In file included from /usr/include/gtk-2.0/gtk/gtkcheckbutton.h:35:0,
                 from /usr/include/gtk-2.0/gtk/gtk.h:66,
                 from callbacks.c:5:
/usr/include/gtk-2.0/gtk/gtktogglebutton.h:84:12: note: expected ‘GtkToggleButton * {aka struct _GtkToggleButton *}’ but argument is of type ‘GtkWidget * {aka struct _GtkWidget *}’
 gboolean   gtk_toggle_button_get_active        (GtkToggleButton *toggle_button);
            ^~~~~~~~~~~~~~~~~~~~~~~~~~~~
callbacks.c:651:24: warning: passing argument 1 of ‘lookup_widget’ from incompatible pointer type [-Wincompatible-pointer-types]
  input = lookup_widget(button, "citoyen_rechercher_email");
                        ^~~~~~
In file included from callbacks.c:9:0:
support.h:46:13: note: expected ‘GtkWidget * {aka struct _GtkWidget *}’ but argument is of type ‘GtkButton * {aka struct _GtkButton *}’
 GtkWidget*  lookup_widget              (GtkWidget       *widget,
             ^~~~~~~~~~~~~
callbacks.c:654:24: warning: passing argument 1 of ‘lookup_widget’ from incompatible pointer type [-Wincompatible-pointer-types]
  input = lookup_widget(button, "checkbutton4");
                        ^~~~~~
In file included from callbacks.c:9:0:
support.h:46:13: note: expected ‘GtkWidget * {aka struct _GtkWidget *}’ but argument is of type ‘GtkButton * {aka struct _GtkButton *}’
 GtkWidget*  lookup_widget              (GtkWidget       *widget,
             ^~~~~~~~~~~~~
callbacks.c:656:36: warning: passing argument 1 of ‘gtk_toggle_button_set_active’ from incompatible pointer type [-Wincompatible-pointer-types]
  else gtk_toggle_button_set_active(input,FALSE);
                                    ^~~~~
In file included from /usr/include/gtk-2.0/gtk/gtkcheckbutton.h:35:0,
                 from /usr/include/gtk-2.0/gtk/gtk.h:66,
                 from callbacks.c:5:
/usr/include/gtk-2.0/gtk/gtktogglebutton.h:82:12: note: expected ‘GtkToggleButton * {aka struct _GtkToggleButton *}’ but argument is of type ‘GtkWidget * {aka struct _GtkWidget *}’
 void       gtk_toggle_button_set_active        (GtkToggleButton *toggle_button,
            ^~~~~~~~~~~~~~~~~~~~~~~~~~~~
callbacks.c:657:38: warning: passing argument 1 of ‘gtk_toggle_button_get_active’ from incompatible pointer type [-Wincompatible-pointer-types]
  bemail=gtk_toggle_button_get_active(input);
                                      ^~~~~
In file included from /usr/include/gtk-2.0/gtk/gtkcheckbutton.h:35:0,
                 from /usr/include/gtk-2.0/gtk/gtk.h:66,
                 from callbacks.c:5:
/usr/include/gtk-2.0/gtk/gtktogglebutton.h:84:12: note: expected ‘GtkToggleButton * {aka struct _GtkToggleButton *}’ but argument is of type ‘GtkWidget * {aka struct _GtkWidget *}’
 gboolean   gtk_toggle_button_get_active        (GtkToggleButton *toggle_button);
            ^~~~~~~~~~~~~~~~~~~~~~~~~~~~
callbacks.c:659:24: warning: passing argument 1 of ‘lookup_widget’ from incompatible pointer type [-Wincompatible-pointer-types]
  input = lookup_widget(button, "citoyen_rechercher_telephone");
                        ^~~~~~
In file included from callbacks.c:9:0:
support.h:46:13: note: expected ‘GtkWidget * {aka struct _GtkWidget *}’ but argument is of type ‘GtkButton * {aka struct _GtkButton *}’
 GtkWidget*  lookup_widget              (GtkWidget       *widget,
             ^~~~~~~~~~~~~
callbacks.c:662:24: warning: passing argument 1 of ‘lookup_widget’ from incompatible pointer type [-Wincompatible-pointer-types]
  input = lookup_widget(button, "checkbutton5");
                        ^~~~~~
In file included from callbacks.c:9:0:
support.h:46:13: note: expected ‘GtkWidget * {aka struct _GtkWidget *}’ but argument is of type ‘GtkButton * {aka struct _GtkButton *}’
 GtkWidget*  lookup_widget              (GtkWidget       *widget,
             ^~~~~~~~~~~~~
callbacks.c:664:36: warning: passing argument 1 of ‘gtk_toggle_button_set_active’ from incompatible pointer type [-Wincompatible-pointer-types]
  else gtk_toggle_button_set_active(input,FALSE);
                                    ^~~~~
In file included from /usr/include/gtk-2.0/gtk/gtkcheckbutton.h:35:0,
                 from /usr/include/gtk-2.0/gtk/gtk.h:66,
                 from callbacks.c:5:
/usr/include/gtk-2.0/gtk/gtktogglebutton.h:82:12: note: expected ‘GtkToggleButton * {aka struct _GtkToggleButton *}’ but argument is of type ‘GtkWidget * {aka struct _GtkWidget *}’
 void       gtk_toggle_button_set_active        (GtkToggleButton *toggle_button,
            ^~~~~~~~~~~~~~~~~~~~~~~~~~~~
callbacks.c:665:37: warning: passing argument 1 of ‘gtk_toggle_button_get_active’ from incompatible pointer type [-Wincompatible-pointer-types]
  btele=gtk_toggle_button_get_active(input);
                                     ^~~~~
In file included from /usr/include/gtk-2.0/gtk/gtkcheckbutton.h:35:0,
                 from /usr/include/gtk-2.0/gtk/gtk.h:66,
                 from callbacks.c:5:
/usr/include/gtk-2.0/gtk/gtktogglebutton.h:84:12: note: expected ‘GtkToggleButton * {aka struct _GtkToggleButton *}’ but argument is of type ‘GtkWidget * {aka struct _GtkWidget *}’
 gboolean   gtk_toggle_button_get_active        (GtkToggleButton *toggle_button);
            ^~~~~~~~~~~~~~~~~~~~~~~~~~~~
callbacks.c:667:24: warning: passing argument 1 of ‘lookup_widget’ from incompatible pointer type [-Wincompatible-pointer-types]
  input = lookup_widget(button, "citoyen_rechercher_adresse");
                        ^~~~~~
In file included from callbacks.c:9:0:
support.h:46:13: note: expected ‘GtkWidget * {aka struct _GtkWidget *}’ but argument is of type ‘GtkButton * {aka struct _GtkButton *}’
 GtkWidget*  lookup_widget              (GtkWidget       *widget,
             ^~~~~~~~~~~~~
callbacks.c:670:24: warning: passing argument 1 of ‘lookup_widget’ from incompatible pointer type [-Wincompatible-pointer-types]
  input = lookup_widget(button, "checkbutton6");
                        ^~~~~~
In file included from callbacks.c:9:0:
support.h:46:13: note: expected ‘GtkWidget * {aka struct _GtkWidget *}’ but argument is of type ‘GtkButton * {aka struct _GtkButton *}’
 GtkWidget*  lookup_widget              (GtkWidget       *widget,
             ^~~~~~~~~~~~~
callbacks.c:672:36: warning: passing argument 1 of ‘gtk_toggle_button_set_active’ from incompatible pointer type [-Wincompatible-pointer-types]
  else gtk_toggle_button_set_active(input,FALSE);
                                    ^~~~~
In file included from /usr/include/gtk-2.0/gtk/gtkcheckbutton.h:35:0,
                 from /usr/include/gtk-2.0/gtk/gtk.h:66,
                 from callbacks.c:5:
/usr/include/gtk-2.0/gtk/gtktogglebutton.h:82:12: note: expected ‘GtkToggleButton * {aka struct _GtkToggleButton *}’ but argument is of type ‘GtkWidget * {aka struct _GtkWidget *}’
 void       gtk_toggle_button_set_active        (GtkToggleButton *toggle_button,
            ^~~~~~~~~~~~~~~~~~~~~~~~~~~~
callbacks.c:673:40: warning: passing argument 1 of ‘gtk_toggle_button_get_active’ from incompatible pointer type [-Wincompatible-pointer-types]
  badresse=gtk_toggle_button_get_active(input);
                                        ^~~~~
In file included from /usr/include/gtk-2.0/gtk/gtkcheckbutton.h:35:0,
                 from /usr/include/gtk-2.0/gtk/gtk.h:66,
                 from callbacks.c:5:
/usr/include/gtk-2.0/gtk/gtktogglebutton.h:84:12: note: expected ‘GtkToggleButton * {aka struct _GtkToggleButton *}’ but argument is of type ‘GtkWidget * {aka struct _GtkWidget *}’
 gboolean   gtk_toggle_button_get_active        (GtkToggleButton *toggle_button);
            ^~~~~~~~~~~~~~~~~~~~~~~~~~~~
callbacks.c:678:35: warning: passing argument 1 of ‘lookup_widget’ from incompatible pointer type [-Wincompatible-pointer-types]
  GtkWidget *liste = lookup_widget(button, "citoyen_rechercher_treeview");
                                   ^~~~~~
In file included from callbacks.c:9:0:
support.h:46:13: note: expected ‘GtkWidget * {aka struct _GtkWidget *}’ but argument is of type ‘GtkButton * {aka struct _GtkButton *}’
 GtkWidget*  lookup_widget              (GtkWidget       *widget,
             ^~~~~~~~~~~~~
callbacks.c:699:32: warning: passing argument 1 of ‘gtk_tree_view_get_model’ from incompatible pointer type [-Wincompatible-pointer-types]
  store=gtk_tree_view_get_model(liste);
                                ^~~~~
In file included from /usr/include/gtk-2.0/gtk/gtkcombobox.h:29:0,
                 from /usr/include/gtk-2.0/gtk/gtk.h:72,
                 from callbacks.c:5:
/usr/include/gtk-2.0/gtk/gtktreeview.h:145:24: note: expected ‘GtkTreeView * {aka struct _GtkTreeView *}’ but argument is of type ‘GtkWidget * {aka struct _GtkWidget *}’
 GtkTreeModel          *gtk_tree_view_get_model                     (GtkTreeView               *tree_view);
                        ^~~~~~~~~~~~~~~~~~~~~~~
callbacks.c:699:7: warning: assignment from incompatible pointer type [-Wincompatible-pointer-types]
  store=gtk_tree_view_get_model(liste);
       ^
callbacks.c: In function ‘on_citoyen_calculer_button_clicked’:
callbacks.c:784:24: warning: passing argument 1 of ‘lookup_widget’ from incompatible pointer type [-Wincompatible-pointer-types]
  input = lookup_widget(button, "citoyen_calculer_id");
                        ^~~~~~
In file included from callbacks.c:9:0:
support.h:46:13: note: expected ‘GtkWidget * {aka struct _GtkWidget *}’ but argument is of type ‘GtkButton * {aka struct _GtkButton *}’
 GtkWidget*  lookup_widget              (GtkWidget       *widget,
             ^~~~~~~~~~~~~
In file included from /usr/include/glib-2.0/gobject/gobject.h:24:0,
                 from /usr/include/glib-2.0/gobject/gbinding.h:29,
                 from /usr/include/glib-2.0/glib-object.h:23,
                 from /usr/include/glib-2.0/gio/gioenums.h:28,
                 from /usr/include/glib-2.0/gio/giotypes.h:28,
                 from /usr/include/glib-2.0/gio/gio.h:26,
                 from /usr/include/gtk-2.0/gdk/gdkapplaunchcontext.h:30,
                 from /usr/include/gtk-2.0/gdk/gdk.h:32,
                 from /usr/include/gtk-2.0/gtk/gtk.h:32,
                 from callbacks.c:5:
callbacks.c:788:80: warning: passing argument 1 of ‘gtk_widget_get_toplevel’ from incompatible pointer type [-Wincompatible-pointer-types]
  GtkWidget *dialog = gtk_message_dialog_new(GTK_WINDOW(gtk_widget_get_toplevel(button)),
                                                                                ^
/usr/include/glib-2.0/gobject/gtype.h:2224:57: note: in definition of macro ‘_G_TYPE_CIC’
     ((ct*) g_type_check_instance_cast ((GTypeInstance*) ip, gt))
                                                         ^~
/usr/include/gtk-2.0/gtk/gtkwindow.h:42:28: note: in expansion of macro ‘G_TYPE_CHECK_INSTANCE_CAST’
 #define GTK_WINDOW(obj)   (G_TYPE_CHECK_INSTANCE_CAST ((obj), GTK_TYPE_WINDOW, GtkWindow))
                            ^~~~~~~~~~~~~~~~~~~~~~~~~~
callbacks.c:788:45: note: in expansion of macro ‘GTK_WINDOW’
  GtkWidget *dialog = gtk_message_dialog_new(GTK_WINDOW(gtk_widget_get_toplevel(button)),
                                             ^~~~~~~~~~
In file included from /usr/include/gtk-2.0/gtk/gtkcontainer.h:35:0,
                 from /usr/include/gtk-2.0/gtk/gtkbin.h:35,
                 from /usr/include/gtk-2.0/gtk/gtkwindow.h:36,
                 from /usr/include/gtk-2.0/gtk/gtkdialog.h:35,
                 from /usr/include/gtk-2.0/gtk/gtkaboutdialog.h:32,
                 from /usr/include/gtk-2.0/gtk/gtk.h:33,
                 from callbacks.c:5:
/usr/include/gtk-2.0/gtk/gtkwidget.h:1050:14: note: expected ‘GtkWidget * {aka struct _GtkWidget *}’ but argument is of type ‘GtkButton * {aka struct _GtkButton *}’
 GtkWidget*   gtk_widget_get_toplevel (GtkWidget *widget);
              ^~~~~~~~~~~~~~~~~~~~~~~
In file included from /usr/include/glib-2.0/gobject/gobject.h:24:0,
                 from /usr/include/glib-2.0/gobject/gbinding.h:29,
                 from /usr/include/glib-2.0/glib-object.h:23,
                 from /usr/include/glib-2.0/gio/gioenums.h:28,
                 from /usr/include/glib-2.0/gio/giotypes.h:28,
                 from /usr/include/glib-2.0/gio/gio.h:26,
                 from /usr/include/gtk-2.0/gdk/gdkapplaunchcontext.h:30,
                 from /usr/include/gtk-2.0/gdk/gdk.h:32,
                 from /usr/include/gtk-2.0/gtk/gtk.h:32,
                 from callbacks.c:5:
callbacks.c:799:81: warning: passing argument 1 of ‘gtk_widget_get_toplevel’ from incompatible pointer type [-Wincompatible-pointer-types]
   GtkWidget *dialog = gtk_message_dialog_new(GTK_WINDOW(gtk_widget_get_toplevel(button)),
                                                                                 ^
/usr/include/glib-2.0/gobject/gtype.h:2224:57: note: in definition of macro ‘_G_TYPE_CIC’
     ((ct*) g_type_check_instance_cast ((GTypeInstance*) ip, gt))
                                                         ^~
/usr/include/gtk-2.0/gtk/gtkwindow.h:42:28: note: in expansion of macro ‘G_TYPE_CHECK_INSTANCE_CAST’
 #define GTK_WINDOW(obj)   (G_TYPE_CHECK_INSTANCE_CAST ((obj), GTK_TYPE_WINDOW, GtkWindow))
                            ^~~~~~~~~~~~~~~~~~~~~~~~~~
callbacks.c:799:46: note: in expansion of macro ‘GTK_WINDOW’
   GtkWidget *dialog = gtk_message_dialog_new(GTK_WINDOW(gtk_widget_get_toplevel(button)),
                                              ^~~~~~~~~~
In file included from /usr/include/gtk-2.0/gtk/gtkcontainer.h:35:0,
                 from /usr/include/gtk-2.0/gtk/gtkbin.h:35,
                 from /usr/include/gtk-2.0/gtk/gtkwindow.h:36,
                 from /usr/include/gtk-2.0/gtk/gtkdialog.h:35,
                 from /usr/include/gtk-2.0/gtk/gtkaboutdialog.h:32,
                 from /usr/include/gtk-2.0/gtk/gtk.h:33,
                 from callbacks.c:5:
/usr/include/gtk-2.0/gtk/gtkwidget.h:1050:14: note: expected ‘GtkWidget * {aka struct _GtkWidget *}’ but argument is of type ‘GtkButton * {aka struct _GtkButton *}’
 GtkWidget*   gtk_widget_get_toplevel (GtkWidget *widget);
              ^~~~~~~~~~~~~~~~~~~~~~~
callbacks.c:808:22: warning: passing argument 1 of ‘lookup_widget’ from incompatible pointer type [-Wincompatible-pointer-types]
  input=lookup_widget(button,"citoyen_calculer_mois");
                      ^~~~~~
In file included from callbacks.c:9:0:
support.h:46:13: note: expected ‘GtkWidget * {aka struct _GtkWidget *}’ but argument is of type ‘GtkButton * {aka struct _GtkButton *}’
 GtkWidget*  lookup_widget              (GtkWidget       *widget,
             ^~~~~~~~~~~~~
callbacks.c:810:22: warning: passing argument 1 of ‘lookup_widget’ from incompatible pointer type [-Wincompatible-pointer-types]
  input=lookup_widget(button,"citoyen_calculer_annee");
                      ^~~~~~
In file included from callbacks.c:9:0:
support.h:46:13: note: expected ‘GtkWidget * {aka struct _GtkWidget *}’ but argument is of type ‘GtkButton * {aka struct _GtkButton *}’
 GtkWidget*  lookup_widget              (GtkWidget       *widget,
             ^~~~~~~~~~~~~
callbacks.c:815:35: warning: passing argument 1 of ‘lookup_widget’ from incompatible pointer type [-Wincompatible-pointer-types]
  GtkWidget *liste = lookup_widget(button, "citoyen_calculer_treeview");
                                   ^~~~~~
In file included from callbacks.c:9:0:
support.h:46:13: note: expected ‘GtkWidget * {aka struct _GtkWidget *}’ but argument is of type ‘GtkButton * {aka struct _GtkButton *}’
 GtkWidget*  lookup_widget              (GtkWidget       *widget,
             ^~~~~~~~~~~~~
callbacks.c:830:32: warning: passing argument 1 of ‘gtk_tree_view_get_model’ from incompatible pointer type [-Wincompatible-pointer-types]
  store=gtk_tree_view_get_model(liste);
                                ^~~~~
In file included from /usr/include/gtk-2.0/gtk/gtkcombobox.h:29:0,
                 from /usr/include/gtk-2.0/gtk/gtk.h:72,
                 from callbacks.c:5:
/usr/include/gtk-2.0/gtk/gtktreeview.h:145:24: note: expected ‘GtkTreeView * {aka struct _GtkTreeView *}’ but argument is of type ‘GtkWidget * {aka struct _GtkWidget *}’
 GtkTreeModel          *gtk_tree_view_get_model                     (GtkTreeView               *tree_view);
                        ^~~~~~~~~~~~~~~~~~~~~~~
callbacks.c:830:7: warning: assignment from incompatible pointer type [-Wincompatible-pointer-types]
  store=gtk_tree_view_get_model(liste);
       ^
callbacks.c: In function ‘on_button23_clicked’:
callbacks.c:935:35: warning: passing argument 1 of ‘gtk_toggle_button_get_active’ from incompatible pointer type [-Wincompatible-pointer-types]
  if (gtk_toggle_button_get_active(input)) a.type[0]='o';
                                   ^~~~~
In file included from /usr/include/gtk-2.0/gtk/gtkcheckbutton.h:35:0,
                 from /usr/include/gtk-2.0/gtk/gtk.h:66,
                 from callbacks.c:5:
/usr/include/gtk-2.0/gtk/gtktogglebutton.h:84:12: note: expected ‘GtkToggleButton * {aka struct _GtkToggleButton *}’ but argument is of type ‘GtkWidget * {aka struct _GtkWidget *}’
 gboolean   gtk_toggle_button_get_active        (GtkToggleButton *toggle_button);
            ^~~~~~~~~~~~~~~~~~~~~~~~~~~~
callbacks.c:938:35: warning: passing argument 1 of ‘gtk_toggle_button_get_active’ from incompatible pointer type [-Wincompatible-pointer-types]
  if (gtk_toggle_button_get_active(input)) a.type[1]='o';
                                   ^~~~~
In file included from /usr/include/gtk-2.0/gtk/gtkcheckbutton.h:35:0,
                 from /usr/include/gtk-2.0/gtk/gtk.h:66,
                 from callbacks.c:5:
/usr/include/gtk-2.0/gtk/gtktogglebutton.h:84:12: note: expected ‘GtkToggleButton * {aka struct _GtkToggleButton *}’ but argument is of type ‘GtkWidget * {aka struct _GtkWidget *}’
 gboolean   gtk_toggle_button_get_active        (GtkToggleButton *toggle_button);
            ^~~~~~~~~~~~~~~~~~~~~~~~~~~~
callbacks.c:942:35: warning: passing argument 1 of ‘gtk_toggle_button_get_active’ from incompatible pointer type [-Wincompatible-pointer-types]
  if (gtk_toggle_button_get_active(input)) a.sexe='h';
                                   ^~~~~
In file included from /usr/include/gtk-2.0/gtk/gtkcheckbutton.h:35:0,
                 from /usr/include/gtk-2.0/gtk/gtk.h:66,
                 from callbacks.c:5:
/usr/include/gtk-2.0/gtk/gtktogglebutton.h:84:12: note: expected ‘GtkToggleButton * {aka struct _GtkToggleButton *}’ but argument is of type ‘GtkWidget * {aka struct _GtkWidget *}’
 gboolean   gtk_toggle_button_get_active        (GtkToggleButton *toggle_button);
            ^~~~~~~~~~~~~~~~~~~~~~~~~~~~
callbacks.c:957:3: warning: format not a string literal and no format arguments [-Wformat-security]
   tmp);
   ^~~
callbacks.c: In function ‘on_button68_clicked’:
callbacks.c:974:24: warning: passing argument 1 of ‘lookup_widget’ from incompatible pointer type [-Wincompatible-pointer-types]
  input = lookup_widget(affiche, "entry58");
                        ^~~~~~~
In file included from callbacks.c:9:0:
support.h:46:13: note: expected ‘GtkWidget * {aka struct _GtkWidget *}’ but argument is of type ‘GtkButton * {aka struct _GtkButton *}’
 GtkWidget*  lookup_widget              (GtkWidget       *widget,
             ^~~~~~~~~~~~~
In file included from /usr/include/glib-2.0/gobject/gobject.h:24:0,
                 from /usr/include/glib-2.0/gobject/gbinding.h:29,
                 from /usr/include/glib-2.0/glib-object.h:23,
                 from /usr/include/glib-2.0/gio/gioenums.h:28,
                 from /usr/include/glib-2.0/gio/giotypes.h:28,
                 from /usr/include/glib-2.0/gio/gio.h:26,
                 from /usr/include/gtk-2.0/gdk/gdkapplaunchcontext.h:30,
                 from /usr/include/gtk-2.0/gdk/gdk.h:32,
                 from /usr/include/gtk-2.0/gtk/gtk.h:32,
                 from callbacks.c:5:
callbacks.c:978:81: warning: passing argument 1 of ‘gtk_widget_get_toplevel’ from incompatible pointer type [-Wincompatible-pointer-types]
   GtkWidget *dialog = gtk_message_dialog_new(GTK_WINDOW(gtk_widget_get_toplevel(affiche)),
                                                                                 ^
/usr/include/glib-2.0/gobject/gtype.h:2224:57: note: in definition of macro ‘_G_TYPE_CIC’
     ((ct*) g_type_check_instance_cast ((GTypeInstance*) ip, gt))
                                                         ^~
/usr/include/gtk-2.0/gtk/gtkwindow.h:42:28: note: in expansion of macro ‘G_TYPE_CHECK_INSTANCE_CAST’
 #define GTK_WINDOW(obj)   (G_TYPE_CHECK_INSTANCE_CAST ((obj), GTK_TYPE_WINDOW, GtkWindow))
                            ^~~~~~~~~~~~~~~~~~~~~~~~~~
callbacks.c:978:46: note: in expansion of macro ‘GTK_WINDOW’
   GtkWidget *dialog = gtk_message_dialog_new(GTK_WINDOW(gtk_widget_get_toplevel(affiche)),
                                              ^~~~~~~~~~
In file included from /usr/include/gtk-2.0/gtk/gtkcontainer.h:35:0,
                 from /usr/include/gtk-2.0/gtk/gtkbin.h:35,
                 from /usr/include/gtk-2.0/gtk/gtkwindow.h:36,
                 from /usr/include/gtk-2.0/gtk/gtkdialog.h:35,
                 from /usr/include/gtk-2.0/gtk/gtkaboutdialog.h:32,
                 from /usr/include/gtk-2.0/gtk/gtk.h:33,
                 from callbacks.c:5:
/usr/include/gtk-2.0/gtk/gtkwidget.h:1050:14: note: expected ‘GtkWidget * {aka struct _GtkWidget *}’ but argument is of type ‘GtkButton * {aka struct _GtkButton *}’
 GtkWidget*   gtk_widget_get_toplevel (GtkWidget *widget);
              ^~~~~~~~~~~~~~~~~~~~~~~
In file included from /usr/include/glib-2.0/gobject/gobject.h:24:0,
                 from /usr/include/glib-2.0/gobject/gbinding.h:29,
                 from /usr/include/glib-2.0/glib-object.h:23,
                 from /usr/include/glib-2.0/gio/gioenums.h:28,
                 from /usr/include/glib-2.0/gio/giotypes.h:28,
                 from /usr/include/glib-2.0/gio/gio.h:26,
                 from /usr/include/gtk-2.0/gdk/gdkapplaunchcontext.h:30,
                 from /usr/include/gtk-2.0/gdk/gdk.h:32,
                 from /usr/include/gtk-2.0/gtk/gtk.h:32,
                 from callbacks.c:5:
callbacks.c:989:81: warning: passing argument 1 of ‘gtk_widget_get_toplevel’ from incompatible pointer type [-Wincompatible-pointer-types]
   GtkWidget *dialog = gtk_message_dialog_new(GTK_WINDOW(gtk_widget_get_toplevel(affiche)),
                                                                                 ^
/usr/include/glib-2.0/gobject/gtype.h:2224:57: note: in definition of macro ‘_G_TYPE_CIC’
     ((ct*) g_type_check_instance_cast ((GTypeInstance*) ip, gt))
                                                         ^~
/usr/include/gtk-2.0/gtk/gtkwindow.h:42:28: note: in expansion of macro ‘G_TYPE_CHECK_INSTANCE_CAST’
 #define GTK_WINDOW(obj)   (G_TYPE_CHECK_INSTANCE_CAST ((obj), GTK_TYPE_WINDOW, GtkWindow))
                            ^~~~~~~~~~~~~~~~~~~~~~~~~~
callbacks.c:989:46: note: in expansion of macro ‘GTK_WINDOW’
   GtkWidget *dialog = gtk_message_dialog_new(GTK_WINDOW(gtk_widget_get_toplevel(affiche)),
                                              ^~~~~~~~~~
In file included from /usr/include/gtk-2.0/gtk/gtkcontainer.h:35:0,
                 from /usr/include/gtk-2.0/gtk/gtkbin.h:35,
                 from /usr/include/gtk-2.0/gtk/gtkwindow.h:36,
                 from /usr/include/gtk-2.0/gtk/gtkdialog.h:35,
                 from /usr/include/gtk-2.0/gtk/gtkaboutdialog.h:32,
                 from /usr/include/gtk-2.0/gtk/gtk.h:33,
                 from callbacks.c:5:
/usr/include/gtk-2.0/gtk/gtkwidget.h:1050:14: note: expected ‘GtkWidget * {aka struct _GtkWidget *}’ but argument is of type ‘GtkButton * {aka struct _GtkButton *}’
 GtkWidget*   gtk_widget_get_toplevel (GtkWidget *widget);
              ^~~~~~~~~~~~~~~~~~~~~~~
callbacks.c:1001:25: warning: passing argument 1 of ‘lookup_widget’ from incompatible pointer type [-Wincompatible-pointer-types]
  output = lookup_widget(affiche, "label357") ;
                         ^~~~~~~
In file included from callbacks.c:9:0:
support.h:46:13: note: expected ‘GtkWidget * {aka struct _GtkWidget *}’ but argument is of type ‘GtkButton * {aka struct _GtkButton *}’
 GtkWidget*  lookup_widget              (GtkWidget       *widget,
             ^~~~~~~~~~~~~
callbacks.c:1003:25: warning: passing argument 1 of ‘lookup_widget’ from incompatible pointer type [-Wincompatible-pointer-types]
  output = lookup_widget(affiche, "entry52") ;
                         ^~~~~~~
In file included from callbacks.c:9:0:
support.h:46:13: note: expected ‘GtkWidget * {aka struct _GtkWidget *}’ but argument is of type ‘GtkButton * {aka struct _GtkButton *}’
 GtkWidget*  lookup_widget              (GtkWidget       *widget,
             ^~~~~~~~~~~~~
callbacks.c:1007:25: warning: passing argument 1 of ‘lookup_widget’ from incompatible pointer type [-Wincompatible-pointer-types]
  output = lookup_widget(affiche, "label358") ;
                         ^~~~~~~
In file included from callbacks.c:9:0:
support.h:46:13: note: expected ‘GtkWidget * {aka struct _GtkWidget *}’ but argument is of type ‘GtkButton * {aka struct _GtkButton *}’
 GtkWidget*  lookup_widget              (GtkWidget       *widget,
             ^~~~~~~~~~~~~
callbacks.c:1009:25: warning: passing argument 1 of ‘lookup_widget’ from incompatible pointer type [-Wincompatible-pointer-types]
  output = lookup_widget(affiche, "entry55") ;
                         ^~~~~~~
In file included from callbacks.c:9:0:
support.h:46:13: note: expected ‘GtkWidget * {aka struct _GtkWidget *}’ but argument is of type ‘GtkButton * {aka struct _GtkButton *}’
 GtkWidget*  lookup_widget              (GtkWidget       *widget,
             ^~~~~~~~~~~~~
callbacks.c:1013:25: warning: passing argument 1 of ‘lookup_widget’ from incompatible pointer type [-Wincompatible-pointer-types]
  output = lookup_widget(affiche, "label359") ;
                         ^~~~~~~
In file included from callbacks.c:9:0:
support.h:46:13: note: expected ‘GtkWidget * {aka struct _GtkWidget *}’ but argument is of type ‘GtkButton * {aka struct _GtkButton *}’
 GtkWidget*  lookup_widget              (GtkWidget       *widget,
             ^~~~~~~~~~~~~
callbacks.c:1015:25: warning: passing argument 1 of ‘lookup_widget’ from incompatible pointer type [-Wincompatible-pointer-types]
  output = lookup_widget(affiche, "entry56") ;
                         ^~~~~~~
In file included from callbacks.c:9:0:
support.h:46:13: note: expected ‘GtkWidget * {aka struct _GtkWidget *}’ but argument is of type ‘GtkButton * {aka struct _GtkButton *}’
 GtkWidget*  lookup_widget              (GtkWidget       *widget,
             ^~~~~~~~~~~~~
callbacks.c:1019:25: warning: passing argument 1 of ‘lookup_widget’ from incompatible pointer type [-Wincompatible-pointer-types]
  output = lookup_widget(affiche, "label360") ;
                         ^~~~~~~
In file included from callbacks.c:9:0:
support.h:46:13: note: expected ‘GtkWidget * {aka struct _GtkWidget *}’ but argument is of type ‘GtkButton * {aka struct _GtkButton *}’
 GtkWidget*  lookup_widget              (GtkWidget       *widget,
             ^~~~~~~~~~~~~
callbacks.c:1021:25: warning: passing argument 1 of ‘lookup_widget’ from incompatible pointer type [-Wincompatible-pointer-types]
  output = lookup_widget(affiche, "spinbutton28") ;
                         ^~~~~~~
In file included from callbacks.c:9:0:
support.h:46:13: note: expected ‘GtkWidget * {aka struct _GtkWidget *}’ but argument is of type ‘GtkButton * {aka struct _GtkButton *}’
 GtkWidget*  lookup_widget              (GtkWidget       *widget,
             ^~~~~~~~~~~~~
callbacks.c:1025:25: warning: passing argument 1 of ‘lookup_widget’ from incompatible pointer type [-Wincompatible-pointer-types]
  output = lookup_widget(affiche, "label361") ;
                         ^~~~~~~
In file included from callbacks.c:9:0:
support.h:46:13: note: expected ‘GtkWidget * {aka struct _GtkWidget *}’ but argument is of type ‘GtkButton * {aka struct _GtkButton *}’
 GtkWidget*  lookup_widget              (GtkWidget       *widget,
             ^~~~~~~~~~~~~
callbacks.c:1027:25: warning: passing argument 1 of ‘lookup_widget’ from incompatible pointer type [-Wincompatible-pointer-types]
  output = lookup_widget(affiche, "entry57") ;
                         ^~~~~~~
In file included from callbacks.c:9:0:
support.h:46:13: note: expected ‘GtkWidget * {aka struct _GtkWidget *}’ but argument is of type ‘GtkButton * {aka struct _GtkButton *}’
 GtkWidget*  lookup_widget              (GtkWidget       *widget,
             ^~~~~~~~~~~~~
callbacks.c:1030:25: warning: passing argument 1 of ‘lookup_widget’ from incompatible pointer type [-Wincompatible-pointer-types]
  output = lookup_widget(affiche, "label362") ;
                         ^~~~~~~
In file included from callbacks.c:9:0:
support.h:46:13: note: expected ‘GtkWidget * {aka struct _GtkWidget *}’ but argument is of type ‘GtkButton * {aka struct _GtkButton *}’
 GtkWidget*  lookup_widget              (GtkWidget       *widget,
             ^~~~~~~~~~~~~
callbacks.c:1033:23: warning: passing argument 1 of ‘lookup_widget’ from incompatible pointer type [-Wincompatible-pointer-types]
  output=lookup_widget(affiche,"spinbutton30");
                       ^~~~~~~
In file included from callbacks.c:9:0:
support.h:46:13: note: expected ‘GtkWidget * {aka struct _GtkWidget *}’ but argument is of type ‘GtkButton * {aka struct _GtkButton *}’
 GtkWidget*  lookup_widget              (GtkWidget       *widget,
             ^~~~~~~~~~~~~
callbacks.c:1035:23: warning: passing argument 1 of ‘lookup_widget’ from incompatible pointer type [-Wincompatible-pointer-types]
  output=lookup_widget(affiche,"spinbutton31");
                       ^~~~~~~
In file included from callbacks.c:9:0:
support.h:46:13: note: expected ‘GtkWidget * {aka struct _GtkWidget *}’ but argument is of type ‘GtkButton * {aka struct _GtkButton *}’
 GtkWidget*  lookup_widget              (GtkWidget       *widget,
             ^~~~~~~~~~~~~
callbacks.c:1037:23: warning: passing argument 1 of ‘lookup_widget’ from incompatible pointer type [-Wincompatible-pointer-types]
  output=lookup_widget(affiche,"spinbutton32");
                       ^~~~~~~
In file included from callbacks.c:9:0:
support.h:46:13: note: expected ‘GtkWidget * {aka struct _GtkWidget *}’ but argument is of type ‘GtkButton * {aka struct _GtkButton *}’
 GtkWidget*  lookup_widget              (GtkWidget       *widget,
             ^~~~~~~~~~~~~
callbacks.c:1041:25: warning: passing argument 1 of ‘lookup_widget’ from incompatible pointer type [-Wincompatible-pointer-types]
  output = lookup_widget(affiche, "label363") ;
                         ^~~~~~~
In file included from callbacks.c:9:0:
support.h:46:13: note: expected ‘GtkWidget * {aka struct _GtkWidget *}’ but argument is of type ‘GtkButton * {aka struct _GtkButton *}’
 GtkWidget*  lookup_widget              (GtkWidget       *widget,
             ^~~~~~~~~~~~~
callbacks.c:1043:25: warning: passing argument 1 of ‘lookup_widget’ from incompatible pointer type [-Wincompatible-pointer-types]
  output = lookup_widget(affiche, "combobox11");
                         ^~~~~~~
In file included from callbacks.c:9:0:
support.h:46:13: note: expected ‘GtkWidget * {aka struct _GtkWidget *}’ but argument is of type ‘GtkButton * {aka struct _GtkButton *}’
 GtkWidget*  lookup_widget              (GtkWidget       *widget,
             ^~~~~~~~~~~~~
callbacks.c:1052:25: warning: passing argument 1 of ‘lookup_widget’ from incompatible pointer type [-Wincompatible-pointer-types]
  output = lookup_widget(affiche, "checkbutton16") ;
                         ^~~~~~~
In file included from callbacks.c:9:0:
support.h:46:13: note: expected ‘GtkWidget * {aka struct _GtkWidget *}’ but argument is of type ‘GtkButton * {aka struct _GtkButton *}’
 GtkWidget*  lookup_widget              (GtkWidget       *widget,
             ^~~~~~~~~~~~~
callbacks.c:1056:32: warning: passing argument 1 of ‘gtk_toggle_button_set_active’ from incompatible pointer type [-Wincompatible-pointer-types]
   gtk_toggle_button_set_active(output,TRUE);
                                ^~~~~~
In file included from /usr/include/gtk-2.0/gtk/gtkcheckbutton.h:35:0,
                 from /usr/include/gtk-2.0/gtk/gtk.h:66,
                 from callbacks.c:5:
/usr/include/gtk-2.0/gtk/gtktogglebutton.h:82:12: note: expected ‘GtkToggleButton * {aka struct _GtkToggleButton *}’ but argument is of type ‘GtkWidget * {aka struct _GtkWidget *}’
 void       gtk_toggle_button_set_active        (GtkToggleButton *toggle_button,
            ^~~~~~~~~~~~~~~~~~~~~~~~~~~~
callbacks.c:1061:32: warning: passing argument 1 of ‘gtk_toggle_button_set_active’ from incompatible pointer type [-Wincompatible-pointer-types]
   gtk_toggle_button_set_active(output,FALSE);
                                ^~~~~~
In file included from /usr/include/gtk-2.0/gtk/gtkcheckbutton.h:35:0,
                 from /usr/include/gtk-2.0/gtk/gtk.h:66,
                 from callbacks.c:5:
/usr/include/gtk-2.0/gtk/gtktogglebutton.h:82:12: note: expected ‘GtkToggleButton * {aka struct _GtkToggleButton *}’ but argument is of type ‘GtkWidget * {aka struct _GtkWidget *}’
 void       gtk_toggle_button_set_active        (GtkToggleButton *toggle_button,
            ^~~~~~~~~~~~~~~~~~~~~~~~~~~~
callbacks.c:1064:25: warning: passing argument 1 of ‘lookup_widget’ from incompatible pointer type [-Wincompatible-pointer-types]
  output = lookup_widget(affiche, "checkbutton17") ;
                         ^~~~~~~
In file included from callbacks.c:9:0:
support.h:46:13: note: expected ‘GtkWidget * {aka struct _GtkWidget *}’ but argument is of type ‘GtkButton * {aka struct _GtkButton *}’
 GtkWidget*  lookup_widget              (GtkWidget       *widget,
             ^~~~~~~~~~~~~
callbacks.c:1068:32: warning: passing argument 1 of ‘gtk_toggle_button_set_active’ from incompatible pointer type [-Wincompatible-pointer-types]
   gtk_toggle_button_set_active(output,TRUE);
                                ^~~~~~
In file included from /usr/include/gtk-2.0/gtk/gtkcheckbutton.h:35:0,
                 from /usr/include/gtk-2.0/gtk/gtk.h:66,
                 from callbacks.c:5:
/usr/include/gtk-2.0/gtk/gtktogglebutton.h:82:12: note: expected ‘GtkToggleButton * {aka struct _GtkToggleButton *}’ but argument is of type ‘GtkWidget * {aka struct _GtkWidget *}’
 void       gtk_toggle_button_set_active        (GtkToggleButton *toggle_button,
            ^~~~~~~~~~~~~~~~~~~~~~~~~~~~
callbacks.c:1073:32: warning: passing argument 1 of ‘gtk_toggle_button_set_active’ from incompatible pointer type [-Wincompatible-pointer-types]
   gtk_toggle_button_set_active(output,FALSE);
                                ^~~~~~
In file included from /usr/include/gtk-2.0/gtk/gtkcheckbutton.h:35:0,
                 from /usr/include/gtk-2.0/gtk/gtk.h:66,
                 from callbacks.c:5:
/usr/include/gtk-2.0/gtk/gtktogglebutton.h:82:12: note: expected ‘GtkToggleButton * {aka struct _GtkToggleButton *}’ but argument is of type ‘GtkWidget * {aka struct _GtkWidget *}’
 void       gtk_toggle_button_set_active        (GtkToggleButton *toggle_button,
            ^~~~~~~~~~~~~~~~~~~~~~~~~~~~
callbacks.c:1075:25: warning: passing argument 1 of ‘lookup_widget’ from incompatible pointer type [-Wincompatible-pointer-types]
  output = lookup_widget(affiche, "label364");
                         ^~~~~~~
In file included from callbacks.c:9:0:
support.h:46:13: note: expected ‘GtkWidget * {aka struct _GtkWidget *}’ but argument is of type ‘GtkButton * {aka struct _GtkButton *}’
 GtkWidget*  lookup_widget              (GtkWidget       *widget,
             ^~~~~~~~~~~~~
callbacks.c:1078:25: warning: passing argument 1 of ‘lookup_widget’ from incompatible pointer type [-Wincompatible-pointer-types]
  output = lookup_widget(affiche, "label365") ;
                         ^~~~~~~
In file included from callbacks.c:9:0:
support.h:46:13: note: expected ‘GtkWidget * {aka struct _GtkWidget *}’ but argument is of type ‘GtkButton * {aka struct _GtkButton *}’
 GtkWidget*  lookup_widget              (GtkWidget       *widget,
             ^~~~~~~~~~~~~
callbacks.c:1081:26: warning: passing argument 1 of ‘lookup_widget’ from incompatible pointer type [-Wincompatible-pointer-types]
   output = lookup_widget(affiche, "radiobutton27") ;
                          ^~~~~~~
In file included from callbacks.c:9:0:
support.h:46:13: note: expected ‘GtkWidget * {aka struct _GtkWidget *}’ but argument is of type ‘GtkButton * {aka struct _GtkButton *}’
 GtkWidget*  lookup_widget              (GtkWidget       *widget,
             ^~~~~~~~~~~~~
In file included from /usr/include/gtk-2.0/gtk/gtk.h:145:0,
                 from callbacks.c:5:
/usr/include/gtk-2.0/gtk/gtkradiobutton.h:41:39: warning: passing argument 1 of ‘gtk_toggle_button_set_active’ from incompatible pointer type [-Wincompatible-pointer-types]
 #define GTK_RADIO_BUTTON(obj)         (G_TYPE_CHECK_INSTANCE_CAST ((obj), GTK_TYPE_RADIO_BUTTON, GtkRadioButton))
                                       ^
callbacks.c:1082:32: note: in expansion of macro ‘GTK_RADIO_BUTTON’
   gtk_toggle_button_set_active(GTK_RADIO_BUTTON(output),TRUE);
                                ^~~~~~~~~~~~~~~~
In file included from /usr/include/gtk-2.0/gtk/gtkcheckbutton.h:35:0,
                 from /usr/include/gtk-2.0/gtk/gtk.h:66,
                 from callbacks.c:5:
/usr/include/gtk-2.0/gtk/gtktogglebutton.h:82:12: note: expected ‘GtkToggleButton * {aka struct _GtkToggleButton *}’ but argument is of type ‘GtkRadioButton * {aka struct _GtkRadioButton *}’
 void       gtk_toggle_button_set_active        (GtkToggleButton *toggle_button,
            ^~~~~~~~~~~~~~~~~~~~~~~~~~~~
callbacks.c:1086:26: warning: passing argument 1 of ‘lookup_widget’ from incompatible pointer type [-Wincompatible-pointer-types]
   output = lookup_widget(affiche, "radiobutton28") ;
                          ^~~~~~~
In file included from callbacks.c:9:0:
support.h:46:13: note: expected ‘GtkWidget * {aka struct _GtkWidget *}’ but argument is of type ‘GtkButton * {aka struct _GtkButton *}’
 GtkWidget*  lookup_widget              (GtkWidget       *widget,
             ^~~~~~~~~~~~~
In file included from /usr/include/gtk-2.0/gtk/gtk.h:145:0,
                 from callbacks.c:5:
/usr/include/gtk-2.0/gtk/gtkradiobutton.h:41:39: warning: passing argument 1 of ‘gtk_toggle_button_set_active’ from incompatible pointer type [-Wincompatible-pointer-types]
 #define GTK_RADIO_BUTTON(obj)         (G_TYPE_CHECK_INSTANCE_CAST ((obj), GTK_TYPE_RADIO_BUTTON, GtkRadioButton))
                                       ^
callbacks.c:1087:32: note: in expansion of macro ‘GTK_RADIO_BUTTON’
   gtk_toggle_button_set_active(GTK_RADIO_BUTTON(output),TRUE);
                                ^~~~~~~~~~~~~~~~
In file included from /usr/include/gtk-2.0/gtk/gtkcheckbutton.h:35:0,
                 from /usr/include/gtk-2.0/gtk/gtk.h:66,
                 from callbacks.c:5:
/usr/include/gtk-2.0/gtk/gtktogglebutton.h:82:12: note: expected ‘GtkToggleButton * {aka struct _GtkToggleButton *}’ but argument is of type ‘GtkRadioButton * {aka struct _GtkRadioButton *}’
 void       gtk_toggle_button_set_active        (GtkToggleButton *toggle_button,
            ^~~~~~~~~~~~~~~~~~~~~~~~~~~~
callbacks.c: In function ‘on_button25_clicked’:
callbacks.c:1163:35: warning: passing argument 1 of ‘gtk_toggle_button_get_active’ from incompatible pointer type [-Wincompatible-pointer-types]
  if (gtk_toggle_button_get_active(input)) a.type[0]='o';
                                   ^~~~~
In file included from /usr/include/gtk-2.0/gtk/gtkcheckbutton.h:35:0,
                 from /usr/include/gtk-2.0/gtk/gtk.h:66,
                 from callbacks.c:5:
/usr/include/gtk-2.0/gtk/gtktogglebutton.h:84:12: note: expected ‘GtkToggleButton * {aka struct _GtkToggleButton *}’ but argument is of type ‘GtkWidget * {aka struct _GtkWidget *}’
 gboolean   gtk_toggle_button_get_active        (GtkToggleButton *toggle_button);
            ^~~~~~~~~~~~~~~~~~~~~~~~~~~~
callbacks.c:1166:35: warning: passing argument 1 of ‘gtk_toggle_button_get_active’ from incompatible pointer type [-Wincompatible-pointer-types]
  if (gtk_toggle_button_get_active(input)) a.type[1]='o';
                                   ^~~~~
In file included from /usr/include/gtk-2.0/gtk/gtkcheckbutton.h:35:0,
                 from /usr/include/gtk-2.0/gtk/gtk.h:66,
                 from callbacks.c:5:
/usr/include/gtk-2.0/gtk/gtktogglebutton.h:84:12: note: expected ‘GtkToggleButton * {aka struct _GtkToggleButton *}’ but argument is of type ‘GtkWidget * {aka struct _GtkWidget *}’
 gboolean   gtk_toggle_button_get_active        (GtkToggleButton *toggle_button);
            ^~~~~~~~~~~~~~~~~~~~~~~~~~~~
callbacks.c:1170:35: warning: passing argument 1 of ‘gtk_toggle_button_get_active’ from incompatible pointer type [-Wincompatible-pointer-types]
  if (gtk_toggle_button_get_active(input)) a.sexe='h';
                                   ^~~~~
In file included from /usr/include/gtk-2.0/gtk/gtkcheckbutton.h:35:0,
                 from /usr/include/gtk-2.0/gtk/gtk.h:66,
                 from callbacks.c:5:
/usr/include/gtk-2.0/gtk/gtktogglebutton.h:84:12: note: expected ‘GtkToggleButton * {aka struct _GtkToggleButton *}’ but argument is of type ‘GtkWidget * {aka struct _GtkWidget *}’
 gboolean   gtk_toggle_button_get_active        (GtkToggleButton *toggle_button);
            ^~~~~~~~~~~~~~~~~~~~~~~~~~~~
callbacks.c:1185:3: warning: format not a string literal and no format arguments [-Wformat-security]
   tmp);
   ^~~
callbacks.c: In function ‘on_button70_clicked’:
callbacks.c:1214:32: warning: passing argument 1 of ‘gtk_tree_view_get_model’ from incompatible pointer type [-Wincompatible-pointer-types]
  store=gtk_tree_view_get_model(liste);
                                ^~~~~
In file included from /usr/include/gtk-2.0/gtk/gtkcombobox.h:29:0,
                 from /usr/include/gtk-2.0/gtk/gtk.h:72,
                 from callbacks.c:5:
/usr/include/gtk-2.0/gtk/gtktreeview.h:145:24: note: expected ‘GtkTreeView * {aka struct _GtkTreeView *}’ but argument is of type ‘GtkWidget * {aka struct _GtkWidget *}’
 GtkTreeModel          *gtk_tree_view_get_model                     (GtkTreeView               *tree_view);
                        ^~~~~~~~~~~~~~~~~~~~~~~
callbacks.c:1214:7: warning: assignment from incompatible pointer type [-Wincompatible-pointer-types]
  store=gtk_tree_view_get_model(liste);
       ^
callbacks.c: In function ‘on_button26_clicked’:
callbacks.c:1300:24: warning: passing argument 1 of ‘lookup_widget’ from incompatible pointer type [-Wincompatible-pointer-types]
  input = lookup_widget(button, "entry59");
                        ^~~~~~
In file included from callbacks.c:9:0:
support.h:46:13: note: expected ‘GtkWidget * {aka struct _GtkWidget *}’ but argument is of type ‘GtkButton * {aka struct _GtkButton *}’
 GtkWidget*  lookup_widget              (GtkWidget       *widget,
             ^~~~~~~~~~~~~
callbacks.c:1301:25: warning: passing argument 1 of ‘lookup_widget’ from incompatible pointer type [-Wincompatible-pointer-types]
  output = lookup_widget(button, "label173");
                         ^~~~~~
In file included from callbacks.c:9:0:
support.h:46:13: note: expected ‘GtkWidget * {aka struct _GtkWidget *}’ but argument is of type ‘GtkButton * {aka struct _GtkButton *}’
 GtkWidget*  lookup_widget              (GtkWidget       *widget,
             ^~~~~~~~~~~~~
In file included from /usr/include/glib-2.0/gobject/gobject.h:24:0,
                 from /usr/include/glib-2.0/gobject/gbinding.h:29,
                 from /usr/include/glib-2.0/glib-object.h:23,
                 from /usr/include/glib-2.0/gio/gioenums.h:28,
                 from /usr/include/glib-2.0/gio/giotypes.h:28,
                 from /usr/include/glib-2.0/gio/gio.h:26,
                 from /usr/include/gtk-2.0/gdk/gdkapplaunchcontext.h:30,
                 from /usr/include/gtk-2.0/gdk/gdk.h:32,
                 from /usr/include/gtk-2.0/gtk/gtk.h:32,
                 from callbacks.c:5:
callbacks.c:1305:81: warning: passing argument 1 of ‘gtk_widget_get_toplevel’ from incompatible pointer type [-Wincompatible-pointer-types]
   GtkWidget *dialog = gtk_message_dialog_new(GTK_WINDOW(gtk_widget_get_toplevel(button)),
                                                                                 ^
/usr/include/glib-2.0/gobject/gtype.h:2224:57: note: in definition of macro ‘_G_TYPE_CIC’
     ((ct*) g_type_check_instance_cast ((GTypeInstance*) ip, gt))
                                                         ^~
/usr/include/gtk-2.0/gtk/gtkwindow.h:42:28: note: in expansion of macro ‘G_TYPE_CHECK_INSTANCE_CAST’
 #define GTK_WINDOW(obj)   (G_TYPE_CHECK_INSTANCE_CAST ((obj), GTK_TYPE_WINDOW, GtkWindow))
                            ^~~~~~~~~~~~~~~~~~~~~~~~~~
callbacks.c:1305:46: note: in expansion of macro ‘GTK_WINDOW’
   GtkWidget *dialog = gtk_message_dialog_new(GTK_WINDOW(gtk_widget_get_toplevel(button)),
                                              ^~~~~~~~~~
In file included from /usr/include/gtk-2.0/gtk/gtkcontainer.h:35:0,
                 from /usr/include/gtk-2.0/gtk/gtkbin.h:35,
                 from /usr/include/gtk-2.0/gtk/gtkwindow.h:36,
                 from /usr/include/gtk-2.0/gtk/gtkdialog.h:35,
                 from /usr/include/gtk-2.0/gtk/gtkaboutdialog.h:32,
                 from /usr/include/gtk-2.0/gtk/gtk.h:33,
                 from callbacks.c:5:
/usr/include/gtk-2.0/gtk/gtkwidget.h:1050:14: note: expected ‘GtkWidget * {aka struct _GtkWidget *}’ but argument is of type ‘GtkButton * {aka struct _GtkButton *}’
 GtkWidget*   gtk_widget_get_toplevel (GtkWidget *widget);
              ^~~~~~~~~~~~~~~~~~~~~~~
In file included from /usr/include/glib-2.0/gobject/gobject.h:24:0,
                 from /usr/include/glib-2.0/gobject/gbinding.h:29,
                 from /usr/include/glib-2.0/glib-object.h:23,
                 from /usr/include/glib-2.0/gio/gioenums.h:28,
                 from /usr/include/glib-2.0/gio/giotypes.h:28,
                 from /usr/include/glib-2.0/gio/gio.h:26,
                 from /usr/include/gtk-2.0/gdk/gdkapplaunchcontext.h:30,
                 from /usr/include/gtk-2.0/gdk/gdk.h:32,
                 from /usr/include/gtk-2.0/gtk/gtk.h:32,
                 from callbacks.c:5:
callbacks.c:1317:81: warning: passing argument 1 of ‘gtk_widget_get_toplevel’ from incompatible pointer type [-Wincompatible-pointer-types]
   GtkWidget *dialog = gtk_message_dialog_new(GTK_WINDOW(gtk_widget_get_toplevel(button)),
                                                                                 ^
/usr/include/glib-2.0/gobject/gtype.h:2224:57: note: in definition of macro ‘_G_TYPE_CIC’
     ((ct*) g_type_check_instance_cast ((GTypeInstance*) ip, gt))
                                                         ^~
/usr/include/gtk-2.0/gtk/gtkwindow.h:42:28: note: in expansion of macro ‘G_TYPE_CHECK_INSTANCE_CAST’
 #define GTK_WINDOW(obj)   (G_TYPE_CHECK_INSTANCE_CAST ((obj), GTK_TYPE_WINDOW, GtkWindow))
                            ^~~~~~~~~~~~~~~~~~~~~~~~~~
callbacks.c:1317:46: note: in expansion of macro ‘GTK_WINDOW’
   GtkWidget *dialog = gtk_message_dialog_new(GTK_WINDOW(gtk_widget_get_toplevel(button)),
                                              ^~~~~~~~~~
In file included from /usr/include/gtk-2.0/gtk/gtkcontainer.h:35:0,
                 from /usr/include/gtk-2.0/gtk/gtkbin.h:35,
                 from /usr/include/gtk-2.0/gtk/gtkwindow.h:36,
                 from /usr/include/gtk-2.0/gtk/gtkdialog.h:35,
                 from /usr/include/gtk-2.0/gtk/gtkaboutdialog.h:32,
                 from /usr/include/gtk-2.0/gtk/gtk.h:33,
                 from callbacks.c:5:
/usr/include/gtk-2.0/gtk/gtkwidget.h:1050:14: note: expected ‘GtkWidget * {aka struct _GtkWidget *}’ but argument is of type ‘GtkButton * {aka struct _GtkButton *}’
 GtkWidget*   gtk_widget_get_toplevel (GtkWidget *widget);
              ^~~~~~~~~~~~~~~~~~~~~~~
callbacks.c:1321:38: warning: format not a string literal and no format arguments [-Wformat-security]
                                      tmp);
                                      ^~~
In file included from /usr/include/glib-2.0/gobject/gobject.h:24:0,
                 from /usr/include/glib-2.0/gobject/gbinding.h:29,
                 from /usr/include/glib-2.0/glib-object.h:23,
                 from /usr/include/glib-2.0/gio/gioenums.h:28,
                 from /usr/include/glib-2.0/gio/giotypes.h:28,
                 from /usr/include/glib-2.0/gio/gio.h:26,
                 from /usr/include/gtk-2.0/gdk/gdkapplaunchcontext.h:30,
                 from /usr/include/gtk-2.0/gdk/gdk.h:32,
                 from /usr/include/gtk-2.0/gtk/gtk.h:32,
                 from callbacks.c:5:
callbacks.c:1331:71: warning: passing argument 1 of ‘gtk_widget_get_toplevel’ from incompatible pointer type [-Wincompatible-pointer-types]
    dialog = gtk_message_dialog_new(GTK_WINDOW(gtk_widget_get_toplevel(button)),
                                                                       ^
/usr/include/glib-2.0/gobject/gtype.h:2224:57: note: in definition of macro ‘_G_TYPE_CIC’
     ((ct*) g_type_check_instance_cast ((GTypeInstance*) ip, gt))
                                                         ^~
/usr/include/gtk-2.0/gtk/gtkwindow.h:42:28: note: in expansion of macro ‘G_TYPE_CHECK_INSTANCE_CAST’
 #define GTK_WINDOW(obj)   (G_TYPE_CHECK_INSTANCE_CAST ((obj), GTK_TYPE_WINDOW, GtkWindow))
                            ^~~~~~~~~~~~~~~~~~~~~~~~~~
callbacks.c:1331:36: note: in expansion of macro ‘GTK_WINDOW’
    dialog = gtk_message_dialog_new(GTK_WINDOW(gtk_widget_get_toplevel(button)),
                                    ^~~~~~~~~~
In file included from /usr/include/gtk-2.0/gtk/gtkcontainer.h:35:0,
                 from /usr/include/gtk-2.0/gtk/gtkbin.h:35,
                 from /usr/include/gtk-2.0/gtk/gtkwindow.h:36,
                 from /usr/include/gtk-2.0/gtk/gtkdialog.h:35,
                 from /usr/include/gtk-2.0/gtk/gtkaboutdialog.h:32,
                 from /usr/include/gtk-2.0/gtk/gtk.h:33,
                 from callbacks.c:5:
/usr/include/gtk-2.0/gtk/gtkwidget.h:1050:14: note: expected ‘GtkWidget * {aka struct _GtkWidget *}’ but argument is of type ‘GtkButton * {aka struct _GtkButton *}’
 GtkWidget*   gtk_widget_get_toplevel (GtkWidget *widget);
              ^~~~~~~~~~~~~~~~~~~~~~~
callbacks.c:1335:5: warning: format not a string literal and no format arguments [-Wformat-security]
     tmp);
     ^~~
In file included from /usr/include/glib-2.0/gobject/gobject.h:24:0,
                 from /usr/include/glib-2.0/gobject/gbinding.h:29,
                 from /usr/include/glib-2.0/glib-object.h:23,
                 from /usr/include/glib-2.0/gio/gioenums.h:28,
                 from /usr/include/glib-2.0/gio/giotypes.h:28,
                 from /usr/include/glib-2.0/gio/gio.h:26,
                 from /usr/include/gtk-2.0/gdk/gdkapplaunchcontext.h:30,
                 from /usr/include/gtk-2.0/gdk/gdk.h:32,
                 from /usr/include/gtk-2.0/gtk/gtk.h:32,
                 from callbacks.c:5:
callbacks.c:1342:81: warning: passing argument 1 of ‘gtk_widget_get_toplevel’ from incompatible pointer type [-Wincompatible-pointer-types]
   GtkWidget *dialog = gtk_message_dialog_new(GTK_WINDOW(gtk_widget_get_toplevel(button)),
                                                                                 ^
/usr/include/glib-2.0/gobject/gtype.h:2224:57: note: in definition of macro ‘_G_TYPE_CIC’
     ((ct*) g_type_check_instance_cast ((GTypeInstance*) ip, gt))
                                                         ^~
/usr/include/gtk-2.0/gtk/gtkwindow.h:42:28: note: in expansion of macro ‘G_TYPE_CHECK_INSTANCE_CAST’
 #define GTK_WINDOW(obj)   (G_TYPE_CHECK_INSTANCE_CAST ((obj), GTK_TYPE_WINDOW, GtkWindow))
                            ^~~~~~~~~~~~~~~~~~~~~~~~~~
callbacks.c:1342:46: note: in expansion of macro ‘GTK_WINDOW’
   GtkWidget *dialog = gtk_message_dialog_new(GTK_WINDOW(gtk_widget_get_toplevel(button)),
                                              ^~~~~~~~~~
In file included from /usr/include/gtk-2.0/gtk/gtkcontainer.h:35:0,
                 from /usr/include/gtk-2.0/gtk/gtkbin.h:35,
                 from /usr/include/gtk-2.0/gtk/gtkwindow.h:36,
                 from /usr/include/gtk-2.0/gtk/gtkdialog.h:35,
                 from /usr/include/gtk-2.0/gtk/gtkaboutdialog.h:32,
                 from /usr/include/gtk-2.0/gtk/gtk.h:33,
                 from callbacks.c:5:
/usr/include/gtk-2.0/gtk/gtkwidget.h:1050:14: note: expected ‘GtkWidget * {aka struct _GtkWidget *}’ but argument is of type ‘GtkButton * {aka struct _GtkButton *}’
 GtkWidget*   gtk_widget_get_toplevel (GtkWidget *widget);
              ^~~~~~~~~~~~~~~~~~~~~~~
callbacks.c:1346:4: warning: format not a string literal and no format arguments [-Wformat-security]
    tmp);
    ^~~
callbacks.c:1352:24: warning: passing argument 1 of ‘on_button70_clicked’ from incompatible pointer type [-Wincompatible-pointer-types]
  on_button70_clicked  (button,user_data);
                        ^~~~~~
callbacks.c:1192:1: note: expected ‘GtkWidget * {aka struct _GtkWidget *}’ but argument is of type ‘GtkButton * {aka struct _GtkButton *}’
 on_button70_clicked                    (GtkWidget       *button,
 ^~~~~~~~~~~~~~~~~~~
callbacks.c: In function ‘on_treeview23_row_activated’:
callbacks.c:1374:25: warning: passing argument 1 of ‘lookup_widget’ from incompatible pointer type [-Wincompatible-pointer-types]
  output = lookup_widget(treeview, "entry59") ;
                         ^~~~~~~~
In file included from callbacks.c:9:0:
support.h:46:13: note: expected ‘GtkWidget * {aka struct _GtkWidget *}’ but argument is of type ‘GtkTreeView * {aka struct _GtkTreeView *}’
 GtkWidget*  lookup_widget              (GtkWidget       *widget,
             ^~~~~~~~~~~~~
In file included from /usr/include/gtk-2.0/gtk/gtkentrycompletion.h:28:0,
                 from /usr/include/gtk-2.0/gtk/gtkentry.h:43,
                 from /usr/include/gtk-2.0/gtk/gtktreeview.h:31,
                 from /usr/include/gtk-2.0/gtk/gtkcombobox.h:29,
                 from /usr/include/gtk-2.0/gtk/gtk.h:72,
                 from callbacks.c:5:
/usr/include/gtk-2.0/gtk/gtkliststore.h:36:36: warning: passing argument 1 of ‘gtk_tree_model_get’ from incompatible pointer type [-Wincompatible-pointer-types]
 #define GTK_LIST_STORE(obj)        (G_TYPE_CHECK_INSTANCE_CAST ((obj), GTK_TYPE_LIST_STORE, GtkListStore))
                                    ^
callbacks.c:1380:22: note: in expansion of macro ‘GTK_LIST_STORE’
   gtk_tree_model_get(GTK_LIST_STORE(model),&iter,0,&id,1,&nom,2,&prenom,3,&email,4,&tele,5,&adresse,6,&csexe,7,&dn,8,&municipalite,-1);
                      ^~~~~~~~~~~~~~
In file included from /usr/include/gtk-2.0/gtk/gtktreeviewcolumn.h:28:0,
                 from /usr/include/gtk-2.0/gtk/gtkcelllayout.h:28,
                 from /usr/include/gtk-2.0/gtk/gtk.h:55,
                 from callbacks.c:5:
/usr/include/gtk-2.0/gtk/gtktreemodel.h:234:19: note: expected ‘GtkTreeModel * {aka struct _GtkTreeModel *}’ but argument is of type ‘GtkListStore * {aka struct _GtkListStore *}’
 void              gtk_tree_model_get             (GtkTreeModel *tree_model,
                   ^~~~~~~~~~~~~~~~~~
callbacks.c:1382:23: warning: passing argument 1 of ‘on_button26_clicked’ from incompatible pointer type [-Wincompatible-pointer-types]
   on_button26_clicked(treeview,user_data);
                       ^~~~~~~~
callbacks.c:1290:1: note: expected ‘GtkButton * {aka struct _GtkButton *}’ but argument is of type ‘GtkTreeView * {aka struct _GtkTreeView *}’
 on_button26_clicked                    (GtkButton       *button,
 ^~~~~~~~~~~~~~~~~~~
callbacks.c: In function ‘on_button64_clicked’:
callbacks.c:1405:32: warning: passing argument 1 of ‘gtk_tree_view_get_model’ from incompatible pointer type [-Wincompatible-pointer-types]
  store=gtk_tree_view_get_model(liste);
                                ^~~~~
In file included from /usr/include/gtk-2.0/gtk/gtkcombobox.h:29:0,
                 from /usr/include/gtk-2.0/gtk/gtk.h:72,
                 from callbacks.c:5:
/usr/include/gtk-2.0/gtk/gtktreeview.h:145:24: note: expected ‘GtkTreeView * {aka struct _GtkTreeView *}’ but argument is of type ‘GtkWidget * {aka struct _GtkWidget *}’
 GtkTreeModel          *gtk_tree_view_get_model                     (GtkTreeView               *tree_view);
                        ^~~~~~~~~~~~~~~~~~~~~~~
callbacks.c:1405:7: warning: assignment from incompatible pointer type [-Wincompatible-pointer-types]
  store=gtk_tree_view_get_model(liste);
       ^
callbacks.c: In function ‘on_button75_clicked’:
callbacks.c:1454:24: warning: passing argument 1 of ‘lookup_widget’ from incompatible pointer type [-Wincompatible-pointer-types]
  input = lookup_widget(button, "entry120");
                        ^~~~~~
In file included from callbacks.c:9:0:
support.h:46:13: note: expected ‘GtkWidget * {aka struct _GtkWidget *}’ but argument is of type ‘GtkButton * {aka struct _GtkButton *}’
 GtkWidget*  lookup_widget              (GtkWidget       *widget,
             ^~~~~~~~~~~~~
callbacks.c:1460:35: warning: passing argument 1 of ‘lookup_widget’ from incompatible pointer type [-Wincompatible-pointer-types]
  GtkWidget *liste = lookup_widget(button, "treeview24");
                                   ^~~~~~
In file included from callbacks.c:9:0:
support.h:46:13: note: expected ‘GtkWidget * {aka struct _GtkWidget *}’ but argument is of type ‘GtkButton * {aka struct _GtkButton *}’
 GtkWidget*  lookup_widget              (GtkWidget       *widget,
             ^~~~~~~~~~~~~
callbacks.c:1479:32: warning: passing argument 1 of ‘gtk_tree_view_get_model’ from incompatible pointer type [-Wincompatible-pointer-types]
  store=gtk_tree_view_get_model(liste);
                                ^~~~~
In file included from /usr/include/gtk-2.0/gtk/gtkcombobox.h:29:0,
                 from /usr/include/gtk-2.0/gtk/gtk.h:72,
                 from callbacks.c:5:
/usr/include/gtk-2.0/gtk/gtktreeview.h:145:24: note: expected ‘GtkTreeView * {aka struct _GtkTreeView *}’ but argument is of type ‘GtkWidget * {aka struct _GtkWidget *}’
 GtkTreeModel          *gtk_tree_view_get_model                     (GtkTreeView               *tree_view);
                        ^~~~~~~~~~~~~~~~~~~~~~~
callbacks.c:1479:7: warning: assignment from incompatible pointer type [-Wincompatible-pointer-types]
  store=gtk_tree_view_get_model(liste);
       ^
callbacks.c: In function ‘on_button76_clicked’:
callbacks.c:1566:24: warning: passing argument 1 of ‘lookup_widget’ from incompatible pointer type [-Wincompatible-pointer-types]
  input = lookup_widget(button, "entry121");
                        ^~~~~~
In file included from callbacks.c:9:0:
support.h:46:13: note: expected ‘GtkWidget * {aka struct _GtkWidget *}’ but argument is of type ‘GtkButton * {aka struct _GtkButton *}’
 GtkWidget*  lookup_widget              (GtkWidget       *widget,
             ^~~~~~~~~~~~~
callbacks.c:1572:35: warning: passing argument 1 of ‘lookup_widget’ from incompatible pointer type [-Wincompatible-pointer-types]
  GtkWidget *liste = lookup_widget(button, "treeview24");
                                   ^~~~~~
In file included from callbacks.c:9:0:
support.h:46:13: note: expected ‘GtkWidget * {aka struct _GtkWidget *}’ but argument is of type ‘GtkButton * {aka struct _GtkButton *}’
 GtkWidget*  lookup_widget              (GtkWidget       *widget,
             ^~~~~~~~~~~~~
callbacks.c:1591:32: warning: passing argument 1 of ‘gtk_tree_view_get_model’ from incompatible pointer type [-Wincompatible-pointer-types]
  store=gtk_tree_view_get_model(liste);
                                ^~~~~
In file included from /usr/include/gtk-2.0/gtk/gtkcombobox.h:29:0,
                 from /usr/include/gtk-2.0/gtk/gtk.h:72,
                 from callbacks.c:5:
/usr/include/gtk-2.0/gtk/gtktreeview.h:145:24: note: expected ‘GtkTreeView * {aka struct _GtkTreeView *}’ but argument is of type ‘GtkWidget * {aka struct _GtkWidget *}’
 GtkTreeModel          *gtk_tree_view_get_model                     (GtkTreeView               *tree_view);
                        ^~~~~~~~~~~~~~~~~~~~~~~
callbacks.c:1591:7: warning: assignment from incompatible pointer type [-Wincompatible-pointer-types]
  store=gtk_tree_view_get_model(liste);
       ^
callbacks.c: In function ‘on_button74_clicked’:
callbacks.c:1678:24: warning: passing argument 1 of ‘lookup_widget’ from incompatible pointer type [-Wincompatible-pointer-types]
  input = lookup_widget(button, "entry122");
                        ^~~~~~
In file included from callbacks.c:9:0:
support.h:46:13: note: expected ‘GtkWidget * {aka struct _GtkWidget *}’ but argument is of type ‘GtkButton * {aka struct _GtkButton *}’
 GtkWidget*  lookup_widget              (GtkWidget       *widget,
             ^~~~~~~~~~~~~
callbacks.c:1684:35: warning: passing argument 1 of ‘lookup_widget’ from incompatible pointer type [-Wincompatible-pointer-types]
  GtkWidget *liste = lookup_widget(button, "treeview24");
                                   ^~~~~~
In file included from callbacks.c:9:0:
support.h:46:13: note: expected ‘GtkWidget * {aka struct _GtkWidget *}’ but argument is of type ‘GtkButton * {aka struct _GtkButton *}’
 GtkWidget*  lookup_widget              (GtkWidget       *widget,
             ^~~~~~~~~~~~~
callbacks.c:1703:32: warning: passing argument 1 of ‘gtk_tree_view_get_model’ from incompatible pointer type [-Wincompatible-pointer-types]
  store=gtk_tree_view_get_model(liste);
                                ^~~~~
In file included from /usr/include/gtk-2.0/gtk/gtkcombobox.h:29:0,
                 from /usr/include/gtk-2.0/gtk/gtk.h:72,
                 from callbacks.c:5:
/usr/include/gtk-2.0/gtk/gtktreeview.h:145:24: note: expected ‘GtkTreeView * {aka struct _GtkTreeView *}’ but argument is of type ‘GtkWidget * {aka struct _GtkWidget *}’
 GtkTreeModel          *gtk_tree_view_get_model                     (GtkTreeView               *tree_view);
                        ^~~~~~~~~~~~~~~~~~~~~~~
callbacks.c:1703:7: warning: assignment from incompatible pointer type [-Wincompatible-pointer-types]
  store=gtk_tree_view_get_model(liste);
       ^
callbacks.c: In function ‘is_only_digits’:
callbacks.c:1800:14: warning: implicit declaration of function ‘isdigit’ [-Wimplicit-function-declaration]
         if (!isdigit(*str)) {
              ^~~~~~~
callbacks.c: In function ‘is_only_alpha’:
callbacks.c:1810:14: warning: implicit declaration of function ‘isalpha’ [-Wimplicit-function-declaration]
         if (!isalpha(*str)) {
              ^~~~~~~
callbacks.c: In function ‘on_button_p_ajouter_clicked’:
callbacks.c:2029:48: warning: format not a string literal and no format arguments [-Wformat-security]
                                                msg);
                                                ^~~
In file included from /usr/include/gtk-2.0/gtk/gtk.h:145:0,
                 from callbacks.c:5:
callbacks.c: In function ‘on_non_supp_radio_toggled’:
/usr/include/gtk-2.0/gtk/gtkradiobutton.h:41:39: warning: passing argument 1 of ‘gtk_toggle_button_get_active’ from incompatible pointer type [-Wincompatible-pointer-types]
 #define GTK_RADIO_BUTTON(obj)         (G_TYPE_CHECK_INSTANCE_CAST ((obj), GTK_TYPE_RADIO_BUTTON, GtkRadioButton))
                                       ^
callbacks.c:2043:34: note: in expansion of macro ‘GTK_RADIO_BUTTON’
  if(gtk_toggle_button_get_active(GTK_RADIO_BUTTON(togglebutton)))
                                  ^~~~~~~~~~~~~~~~
In file included from /usr/include/gtk-2.0/gtk/gtkcheckbutton.h:35:0,
                 from /usr/include/gtk-2.0/gtk/gtk.h:66,
                 from callbacks.c:5:
/usr/include/gtk-2.0/gtk/gtktogglebutton.h:84:12: note: expected ‘GtkToggleButton * {aka struct _GtkToggleButton *}’ but argument is of type ‘GtkRadioButton * {aka struct _GtkRadioButton *}’
 gboolean   gtk_toggle_button_get_active        (GtkToggleButton *toggle_button);
            ^~~~~~~~~~~~~~~~~~~~~~~~~~~~
In file included from /usr/include/gtk-2.0/gtk/gtk.h:145:0,
                 from callbacks.c:5:
callbacks.c: In function ‘on_radiobutton_psupportepourhandicappe_toggled’:
/usr/include/gtk-2.0/gtk/gtkradiobutton.h:41:39: warning: passing argument 1 of ‘gtk_toggle_button_get_active’ from incompatible pointer type [-Wincompatible-pointer-types]
 #define GTK_RADIO_BUTTON(obj)         (G_TYPE_CHECK_INSTANCE_CAST ((obj), GTK_TYPE_RADIO_BUTTON, GtkRadioButton))
                                       ^
callbacks.c:2057:34: note: in expansion of macro ‘GTK_RADIO_BUTTON’
  if(gtk_toggle_button_get_active(GTK_RADIO_BUTTON(togglebutton)))
                                  ^~~~~~~~~~~~~~~~
In file included from /usr/include/gtk-2.0/gtk/gtkcheckbutton.h:35:0,
                 from /usr/include/gtk-2.0/gtk/gtk.h:66,
                 from callbacks.c:5:
/usr/include/gtk-2.0/gtk/gtktogglebutton.h:84:12: note: expected ‘GtkToggleButton * {aka struct _GtkToggleButton *}’ but argument is of type ‘GtkRadioButton * {aka struct _GtkRadioButton *}’
 gboolean   gtk_toggle_button_get_active        (GtkToggleButton *toggle_button);
            ^~~~~~~~~~~~~~~~~~~~~~~~~~~~
callbacks.c: In function ‘on_modifier_selectbutton_clicked’:
callbacks.c:2115:52: warning: format not a string literal and no format arguments [-Wformat-security]
                                                    msg);
                                                    ^~~
In file included from /usr/include/gtk-2.0/gtk/gtk.h:145:0,
                 from callbacks.c:5:
/usr/include/gtk-2.0/gtk/gtkradiobutton.h:41:39: warning: passing argument 1 of ‘gtk_toggle_button_set_active’ from incompatible pointer type [-Wincompatible-pointer-types]
 #define GTK_RADIO_BUTTON(obj)         (G_TYPE_CHECK_INSTANCE_CAST ((obj), GTK_TYPE_RADIO_BUTTON, GtkRadioButton))
                                       ^
callbacks.c:2179:32: note: in expansion of macro ‘GTK_RADIO_BUTTON’
   gtk_toggle_button_set_active(GTK_RADIO_BUTTON(output),TRUE);
                                ^~~~~~~~~~~~~~~~
In file included from /usr/include/gtk-2.0/gtk/gtkcheckbutton.h:35:0,
                 from /usr/include/gtk-2.0/gtk/gtk.h:66,
                 from callbacks.c:5:
/usr/include/gtk-2.0/gtk/gtktogglebutton.h:82:12: note: expected ‘GtkToggleButton * {aka struct _GtkToggleButton *}’ but argument is of type ‘GtkRadioButton * {aka struct _GtkRadioButton *}’
 void       gtk_toggle_button_set_active        (GtkToggleButton *toggle_button,
            ^~~~~~~~~~~~~~~~~~~~~~~~~~~~
In file included from /usr/include/gtk-2.0/gtk/gtk.h:145:0,
                 from callbacks.c:5:
/usr/include/gtk-2.0/gtk/gtkradiobutton.h:41:39: warning: passing argument 1 of ‘gtk_toggle_button_set_active’ from incompatible pointer type [-Wincompatible-pointer-types]
 #define GTK_RADIO_BUTTON(obj)         (G_TYPE_CHECK_INSTANCE_CAST ((obj), GTK_TYPE_RADIO_BUTTON, GtkRadioButton))
                                       ^
callbacks.c:2184:32: note: in expansion of macro ‘GTK_RADIO_BUTTON’
   gtk_toggle_button_set_active(GTK_RADIO_BUTTON(output),TRUE);
                                ^~~~~~~~~~~~~~~~
In file included from /usr/include/gtk-2.0/gtk/gtkcheckbutton.h:35:0,
                 from /usr/include/gtk-2.0/gtk/gtk.h:66,
                 from callbacks.c:5:
/usr/include/gtk-2.0/gtk/gtktogglebutton.h:82:12: note: expected ‘GtkToggleButton * {aka struct _GtkToggleButton *}’ but argument is of type ‘GtkRadioButton * {aka struct _GtkRadioButton *}’
 void       gtk_toggle_button_set_active        (GtkToggleButton *toggle_button,
            ^~~~~~~~~~~~~~~~~~~~~~~~~~~~
In file included from /usr/include/gtk-2.0/gtk/gtk.h:145:0,
                 from callbacks.c:5:
/usr/include/gtk-2.0/gtk/gtkradiobutton.h:41:39: warning: passing argument 1 of ‘gtk_toggle_button_set_active’ from incompatible pointer type [-Wincompatible-pointer-types]
 #define GTK_RADIO_BUTTON(obj)         (G_TYPE_CHECK_INSTANCE_CAST ((obj), GTK_TYPE_RADIO_BUTTON, GtkRadioButton))
                                       ^
callbacks.c:2189:32: note: in expansion of macro ‘GTK_RADIO_BUTTON’
   gtk_toggle_button_set_active(GTK_RADIO_BUTTON(output),TRUE);
                                ^~~~~~~~~~~~~~~~
In file included from /usr/include/gtk-2.0/gtk/gtkcheckbutton.h:35:0,
                 from /usr/include/gtk-2.0/gtk/gtk.h:66,
                 from callbacks.c:5:
/usr/include/gtk-2.0/gtk/gtktogglebutton.h:82:12: note: expected ‘GtkToggleButton * {aka struct _GtkToggleButton *}’ but argument is of type ‘GtkRadioButton * {aka struct _GtkRadioButton *}’
 void       gtk_toggle_button_set_active        (GtkToggleButton *toggle_button,
            ^~~~~~~~~~~~~~~~~~~~~~~~~~~~
In file included from /usr/include/gtk-2.0/gtk/gtk.h:145:0,
                 from callbacks.c:5:
/usr/include/gtk-2.0/gtk/gtkradiobutton.h:41:39: warning: passing argument 1 of ‘gtk_toggle_button_set_active’ from incompatible pointer type [-Wincompatible-pointer-types]
 #define GTK_RADIO_BUTTON(obj)         (G_TYPE_CHECK_INSTANCE_CAST ((obj), GTK_TYPE_RADIO_BUTTON, GtkRadioButton))
                                       ^
callbacks.c:2194:32: note: in expansion of macro ‘GTK_RADIO_BUTTON’
   gtk_toggle_button_set_active(GTK_RADIO_BUTTON(output),TRUE);
                                ^~~~~~~~~~~~~~~~
In file included from /usr/include/gtk-2.0/gtk/gtkcheckbutton.h:35:0,
                 from /usr/include/gtk-2.0/gtk/gtk.h:66,
                 from callbacks.c:5:
/usr/include/gtk-2.0/gtk/gtktogglebutton.h:82:12: note: expected ‘GtkToggleButton * {aka struct _GtkToggleButton *}’ but argument is of type ‘GtkRadioButton * {aka struct _GtkRadioButton *}’
 void       gtk_toggle_button_set_active        (GtkToggleButton *toggle_button,
            ^~~~~~~~~~~~~~~~~~~~~~~~~~~~
In file included from /usr/include/gtk-2.0/gtk/gtk.h:145:0,
                 from callbacks.c:5:
callbacks.c: In function ‘on_radiobutton_modifier_pnonsup_toggled’:
/usr/include/gtk-2.0/gtk/gtkradiobutton.h:41:39: warning: passing argument 1 of ‘gtk_toggle_button_get_active’ from incompatible pointer type [-Wincompatible-pointer-types]
 #define GTK_RADIO_BUTTON(obj)         (G_TYPE_CHECK_INSTANCE_CAST ((obj), GTK_TYPE_RADIO_BUTTON, GtkRadioButton))
                                       ^
callbacks.c:2225:34: note: in expansion of macro ‘GTK_RADIO_BUTTON’
  if(gtk_toggle_button_get_active(GTK_RADIO_BUTTON(togglebutton)))
                                  ^~~~~~~~~~~~~~~~
In file included from /usr/include/gtk-2.0/gtk/gtkcheckbutton.h:35:0,
                 from /usr/include/gtk-2.0/gtk/gtk.h:66,
                 from callbacks.c:5:
/usr/include/gtk-2.0/gtk/gtktogglebutton.h:84:12: note: expected ‘GtkToggleButton * {aka struct _GtkToggleButton *}’ but argument is of type ‘GtkRadioButton * {aka struct _GtkRadioButton *}’
 gboolean   gtk_toggle_button_get_active        (GtkToggleButton *toggle_button);
            ^~~~~~~~~~~~~~~~~~~~~~~~~~~~
In file included from /usr/include/gtk-2.0/gtk/gtk.h:145:0,
                 from callbacks.c:5:
callbacks.c: In function ‘on_radiobutton_modifier_psup_toggled’:
/usr/include/gtk-2.0/gtk/gtkradiobutton.h:41:39: warning: passing argument 1 of ‘gtk_toggle_button_get_active’ from incompatible pointer type [-Wincompatible-pointer-types]
 #define GTK_RADIO_BUTTON(obj)         (G_TYPE_CHECK_INSTANCE_CAST ((obj), GTK_TYPE_RADIO_BUTTON, GtkRadioButton))
                                       ^
callbacks.c:2235:34: note: in expansion of macro ‘GTK_RADIO_BUTTON’
  if(gtk_toggle_button_get_active(GTK_RADIO_BUTTON(togglebutton)))
                                  ^~~~~~~~~~~~~~~~
In file included from /usr/include/gtk-2.0/gtk/gtkcheckbutton.h:35:0,
                 from /usr/include/gtk-2.0/gtk/gtk.h:66,
                 from callbacks.c:5:
/usr/include/gtk-2.0/gtk/gtktogglebutton.h:84:12: note: expected ‘GtkToggleButton * {aka struct _GtkToggleButton *}’ but argument is of type ‘GtkRadioButton * {aka struct _GtkRadioButton *}’
 gboolean   gtk_toggle_button_get_active        (GtkToggleButton *toggle_button);
            ^~~~~~~~~~~~~~~~~~~~~~~~~~~~
In file included from /usr/include/gtk-2.0/gtk/gtk.h:145:0,
                 from callbacks.c:5:
callbacks.c: In function ‘on_modfier_p_annuler_clicked’:
/usr/include/gtk-2.0/gtk/gtkradiobutton.h:41:39: warning: passing argument 1 of ‘gtk_toggle_button_set_active’ from incompatible pointer type [-Wincompatible-pointer-types]
 #define GTK_RADIO_BUTTON(obj)         (G_TYPE_CHECK_INSTANCE_CAST ((obj), GTK_TYPE_RADIO_BUTTON, GtkRadioButton))
                                       ^
callbacks.c:2408:31: note: in expansion of macro ‘GTK_RADIO_BUTTON’
  gtk_toggle_button_set_active(GTK_RADIO_BUTTON(output),FALSE);
                               ^~~~~~~~~~~~~~~~
In file included from /usr/include/gtk-2.0/gtk/gtkcheckbutton.h:35:0,
                 from /usr/include/gtk-2.0/gtk/gtk.h:66,
                 from callbacks.c:5:
/usr/include/gtk-2.0/gtk/gtktogglebutton.h:82:12: note: expected ‘GtkToggleButton * {aka struct _GtkToggleButton *}’ but argument is of type ‘GtkRadioButton * {aka struct _GtkRadioButton *}’
 void       gtk_toggle_button_set_active        (GtkToggleButton *toggle_button,
            ^~~~~~~~~~~~~~~~~~~~~~~~~~~~
In file included from /usr/include/gtk-2.0/gtk/gtk.h:145:0,
                 from callbacks.c:5:
/usr/include/gtk-2.0/gtk/gtkradiobutton.h:41:39: warning: passing argument 1 of ‘gtk_toggle_button_set_active’ from incompatible pointer type [-Wincompatible-pointer-types]
 #define GTK_RADIO_BUTTON(obj)         (G_TYPE_CHECK_INSTANCE_CAST ((obj), GTK_TYPE_RADIO_BUTTON, GtkRadioButton))
                                       ^
callbacks.c:2412:31: note: in expansion of macro ‘GTK_RADIO_BUTTON’
  gtk_toggle_button_set_active(GTK_RADIO_BUTTON(output),FALSE);
                               ^~~~~~~~~~~~~~~~
In file included from /usr/include/gtk-2.0/gtk/gtkcheckbutton.h:35:0,
                 from /usr/include/gtk-2.0/gtk/gtk.h:66,
                 from callbacks.c:5:
/usr/include/gtk-2.0/gtk/gtktogglebutton.h:82:12: note: expected ‘GtkToggleButton * {aka struct _GtkToggleButton *}’ but argument is of type ‘GtkRadioButton * {aka struct _GtkRadioButton *}’
 void       gtk_toggle_button_set_active        (GtkToggleButton *toggle_button,
            ^~~~~~~~~~~~~~~~~~~~~~~~~~~~
In file included from /usr/include/gtk-2.0/gtk/gtk.h:145:0,
                 from callbacks.c:5:
/usr/include/gtk-2.0/gtk/gtkradiobutton.h:41:39: warning: passing argument 1 of ‘gtk_toggle_button_set_active’ from incompatible pointer type [-Wincompatible-pointer-types]
 #define GTK_RADIO_BUTTON(obj)         (G_TYPE_CHECK_INSTANCE_CAST ((obj), GTK_TYPE_RADIO_BUTTON, GtkRadioButton))
                                       ^
callbacks.c:2417:31: note: in expansion of macro ‘GTK_RADIO_BUTTON’
  gtk_toggle_button_set_active(GTK_RADIO_BUTTON(output),FALSE);
                               ^~~~~~~~~~~~~~~~
In file included from /usr/include/gtk-2.0/gtk/gtkcheckbutton.h:35:0,
                 from /usr/include/gtk-2.0/gtk/gtk.h:66,
                 from callbacks.c:5:
/usr/include/gtk-2.0/gtk/gtktogglebutton.h:82:12: note: expected ‘GtkToggleButton * {aka struct _GtkToggleButton *}’ but argument is of type ‘GtkRadioButton * {aka struct _GtkRadioButton *}’
 void       gtk_toggle_button_set_active        (GtkToggleButton *toggle_button,
            ^~~~~~~~~~~~~~~~~~~~~~~~~~~~
In file included from /usr/include/gtk-2.0/gtk/gtk.h:145:0,
                 from callbacks.c:5:
/usr/include/gtk-2.0/gtk/gtkradiobutton.h:41:39: warning: passing argument 1 of ‘gtk_toggle_button_set_active’ from incompatible pointer type [-Wincompatible-pointer-types]
 #define GTK_RADIO_BUTTON(obj)         (G_TYPE_CHECK_INSTANCE_CAST ((obj), GTK_TYPE_RADIO_BUTTON, GtkRadioButton))
                                       ^
callbacks.c:2421:31: note: in expansion of macro ‘GTK_RADIO_BUTTON’
  gtk_toggle_button_set_active(GTK_RADIO_BUTTON(output),FALSE);
                               ^~~~~~~~~~~~~~~~
In file included from /usr/include/gtk-2.0/gtk/gtkcheckbutton.h:35:0,
                 from /usr/include/gtk-2.0/gtk/gtk.h:66,
                 from callbacks.c:5:
/usr/include/gtk-2.0/gtk/gtktogglebutton.h:82:12: note: expected ‘GtkToggleButton * {aka struct _GtkToggleButton *}’ but argument is of type ‘GtkRadioButton * {aka struct _GtkRadioButton *}’
 void       gtk_toggle_button_set_active        (GtkToggleButton *toggle_button,
            ^~~~~~~~~~~~~~~~~~~~~~~~~~~~
callbacks.c: In function ‘on_modifier_p_button_clicked’:
callbacks.c:2639:17: warning: format not a string literal and no format arguments [-Wformat-security]
                 msg
                 ^~~
callbacks.c:2660:21: warning: format not a string literal and no format arguments [-Wformat-security]
                     msg
                     ^~~
callbacks.c: In function ‘on_suppreimer_p_button_clicked’:
callbacks.c:2740:17: warning: format not a string literal and no format arguments [-Wformat-security]
                 msg
                 ^~~
callbacks.c:2757:17: warning: format not a string literal and no format arguments [-Wformat-security]
                 msg
                 ^~~
callbacks.c: In function ‘on_rechercher_p_button_clicked’:
callbacks.c:2822:5: warning: implicit declaration of function ‘vider’ [-Wimplicit-function-declaration]
     vider(treeview_chercher_parking);
     ^~~~~
callbacks.c:2844:13: warning: implicit declaration of function ‘afficher_parking’; did you mean ‘afficherParkings’? [-Wimplicit-function-declaration]
             afficher_parking("parid.txt", treeview_chercher_parking);
             ^~~~~~~~~~~~~~~~
             afficherParkings
callbacks.c:2856:48: warning: format not a string literal and no format arguments [-Wformat-security]
                                                msg);
                                                ^~~
callbacks.c:2895:48: warning: format not a string literal and no format arguments [-Wformat-security]
                                                msg);
                                                ^~~
callbacks.c:2933:48: warning: format not a string literal and no format arguments [-Wformat-security]
                                                msg);
                                                ^~~
callbacks.c:2975:48: warning: format not a string literal and no format arguments [-Wformat-security]
                                                msg);
                                                ^~~
callbacks.c: In function ‘on_check_rechercher_p_id_toggled’:
callbacks.c:2996:23: warning: passing argument 1 of ‘lookup_widget’ from incompatible pointer type [-Wincompatible-pointer-types]
  output=lookup_widget(togglebutton,"check_rechercher_p_nom");
                       ^~~~~~~~~~~~
In file included from callbacks.c:9:0:
support.h:46:13: note: expected ‘GtkWidget * {aka struct _GtkWidget *}’ but argument is of type ‘GtkToggleButton * {aka struct _GtkToggleButton *}’
 GtkWidget*  lookup_widget              (GtkWidget       *widget,
             ^~~~~~~~~~~~~
In file included from /usr/include/gtk-2.0/gtk/gtk.h:145:0,
                 from callbacks.c:5:
/usr/include/gtk-2.0/gtk/gtkradiobutton.h:41:39: warning: passing argument 1 of ‘gtk_toggle_button_set_active’ from incompatible pointer type [-Wincompatible-pointer-types]
 #define GTK_RADIO_BUTTON(obj)         (G_TYPE_CHECK_INSTANCE_CAST ((obj), GTK_TYPE_RADIO_BUTTON, GtkRadioButton))
                                       ^
callbacks.c:2997:31: note: in expansion of macro ‘GTK_RADIO_BUTTON’
  gtk_toggle_button_set_active(GTK_RADIO_BUTTON(output),FALSE);
                               ^~~~~~~~~~~~~~~~
In file included from /usr/include/gtk-2.0/gtk/gtkcheckbutton.h:35:0,
                 from /usr/include/gtk-2.0/gtk/gtk.h:66,
                 from callbacks.c:5:
/usr/include/gtk-2.0/gtk/gtktogglebutton.h:82:12: note: expected ‘GtkToggleButton * {aka struct _GtkToggleButton *}’ but argument is of type ‘GtkRadioButton * {aka struct _GtkRadioButton *}’
 void       gtk_toggle_button_set_active        (GtkToggleButton *toggle_button,
            ^~~~~~~~~~~~~~~~~~~~~~~~~~~~
callbacks.c:2998:23: warning: passing argument 1 of ‘lookup_widget’ from incompatible pointer type [-Wincompatible-pointer-types]
  output=lookup_widget(togglebutton,"check_rechercher_p_region");
                       ^~~~~~~~~~~~
In file included from callbacks.c:9:0:
support.h:46:13: note: expected ‘GtkWidget * {aka struct _GtkWidget *}’ but argument is of type ‘GtkToggleButton * {aka struct _GtkToggleButton *}’
 GtkWidget*  lookup_widget              (GtkWidget       *widget,
             ^~~~~~~~~~~~~
In file included from /usr/include/gtk-2.0/gtk/gtk.h:145:0,
                 from callbacks.c:5:
/usr/include/gtk-2.0/gtk/gtkradiobutton.h:41:39: warning: passing argument 1 of ‘gtk_toggle_button_set_active’ from incompatible pointer type [-Wincompatible-pointer-types]
 #define GTK_RADIO_BUTTON(obj)         (G_TYPE_CHECK_INSTANCE_CAST ((obj), GTK_TYPE_RADIO_BUTTON, GtkRadioButton))
                                       ^
callbacks.c:2999:31: note: in expansion of macro ‘GTK_RADIO_BUTTON’
  gtk_toggle_button_set_active(GTK_RADIO_BUTTON(output),FALSE);
                               ^~~~~~~~~~~~~~~~
In file included from /usr/include/gtk-2.0/gtk/gtkcheckbutton.h:35:0,
                 from /usr/include/gtk-2.0/gtk/gtk.h:66,
                 from callbacks.c:5:
/usr/include/gtk-2.0/gtk/gtktogglebutton.h:82:12: note: expected ‘GtkToggleButton * {aka struct _GtkToggleButton *}’ but argument is of type ‘GtkRadioButton * {aka struct _GtkRadioButton *}’
 void       gtk_toggle_button_set_active        (GtkToggleButton *toggle_button,
            ^~~~~~~~~~~~~~~~~~~~~~~~~~~~
callbacks.c: In function ‘on_check_rechercher_p_region_toggled’:
callbacks.c:3022:24: warning: passing argument 1 of ‘lookup_widget’ from incompatible pointer type [-Wincompatible-pointer-types]
   output=lookup_widget(togglebutton,"check_rechercher_p_nom");
                        ^~~~~~~~~~~~
In file included from callbacks.c:9:0:
support.h:46:13: note: expected ‘GtkWidget * {aka struct _GtkWidget *}’ but argument is of type ‘GtkToggleButton * {aka struct _GtkToggleButton *}’
 GtkWidget*  lookup_widget              (GtkWidget       *widget,
             ^~~~~~~~~~~~~
In file included from /usr/include/gtk-2.0/gtk/gtk.h:145:0,
                 from callbacks.c:5:
/usr/include/gtk-2.0/gtk/gtkradiobutton.h:41:39: warning: passing argument 1 of ‘gtk_toggle_button_set_active’ from incompatible pointer type [-Wincompatible-pointer-types]
 #define GTK_RADIO_BUTTON(obj)         (G_TYPE_CHECK_INSTANCE_CAST ((obj), GTK_TYPE_RADIO_BUTTON, GtkRadioButton))
                                       ^
callbacks.c:3023:32: note: in expansion of macro ‘GTK_RADIO_BUTTON’
   gtk_toggle_button_set_active(GTK_RADIO_BUTTON(output),FALSE);
                                ^~~~~~~~~~~~~~~~
In file included from /usr/include/gtk-2.0/gtk/gtkcheckbutton.h:35:0,
                 from /usr/include/gtk-2.0/gtk/gtk.h:66,
                 from callbacks.c:5:
/usr/include/gtk-2.0/gtk/gtktogglebutton.h:82:12: note: expected ‘GtkToggleButton * {aka struct _GtkToggleButton *}’ but argument is of type ‘GtkRadioButton * {aka struct _GtkRadioButton *}’
 void       gtk_toggle_button_set_active        (GtkToggleButton *toggle_button,
            ^~~~~~~~~~~~~~~~~~~~~~~~~~~~
callbacks.c:3024:24: warning: passing argument 1 of ‘lookup_widget’ from incompatible pointer type [-Wincompatible-pointer-types]
   output=lookup_widget(togglebutton,"check_rechercher_p_region");
                        ^~~~~~~~~~~~
In file included from callbacks.c:9:0:
support.h:46:13: note: expected ‘GtkWidget * {aka struct _GtkWidget *}’ but argument is of type ‘GtkToggleButton * {aka struct _GtkToggleButton *}’
 GtkWidget*  lookup_widget              (GtkWidget       *widget,
             ^~~~~~~~~~~~~
In file included from /usr/include/gtk-2.0/gtk/gtk.h:145:0,
                 from callbacks.c:5:
/usr/include/gtk-2.0/gtk/gtkradiobutton.h:41:39: warning: passing argument 1 of ‘gtk_toggle_button_set_active’ from incompatible pointer type [-Wincompatible-pointer-types]
 #define GTK_RADIO_BUTTON(obj)         (G_TYPE_CHECK_INSTANCE_CAST ((obj), GTK_TYPE_RADIO_BUTTON, GtkRadioButton))
                                       ^
callbacks.c:3025:32: note: in expansion of macro ‘GTK_RADIO_BUTTON’
   gtk_toggle_button_set_active(GTK_RADIO_BUTTON(output),FALSE);
                                ^~~~~~~~~~~~~~~~
In file included from /usr/include/gtk-2.0/gtk/gtkcheckbutton.h:35:0,
                 from /usr/include/gtk-2.0/gtk/gtk.h:66,
                 from callbacks.c:5:
/usr/include/gtk-2.0/gtk/gtktogglebutton.h:82:12: note: expected ‘GtkToggleButton * {aka struct _GtkToggleButton *}’ but argument is of type ‘GtkRadioButton * {aka struct _GtkRadioButton *}’
 void       gtk_toggle_button_set_active        (GtkToggleButton *toggle_button,
            ^~~~~~~~~~~~~~~~~~~~~~~~~~~~
In file included from /usr/include/glib-2.0/gobject/gobject.h:24:0,
                 from /usr/include/glib-2.0/gobject/gbinding.h:29,
                 from /usr/include/glib-2.0/glib-object.h:23,
                 from /usr/include/glib-2.0/gio/gioenums.h:28,
                 from /usr/include/glib-2.0/gio/giotypes.h:28,
                 from /usr/include/glib-2.0/gio/gio.h:26,
                 from /usr/include/gtk-2.0/gdk/gdkapplaunchcontext.h:30,
                 from /usr/include/gtk-2.0/gdk/gdk.h:32,
                 from /usr/include/gtk-2.0/gtk/gtk.h:32,
                 from callbacks.c:5:
callbacks.c:3026:81: warning: passing argument 1 of ‘gtk_widget_get_toplevel’ from incompatible pointer type [-Wincompatible-pointer-types]
   GtkWidget *dialog = gtk_message_dialog_new(GTK_WINDOW(gtk_widget_get_toplevel(togglebutton)),
                                                                                 ^
/usr/include/glib-2.0/gobject/gtype.h:2224:57: note: in definition of macro ‘_G_TYPE_CIC’
     ((ct*) g_type_check_instance_cast ((GTypeInstance*) ip, gt))
                                                         ^~
/usr/include/gtk-2.0/gtk/gtkwindow.h:42:28: note: in expansion of macro ‘G_TYPE_CHECK_INSTANCE_CAST’
 #define GTK_WINDOW(obj)   (G_TYPE_CHECK_INSTANCE_CAST ((obj), GTK_TYPE_WINDOW, GtkWindow))
                            ^~~~~~~~~~~~~~~~~~~~~~~~~~
callbacks.c:3026:46: note: in expansion of macro ‘GTK_WINDOW’
   GtkWidget *dialog = gtk_message_dialog_new(GTK_WINDOW(gtk_widget_get_toplevel(togglebutton)),
                                              ^~~~~~~~~~
In file included from /usr/include/gtk-2.0/gtk/gtkcontainer.h:35:0,
                 from /usr/include/gtk-2.0/gtk/gtkbin.h:35,
                 from /usr/include/gtk-2.0/gtk/gtkwindow.h:36,
                 from /usr/include/gtk-2.0/gtk/gtkdialog.h:35,
                 from /usr/include/gtk-2.0/gtk/gtkaboutdialog.h:32,
                 from /usr/include/gtk-2.0/gtk/gtk.h:33,
                 from callbacks.c:5:
/usr/include/gtk-2.0/gtk/gtkwidget.h:1050:14: note: expected ‘GtkWidget * {aka struct _GtkWidget *}’ but argument is of type ‘GtkToggleButton * {aka struct _GtkToggleButton *}’
 GtkWidget*   gtk_widget_get_toplevel (GtkWidget *widget);
              ^~~~~~~~~~~~~~~~~~~~~~~
callbacks.c: In function ‘on_check_rechercher_p_nom_toggled’:
callbacks.c:3057:24: warning: passing argument 1 of ‘lookup_widget’ from incompatible pointer type [-Wincompatible-pointer-types]
   output=lookup_widget(togglebutton,"check_rechercher_p_nom");
                        ^~~~~~~~~~~~
In file included from callbacks.c:9:0:
support.h:46:13: note: expected ‘GtkWidget * {aka struct _GtkWidget *}’ but argument is of type ‘GtkToggleButton * {aka struct _GtkToggleButton *}’
 GtkWidget*  lookup_widget              (GtkWidget       *widget,
             ^~~~~~~~~~~~~
In file included from /usr/include/gtk-2.0/gtk/gtk.h:145:0,
                 from callbacks.c:5:
/usr/include/gtk-2.0/gtk/gtkradiobutton.h:41:39: warning: passing argument 1 of ‘gtk_toggle_button_set_active’ from incompatible pointer type [-Wincompatible-pointer-types]
 #define GTK_RADIO_BUTTON(obj)         (G_TYPE_CHECK_INSTANCE_CAST ((obj), GTK_TYPE_RADIO_BUTTON, GtkRadioButton))
                                       ^
callbacks.c:3058:32: note: in expansion of macro ‘GTK_RADIO_BUTTON’
   gtk_toggle_button_set_active(GTK_RADIO_BUTTON(output),FALSE);
                                ^~~~~~~~~~~~~~~~
In file included from /usr/include/gtk-2.0/gtk/gtkcheckbutton.h:35:0,
                 from /usr/include/gtk-2.0/gtk/gtk.h:66,
                 from callbacks.c:5:
/usr/include/gtk-2.0/gtk/gtktogglebutton.h:82:12: note: expected ‘GtkToggleButton * {aka struct _GtkToggleButton *}’ but argument is of type ‘GtkRadioButton * {aka struct _GtkRadioButton *}’
 void       gtk_toggle_button_set_active        (GtkToggleButton *toggle_button,
            ^~~~~~~~~~~~~~~~~~~~~~~~~~~~
callbacks.c:3059:24: warning: passing argument 1 of ‘lookup_widget’ from incompatible pointer type [-Wincompatible-pointer-types]
   output=lookup_widget(togglebutton,"check_rechercher_p_region");
                        ^~~~~~~~~~~~
In file included from callbacks.c:9:0:
support.h:46:13: note: expected ‘GtkWidget * {aka struct _GtkWidget *}’ but argument is of type ‘GtkToggleButton * {aka struct _GtkToggleButton *}’
 GtkWidget*  lookup_widget              (GtkWidget       *widget,
             ^~~~~~~~~~~~~
In file included from /usr/include/gtk-2.0/gtk/gtk.h:145:0,
                 from callbacks.c:5:
/usr/include/gtk-2.0/gtk/gtkradiobutton.h:41:39: warning: passing argument 1 of ‘gtk_toggle_button_set_active’ from incompatible pointer type [-Wincompatible-pointer-types]
 #define GTK_RADIO_BUTTON(obj)         (G_TYPE_CHECK_INSTANCE_CAST ((obj), GTK_TYPE_RADIO_BUTTON, GtkRadioButton))
                                       ^
callbacks.c:3060:32: note: in expansion of macro ‘GTK_RADIO_BUTTON’
   gtk_toggle_button_set_active(GTK_RADIO_BUTTON(output),FALSE);
                                ^~~~~~~~~~~~~~~~
In file included from /usr/include/gtk-2.0/gtk/gtkcheckbutton.h:35:0,
                 from /usr/include/gtk-2.0/gtk/gtk.h:66,
                 from callbacks.c:5:
/usr/include/gtk-2.0/gtk/gtktogglebutton.h:82:12: note: expected ‘GtkToggleButton * {aka struct _GtkToggleButton *}’ but argument is of type ‘GtkRadioButton * {aka struct _GtkRadioButton *}’
 void       gtk_toggle_button_set_active        (GtkToggleButton *toggle_button,
            ^~~~~~~~~~~~~~~~~~~~~~~~~~~~
In file included from /usr/include/glib-2.0/gobject/gobject.h:24:0,
                 from /usr/include/glib-2.0/gobject/gbinding.h:29,
                 from /usr/include/glib-2.0/glib-object.h:23,
                 from /usr/include/glib-2.0/gio/gioenums.h:28,
                 from /usr/include/glib-2.0/gio/giotypes.h:28,
                 from /usr/include/glib-2.0/gio/gio.h:26,
                 from /usr/include/gtk-2.0/gdk/gdkapplaunchcontext.h:30,
                 from /usr/include/gtk-2.0/gdk/gdk.h:32,
                 from /usr/include/gtk-2.0/gtk/gtk.h:32,
                 from callbacks.c:5:
callbacks.c:3061:81: warning: passing argument 1 of ‘gtk_widget_get_toplevel’ from incompatible pointer type [-Wincompatible-pointer-types]
   GtkWidget *dialog = gtk_message_dialog_new(GTK_WINDOW(gtk_widget_get_toplevel(togglebutton)),
                                                                                 ^
/usr/include/glib-2.0/gobject/gtype.h:2224:57: note: in definition of macro ‘_G_TYPE_CIC’
     ((ct*) g_type_check_instance_cast ((GTypeInstance*) ip, gt))
                                                         ^~
/usr/include/gtk-2.0/gtk/gtkwindow.h:42:28: note: in expansion of macro ‘G_TYPE_CHECK_INSTANCE_CAST’
 #define GTK_WINDOW(obj)   (G_TYPE_CHECK_INSTANCE_CAST ((obj), GTK_TYPE_WINDOW, GtkWindow))
                            ^~~~~~~~~~~~~~~~~~~~~~~~~~
callbacks.c:3061:46: note: in expansion of macro ‘GTK_WINDOW’
   GtkWidget *dialog = gtk_message_dialog_new(GTK_WINDOW(gtk_widget_get_toplevel(togglebutton)),
                                              ^~~~~~~~~~
In file included from /usr/include/gtk-2.0/gtk/gtkcontainer.h:35:0,
                 from /usr/include/gtk-2.0/gtk/gtkbin.h:35,
                 from /usr/include/gtk-2.0/gtk/gtkwindow.h:36,
                 from /usr/include/gtk-2.0/gtk/gtkdialog.h:35,
                 from /usr/include/gtk-2.0/gtk/gtkaboutdialog.h:32,
                 from /usr/include/gtk-2.0/gtk/gtk.h:33,
                 from callbacks.c:5:
/usr/include/gtk-2.0/gtk/gtkwidget.h:1050:14: note: expected ‘GtkWidget * {aka struct _GtkWidget *}’ but argument is of type ‘GtkToggleButton * {aka struct _GtkToggleButton *}’
 GtkWidget*   gtk_widget_get_toplevel (GtkWidget *widget);
              ^~~~~~~~~~~~~~~~~~~~~~~
In file included from /usr/include/gtk-2.0/gtk/gtkentrycompletion.h:28:0,
                 from /usr/include/gtk-2.0/gtk/gtkentry.h:43,
                 from /usr/include/gtk-2.0/gtk/gtktreeview.h:31,
                 from /usr/include/gtk-2.0/gtk/gtkcombobox.h:29,
                 from /usr/include/gtk-2.0/gtk/gtk.h:72,
                 from callbacks.c:5:
callbacks.c: In function ‘on_treeview_p_rechercher_row_activated’:
/usr/include/gtk-2.0/gtk/gtkliststore.h:36:36: warning: passing argument 1 of ‘gtk_tree_model_get’ from incompatible pointer type [-Wincompatible-pointer-types]
 #define GTK_LIST_STORE(obj)        (G_TYPE_CHECK_INSTANCE_CAST ((obj), GTK_TYPE_LIST_STORE, GtkListStore))
                                    ^
callbacks.c:3092:28: note: in expansion of macro ‘GTK_LIST_STORE’
         gtk_tree_model_get(GTK_LIST_STORE(model), &iter,
                            ^~~~~~~~~~~~~~
In file included from /usr/include/gtk-2.0/gtk/gtktreeviewcolumn.h:28:0,
                 from /usr/include/gtk-2.0/gtk/gtkcelllayout.h:28,
                 from /usr/include/gtk-2.0/gtk/gtk.h:55,
                 from callbacks.c:5:
/usr/include/gtk-2.0/gtk/gtktreemodel.h:234:19: note: expected ‘GtkTreeModel * {aka struct _GtkTreeModel *}’ but argument is of type ‘GtkListStore * {aka struct _GtkListStore *}’
 void              gtk_tree_model_get             (GtkTreeModel *tree_model,
                   ^~~~~~~~~~~~~~~~~~
In file included from /usr/include/glib-2.0/gobject/gobject.h:24:0,
                 from /usr/include/glib-2.0/gobject/gbinding.h:29,
                 from /usr/include/glib-2.0/glib-object.h:23,
                 from /usr/include/glib-2.0/gio/gioenums.h:28,
                 from /usr/include/glib-2.0/gio/giotypes.h:28,
                 from /usr/include/glib-2.0/gio/gio.h:26,
                 from /usr/include/gtk-2.0/gdk/gdkapplaunchcontext.h:30,
                 from /usr/include/gtk-2.0/gdk/gdk.h:32,
                 from /usr/include/gtk-2.0/gtk/gtk.h:32,
                 from callbacks.c:5:
callbacks.c:3100:75: warning: passing argument 1 of ‘gtk_widget_get_toplevel’ from incompatible pointer type [-Wincompatible-pointer-types]
             GtkWindow *parent_window = GTK_WINDOW(gtk_widget_get_toplevel(treeview));
                                                                           ^
/usr/include/glib-2.0/gobject/gtype.h:2224:57: note: in definition of macro ‘_G_TYPE_CIC’
     ((ct*) g_type_check_instance_cast ((GTypeInstance*) ip, gt))
                                                         ^~
/usr/include/gtk-2.0/gtk/gtkwindow.h:42:28: note: in expansion of macro ‘G_TYPE_CHECK_INSTANCE_CAST’
 #define GTK_WINDOW(obj)   (G_TYPE_CHECK_INSTANCE_CAST ((obj), GTK_TYPE_WINDOW, GtkWindow))
                            ^~~~~~~~~~~~~~~~~~~~~~~~~~
callbacks.c:3100:40: note: in expansion of macro ‘GTK_WINDOW’
             GtkWindow *parent_window = GTK_WINDOW(gtk_widget_get_toplevel(treeview));
                                        ^~~~~~~~~~
In file included from /usr/include/gtk-2.0/gtk/gtkcontainer.h:35:0,
                 from /usr/include/gtk-2.0/gtk/gtkbin.h:35,
                 from /usr/include/gtk-2.0/gtk/gtkwindow.h:36,
                 from /usr/include/gtk-2.0/gtk/gtkdialog.h:35,
                 from /usr/include/gtk-2.0/gtk/gtkaboutdialog.h:32,
                 from /usr/include/gtk-2.0/gtk/gtk.h:33,
                 from callbacks.c:5:
/usr/include/gtk-2.0/gtk/gtkwidget.h:1050:14: note: expected ‘GtkWidget * {aka struct _GtkWidget *}’ but argument is of type ‘GtkTreeView * {aka struct _GtkTreeView *}’
 GtkWidget*   gtk_widget_get_toplevel (GtkWidget *widget);
              ^~~~~~~~~~~~~~~~~~~~~~~
callbacks.c:3107:17: warning: format not a string literal and no format arguments [-Wformat-security]
                 msg
                 ^~~
callbacks.c:3122:34: warning: passing argument 1 of ‘on_rechercher_p_button_clicked’ from incompatible pointer type [-Wincompatible-pointer-types]
   on_rechercher_p_button_clicked(treeview,user_data);
                                  ^~~~~~~~
callbacks.c:2807:6: note: expected ‘GtkWidget * {aka struct _GtkWidget *}’ but argument is of type ‘GtkTreeView * {aka struct _GtkTreeView *}’
 void on_rechercher_p_button_clicked(GtkWidget *objet_graphique, gpointer user_data) {
      ^~~~~~~~~~~~~~~~~~~~~~~~~~~~~~
In file included from /usr/include/glib-2.0/gobject/gobject.h:24:0,
                 from /usr/include/glib-2.0/gobject/gbinding.h:29,
                 from /usr/include/glib-2.0/glib-object.h:23,
                 from /usr/include/glib-2.0/gio/gioenums.h:28,
                 from /usr/include/glib-2.0/gio/giotypes.h:28,
                 from /usr/include/glib-2.0/gio/gio.h:26,
                 from /usr/include/gtk-2.0/gdk/gdkapplaunchcontext.h:30,
                 from /usr/include/gtk-2.0/gdk/gdk.h:32,
                 from /usr/include/gtk-2.0/gtk/gtk.h:32,
                 from callbacks.c:5:
callbacks.c:3127:56: warning: passing argument 1 of ‘gtk_widget_get_toplevel’ from incompatible pointer type [-Wincompatible-pointer-types]
                     GTK_WINDOW(gtk_widget_get_toplevel(treeview)),
                                                        ^
/usr/include/glib-2.0/gobject/gtype.h:2224:57: note: in definition of macro ‘_G_TYPE_CIC’
     ((ct*) g_type_check_instance_cast ((GTypeInstance*) ip, gt))
                                                         ^~
/usr/include/gtk-2.0/gtk/gtkwindow.h:42:28: note: in expansion of macro ‘G_TYPE_CHECK_INSTANCE_CAST’
 #define GTK_WINDOW(obj)   (G_TYPE_CHECK_INSTANCE_CAST ((obj), GTK_TYPE_WINDOW, GtkWindow))
                            ^~~~~~~~~~~~~~~~~~~~~~~~~~
callbacks.c:3127:21: note: in expansion of macro ‘GTK_WINDOW’
                     GTK_WINDOW(gtk_widget_get_toplevel(treeview)),
                     ^~~~~~~~~~
In file included from /usr/include/gtk-2.0/gtk/gtkcontainer.h:35:0,
                 from /usr/include/gtk-2.0/gtk/gtkbin.h:35,
                 from /usr/include/gtk-2.0/gtk/gtkwindow.h:36,
                 from /usr/include/gtk-2.0/gtk/gtkdialog.h:35,
                 from /usr/include/gtk-2.0/gtk/gtkaboutdialog.h:32,
                 from /usr/include/gtk-2.0/gtk/gtk.h:33,
                 from callbacks.c:5:
/usr/include/gtk-2.0/gtk/gtkwidget.h:1050:14: note: expected ‘GtkWidget * {aka struct _GtkWidget *}’ but argument is of type ‘GtkTreeView * {aka struct _GtkTreeView *}’
 GtkWidget*   gtk_widget_get_toplevel (GtkWidget *widget);
              ^~~~~~~~~~~~~~~~~~~~~~~
callbacks.c:3131:21: warning: format not a string literal and no format arguments [-Wformat-security]
                     msg
                     ^~~
In file included from /usr/include/glib-2.0/gobject/gobject.h:24:0,
                 from /usr/include/glib-2.0/gobject/gbinding.h:29,
                 from /usr/include/glib-2.0/glib-object.h:23,
                 from /usr/include/glib-2.0/gio/gioenums.h:28,
                 from /usr/include/glib-2.0/gio/giotypes.h:28,
                 from /usr/include/glib-2.0/gio/gio.h:26,
                 from /usr/include/gtk-2.0/gdk/gdkapplaunchcontext.h:30,
                 from /usr/include/gtk-2.0/gdk/gdk.h:32,
                 from /usr/include/gtk-2.0/gtk/gtk.h:32,
                 from callbacks.c:5:
callbacks.c:3140:56: warning: passing argument 1 of ‘gtk_widget_get_toplevel’ from incompatible pointer type [-Wincompatible-pointer-types]
                     GTK_WINDOW(gtk_widget_get_toplevel(treeview)),
                                                        ^
/usr/include/glib-2.0/gobject/gtype.h:2224:57: note: in definition of macro ‘_G_TYPE_CIC’
     ((ct*) g_type_check_instance_cast ((GTypeInstance*) ip, gt))
                                                         ^~
/usr/include/gtk-2.0/gtk/gtkwindow.h:42:28: note: in expansion of macro ‘G_TYPE_CHECK_INSTANCE_CAST’
 #define GTK_WINDOW(obj)   (G_TYPE_CHECK_INSTANCE_CAST ((obj), GTK_TYPE_WINDOW, GtkWindow))
                            ^~~~~~~~~~~~~~~~~~~~~~~~~~
callbacks.c:3140:21: note: in expansion of macro ‘GTK_WINDOW’
                     GTK_WINDOW(gtk_widget_get_toplevel(treeview)),
                     ^~~~~~~~~~
In file included from /usr/include/gtk-2.0/gtk/gtkcontainer.h:35:0,
                 from /usr/include/gtk-2.0/gtk/gtkbin.h:35,
                 from /usr/include/gtk-2.0/gtk/gtkwindow.h:36,
                 from /usr/include/gtk-2.0/gtk/gtkdialog.h:35,
                 from /usr/include/gtk-2.0/gtk/gtkaboutdialog.h:32,
                 from /usr/include/gtk-2.0/gtk/gtk.h:33,
                 from callbacks.c:5:
/usr/include/gtk-2.0/gtk/gtkwidget.h:1050:14: note: expected ‘GtkWidget * {aka struct _GtkWidget *}’ but argument is of type ‘GtkTreeView * {aka struct _GtkTreeView *}’
 GtkWidget*   gtk_widget_get_toplevel (GtkWidget *widget);
              ^~~~~~~~~~~~~~~~~~~~~~~
In file included from /usr/include/gtk-2.0/gtk/gtkentrycompletion.h:28:0,
                 from /usr/include/gtk-2.0/gtk/gtkentry.h:43,
                 from /usr/include/gtk-2.0/gtk/gtktreeview.h:31,
                 from /usr/include/gtk-2.0/gtk/gtkcombobox.h:29,
                 from /usr/include/gtk-2.0/gtk/gtk.h:72,
                 from callbacks.c:5:
callbacks.c: In function ‘on_treeview_afficher_parking_row_activated’:
/usr/include/gtk-2.0/gtk/gtkliststore.h:36:36: warning: passing argument 1 of ‘gtk_tree_model_get’ from incompatible pointer type [-Wincompatible-pointer-types]
 #define GTK_LIST_STORE(obj)        (G_TYPE_CHECK_INSTANCE_CAST ((obj), GTK_TYPE_LIST_STORE, GtkListStore))
                                    ^
callbacks.c:3175:28: note: in expansion of macro ‘GTK_LIST_STORE’
         gtk_tree_model_get(GTK_LIST_STORE(model), &iter,
                            ^~~~~~~~~~~~~~
In file included from /usr/include/gtk-2.0/gtk/gtktreeviewcolumn.h:28:0,
                 from /usr/include/gtk-2.0/gtk/gtkcelllayout.h:28,
                 from /usr/include/gtk-2.0/gtk/gtk.h:55,
                 from callbacks.c:5:
/usr/include/gtk-2.0/gtk/gtktreemodel.h:234:19: note: expected ‘GtkTreeModel * {aka struct _GtkTreeModel *}’ but argument is of type ‘GtkListStore * {aka struct _GtkListStore *}’
 void              gtk_tree_model_get             (GtkTreeModel *tree_model,
                   ^~~~~~~~~~~~~~~~~~
In file included from /usr/include/glib-2.0/gobject/gobject.h:24:0,
                 from /usr/include/glib-2.0/gobject/gbinding.h:29,
                 from /usr/include/glib-2.0/glib-object.h:23,
                 from /usr/include/glib-2.0/gio/gioenums.h:28,
                 from /usr/include/glib-2.0/gio/giotypes.h:28,
                 from /usr/include/glib-2.0/gio/gio.h:26,
                 from /usr/include/gtk-2.0/gdk/gdkapplaunchcontext.h:30,
                 from /usr/include/gtk-2.0/gdk/gdk.h:32,
                 from /usr/include/gtk-2.0/gtk/gtk.h:32,
                 from callbacks.c:5:
callbacks.c:3182:75: warning: passing argument 1 of ‘gtk_widget_get_toplevel’ from incompatible pointer type [-Wincompatible-pointer-types]
             GtkWindow *parent_window = GTK_WINDOW(gtk_widget_get_toplevel(treeview));
                                                                           ^
/usr/include/glib-2.0/gobject/gtype.h:2224:57: note: in definition of macro ‘_G_TYPE_CIC’
     ((ct*) g_type_check_instance_cast ((GTypeInstance*) ip, gt))
                                                         ^~
/usr/include/gtk-2.0/gtk/gtkwindow.h:42:28: note: in expansion of macro ‘G_TYPE_CHECK_INSTANCE_CAST’
 #define GTK_WINDOW(obj)   (G_TYPE_CHECK_INSTANCE_CAST ((obj), GTK_TYPE_WINDOW, GtkWindow))
                            ^~~~~~~~~~~~~~~~~~~~~~~~~~
callbacks.c:3182:40: note: in expansion of macro ‘GTK_WINDOW’
             GtkWindow *parent_window = GTK_WINDOW(gtk_widget_get_toplevel(treeview));
                                        ^~~~~~~~~~
In file included from /usr/include/gtk-2.0/gtk/gtkcontainer.h:35:0,
                 from /usr/include/gtk-2.0/gtk/gtkbin.h:35,
                 from /usr/include/gtk-2.0/gtk/gtkwindow.h:36,
                 from /usr/include/gtk-2.0/gtk/gtkdialog.h:35,
                 from /usr/include/gtk-2.0/gtk/gtkaboutdialog.h:32,
                 from /usr/include/gtk-2.0/gtk/gtk.h:33,
                 from callbacks.c:5:
/usr/include/gtk-2.0/gtk/gtkwidget.h:1050:14: note: expected ‘GtkWidget * {aka struct _GtkWidget *}’ but argument is of type ‘GtkTreeView * {aka struct _GtkTreeView *}’
 GtkWidget*   gtk_widget_get_toplevel (GtkWidget *widget);
              ^~~~~~~~~~~~~~~~~~~~~~~
In file included from /usr/include/glib-2.0/gobject/gobject.h:24:0,
                 from /usr/include/glib-2.0/gobject/gbinding.h:29,
                 from /usr/include/glib-2.0/glib-object.h:23,
                 from /usr/include/glib-2.0/gio/gioenums.h:28,
                 from /usr/include/glib-2.0/gio/giotypes.h:28,
                 from /usr/include/glib-2.0/gio/gio.h:26,
                 from /usr/include/gtk-2.0/gdk/gdkapplaunchcontext.h:30,
                 from /usr/include/gtk-2.0/gdk/gdk.h:32,
                 from /usr/include/gtk-2.0/gtk/gtk.h:32,
                 from callbacks.c:5:
callbacks.c:3204:56: warning: passing argument 1 of ‘gtk_widget_get_toplevel’ from incompatible pointer type [-Wincompatible-pointer-types]
                     GTK_WINDOW(gtk_widget_get_toplevel(treeview)),
                                                        ^
/usr/include/glib-2.0/gobject/gtype.h:2224:57: note: in definition of macro ‘_G_TYPE_CIC’
     ((ct*) g_type_check_instance_cast ((GTypeInstance*) ip, gt))
                                                         ^~
/usr/include/gtk-2.0/gtk/gtkwindow.h:42:28: note: in expansion of macro ‘G_TYPE_CHECK_INSTANCE_CAST’
 #define GTK_WINDOW(obj)   (G_TYPE_CHECK_INSTANCE_CAST ((obj), GTK_TYPE_WINDOW, GtkWindow))
                            ^~~~~~~~~~~~~~~~~~~~~~~~~~
callbacks.c:3204:21: note: in expansion of macro ‘GTK_WINDOW’
                     GTK_WINDOW(gtk_widget_get_toplevel(treeview)),
                     ^~~~~~~~~~
In file included from /usr/include/gtk-2.0/gtk/gtkcontainer.h:35:0,
                 from /usr/include/gtk-2.0/gtk/gtkbin.h:35,
                 from /usr/include/gtk-2.0/gtk/gtkwindow.h:36,
                 from /usr/include/gtk-2.0/gtk/gtkdialog.h:35,
                 from /usr/include/gtk-2.0/gtk/gtkaboutdialog.h:32,
                 from /usr/include/gtk-2.0/gtk/gtk.h:33,
                 from callbacks.c:5:
/usr/include/gtk-2.0/gtk/gtkwidget.h:1050:14: note: expected ‘GtkWidget * {aka struct _GtkWidget *}’ but argument is of type ‘GtkTreeView * {aka struct _GtkTreeView *}’
 GtkWidget*   gtk_widget_get_toplevel (GtkWidget *widget);
              ^~~~~~~~~~~~~~~~~~~~~~~
In file included from /usr/include/glib-2.0/gobject/gobject.h:24:0,
                 from /usr/include/glib-2.0/gobject/gbinding.h:29,
                 from /usr/include/glib-2.0/glib-object.h:23,
                 from /usr/include/glib-2.0/gio/gioenums.h:28,
                 from /usr/include/glib-2.0/gio/giotypes.h:28,
                 from /usr/include/glib-2.0/gio/gio.h:26,
                 from /usr/include/gtk-2.0/gdk/gdkapplaunchcontext.h:30,
                 from /usr/include/gtk-2.0/gdk/gdk.h:32,
                 from /usr/include/gtk-2.0/gtk/gtk.h:32,
                 from callbacks.c:5:
callbacks.c:3217:56: warning: passing argument 1 of ‘gtk_widget_get_toplevel’ from incompatible pointer type [-Wincompatible-pointer-types]
                     GTK_WINDOW(gtk_widget_get_toplevel(treeview)),
                                                        ^
/usr/include/glib-2.0/gobject/gtype.h:2224:57: note: in definition of macro ‘_G_TYPE_CIC’
     ((ct*) g_type_check_instance_cast ((GTypeInstance*) ip, gt))
                                                         ^~
/usr/include/gtk-2.0/gtk/gtkwindow.h:42:28: note: in expansion of macro ‘G_TYPE_CHECK_INSTANCE_CAST’
 #define GTK_WINDOW(obj)   (G_TYPE_CHECK_INSTANCE_CAST ((obj), GTK_TYPE_WINDOW, GtkWindow))
                            ^~~~~~~~~~~~~~~~~~~~~~~~~~
callbacks.c:3217:21: note: in expansion of macro ‘GTK_WINDOW’
                     GTK_WINDOW(gtk_widget_get_toplevel(treeview)),
                     ^~~~~~~~~~
In file included from /usr/include/gtk-2.0/gtk/gtkcontainer.h:35:0,
                 from /usr/include/gtk-2.0/gtk/gtkbin.h:35,
                 from /usr/include/gtk-2.0/gtk/gtkwindow.h:36,
                 from /usr/include/gtk-2.0/gtk/gtkdialog.h:35,
                 from /usr/include/gtk-2.0/gtk/gtkaboutdialog.h:32,
                 from /usr/include/gtk-2.0/gtk/gtk.h:33,
                 from callbacks.c:5:
/usr/include/gtk-2.0/gtk/gtkwidget.h:1050:14: note: expected ‘GtkWidget * {aka struct _GtkWidget *}’ but argument is of type ‘GtkTreeView * {aka struct _GtkTreeView *}’
 GtkWidget*   gtk_widget_get_toplevel (GtkWidget *widget);
              ^~~~~~~~~~~~~~~~~~~~~~~
callbacks.c: In function ‘on_affecter_agent_button_clicked’:
callbacks.c:3329:17: warning: format not a string literal and no format arguments [-Wformat-security]
                 msg
                 ^~~
callbacks.c:3334:17: warning: zero-length gnu_printf format string [-Wformat-zero-length]
                 ""
                 ^~
callbacks.c:3350:21: warning: format not a string literal and no format arguments [-Wformat-security]
                     msg
                     ^~~
In file included from /usr/include/gtk-2.0/gtk/gtkentrycompletion.h:28:0,
                 from /usr/include/gtk-2.0/gtk/gtkentry.h:43,
                 from /usr/include/gtk-2.0/gtk/gtktreeview.h:31,
                 from /usr/include/gtk-2.0/gtk/gtkcombobox.h:29,
                 from /usr/include/gtk-2.0/gtk/gtk.h:72,
                 from callbacks.c:5:
callbacks.c: In function ‘on_affecter_treeview_parking_row_activated’:
/usr/include/gtk-2.0/gtk/gtkliststore.h:36:36: warning: passing argument 1 of ‘gtk_tree_model_get’ from incompatible pointer type [-Wincompatible-pointer-types]
 #define GTK_LIST_STORE(obj)        (G_TYPE_CHECK_INSTANCE_CAST ((obj), GTK_TYPE_LIST_STORE, GtkListStore))
                                    ^
callbacks.c:3392:28: note: in expansion of macro ‘GTK_LIST_STORE’
         gtk_tree_model_get(GTK_LIST_STORE(model), &iter,
                            ^~~~~~~~~~~~~~
In file included from /usr/include/gtk-2.0/gtk/gtktreeviewcolumn.h:28:0,
                 from /usr/include/gtk-2.0/gtk/gtkcelllayout.h:28,
                 from /usr/include/gtk-2.0/gtk/gtk.h:55,
                 from callbacks.c:5:
/usr/include/gtk-2.0/gtk/gtktreemodel.h:234:19: note: expected ‘GtkTreeModel * {aka struct _GtkTreeModel *}’ but argument is of type ‘GtkListStore * {aka struct _GtkListStore *}’
 void              gtk_tree_model_get             (GtkTreeModel *tree_model,
                   ^~~~~~~~~~~~~~~~~~
In file included from /usr/include/gtk-2.0/gtk/gtkentrycompletion.h:28:0,
                 from /usr/include/gtk-2.0/gtk/gtkentry.h:43,
                 from /usr/include/gtk-2.0/gtk/gtktreeview.h:31,
                 from /usr/include/gtk-2.0/gtk/gtkcombobox.h:29,
                 from /usr/include/gtk-2.0/gtk/gtk.h:72,
                 from callbacks.c:5:
callbacks.c: In function ‘on_affecte_treeview_agent_row_activated’:
/usr/include/gtk-2.0/gtk/gtkliststore.h:36:36: warning: passing argument 1 of ‘gtk_tree_model_get’ from incompatible pointer type [-Wincompatible-pointer-types]
 #define GTK_LIST_STORE(obj)        (G_TYPE_CHECK_INSTANCE_CAST ((obj), GTK_TYPE_LIST_STORE, GtkListStore))
                                    ^
callbacks.c:3432:28: note: in expansion of macro ‘GTK_LIST_STORE’
         gtk_tree_model_get(GTK_LIST_STORE(model), &iter,
                            ^~~~~~~~~~~~~~
In file included from /usr/include/gtk-2.0/gtk/gtktreeviewcolumn.h:28:0,
                 from /usr/include/gtk-2.0/gtk/gtkcelllayout.h:28,
                 from /usr/include/gtk-2.0/gtk/gtk.h:55,
                 from callbacks.c:5:
/usr/include/gtk-2.0/gtk/gtktreemodel.h:234:19: note: expected ‘GtkTreeModel * {aka struct _GtkTreeModel *}’ but argument is of type ‘GtkListStore * {aka struct _GtkListStore *}’
 void              gtk_tree_model_get             (GtkTreeModel *tree_model,
                   ^~~~~~~~~~~~~~~~~~
callbacks.c: In function ‘on_affecteragent_afficherbutton_clicked’:
callbacks.c:3467:2: warning: implicit declaration of function ‘afficher_parkingsansagent’; did you mean ‘afficherParkings’? [-Wimplicit-function-declaration]
  afficher_parkingsansagent("parking.txt",treeview_affecter_parking );
  ^~~~~~~~~~~~~~~~~~~~~~~~~
  afficherParkings
In file included from /usr/include/gtk-2.0/gtk/gtk.h:145:0,
                 from callbacks.c:5:
callbacks.c: In function ‘on_annul_ajout_button_clicked’:
/usr/include/gtk-2.0/gtk/gtkradiobutton.h:41:39: warning: passing argument 1 of ‘gtk_toggle_button_set_active’ from incompatible pointer type [-Wincompatible-pointer-types]
 #define GTK_RADIO_BUTTON(obj)         (G_TYPE_CHECK_INSTANCE_CAST ((obj), GTK_TYPE_RADIO_BUTTON, GtkRadioButton))
                                       ^
callbacks.c:3574:31: note: in expansion of macro ‘GTK_RADIO_BUTTON’
  gtk_toggle_button_set_active(GTK_RADIO_BUTTON(check_b),FALSE);
                               ^~~~~~~~~~~~~~~~
In file included from /usr/include/gtk-2.0/gtk/gtkcheckbutton.h:35:0,
                 from /usr/include/gtk-2.0/gtk/gtk.h:66,
                 from callbacks.c:5:
/usr/include/gtk-2.0/gtk/gtktogglebutton.h:82:12: note: expected ‘GtkToggleButton * {aka struct _GtkToggleButton *}’ but argument is of type ‘GtkRadioButton * {aka struct _GtkRadioButton *}’
 void       gtk_toggle_button_set_active        (GtkToggleButton *toggle_button,
            ^~~~~~~~~~~~~~~~~~~~~~~~~~~~
In file included from /usr/include/gtk-2.0/gtk/gtk.h:145:0,
                 from callbacks.c:5:
/usr/include/gtk-2.0/gtk/gtkradiobutton.h:41:39: warning: passing argument 1 of ‘gtk_toggle_button_set_active’ from incompatible pointer type [-Wincompatible-pointer-types]
 #define GTK_RADIO_BUTTON(obj)         (G_TYPE_CHECK_INSTANCE_CAST ((obj), GTK_TYPE_RADIO_BUTTON, GtkRadioButton))
                                       ^
callbacks.c:3576:31: note: in expansion of macro ‘GTK_RADIO_BUTTON’
  gtk_toggle_button_set_active(GTK_RADIO_BUTTON(check_b),FALSE);
                               ^~~~~~~~~~~~~~~~
In file included from /usr/include/gtk-2.0/gtk/gtkcheckbutton.h:35:0,
                 from /usr/include/gtk-2.0/gtk/gtk.h:66,
                 from callbacks.c:5:
/usr/include/gtk-2.0/gtk/gtktogglebutton.h:82:12: note: expected ‘GtkToggleButton * {aka struct _GtkToggleButton *}’ but argument is of type ‘GtkRadioButton * {aka struct _GtkRadioButton *}’
 void       gtk_toggle_button_set_active        (GtkToggleButton *toggle_button,
            ^~~~~~~~~~~~~~~~~~~~~~~~~~~~
callbacks.c: In function ‘on_button_a_sv_clicked’:
callbacks.c:3740:4: warning: format not a string literal and no format arguments [-Wformat-security]
    tmp);
    ^~~
callbacks.c: In function ‘on_button_sup_aj_sv_clicked’:
callbacks.c:3810:4: warning: format not a string literal and no format arguments [-Wformat-security]
    tmp);
    ^~~
callbacks.c: In function ‘on_button_modif_sv_clicked’:
callbacks.c:3917:4: warning: format not a string literal and no format arguments [-Wformat-security]
    tmp);
    ^~~
callbacks.c: In function ‘on_button_a_modif_sv_clicked’:
callbacks.c:3986:4: warning: format not a string literal and no format arguments [-Wformat-security]
    tmp);
    ^~~
In file included from /usr/include/gtk-2.0/gtk/gtk.h:145:0,
                 from callbacks.c:5:
callbacks.c: In function ‘on_button_r_id_sv_m_clicked’:
/usr/include/gtk-2.0/gtk/gtkradiobutton.h:41:39: warning: passing argument 1 of ‘gtk_toggle_button_set_active’ from incompatible pointer type [-Wincompatible-pointer-types]
 #define GTK_RADIO_BUTTON(obj)         (G_TYPE_CHECK_INSTANCE_CAST ((obj), GTK_TYPE_RADIO_BUTTON, GtkRadioButton))
                                       ^
callbacks.c:4077:32: note: in expansion of macro ‘GTK_RADIO_BUTTON’
   gtk_toggle_button_set_active(GTK_RADIO_BUTTON(output),TRUE);
                                ^~~~~~~~~~~~~~~~
In file included from /usr/include/gtk-2.0/gtk/gtkcheckbutton.h:35:0,
                 from /usr/include/gtk-2.0/gtk/gtk.h:66,
                 from callbacks.c:5:
/usr/include/gtk-2.0/gtk/gtktogglebutton.h:82:12: note: expected ‘GtkToggleButton * {aka struct _GtkToggleButton *}’ but argument is of type ‘GtkRadioButton * {aka struct _GtkRadioButton *}’
 void       gtk_toggle_button_set_active        (GtkToggleButton *toggle_button,
            ^~~~~~~~~~~~~~~~~~~~~~~~~~~~
In file included from /usr/include/gtk-2.0/gtk/gtk.h:145:0,
                 from callbacks.c:5:
/usr/include/gtk-2.0/gtk/gtkradiobutton.h:41:39: warning: passing argument 1 of ‘gtk_toggle_button_set_active’ from incompatible pointer type [-Wincompatible-pointer-types]
 #define GTK_RADIO_BUTTON(obj)         (G_TYPE_CHECK_INSTANCE_CAST ((obj), GTK_TYPE_RADIO_BUTTON, GtkRadioButton))
                                       ^
callbacks.c:4079:32: note: in expansion of macro ‘GTK_RADIO_BUTTON’
   gtk_toggle_button_set_active(GTK_RADIO_BUTTON(output),FALSE);
                                ^~~~~~~~~~~~~~~~
In file included from /usr/include/gtk-2.0/gtk/gtkcheckbutton.h:35:0,
                 from /usr/include/gtk-2.0/gtk/gtk.h:66,
                 from callbacks.c:5:
/usr/include/gtk-2.0/gtk/gtktogglebutton.h:82:12: note: expected ‘GtkToggleButton * {aka struct _GtkToggleButton *}’ but argument is of type ‘GtkRadioButton * {aka struct _GtkRadioButton *}’
 void       gtk_toggle_button_set_active        (GtkToggleButton *toggle_button,
            ^~~~~~~~~~~~~~~~~~~~~~~~~~~~
In file included from /usr/include/gtk-2.0/gtk/gtk.h:145:0,
                 from callbacks.c:5:
/usr/include/gtk-2.0/gtk/gtkradiobutton.h:41:39: warning: passing argument 1 of ‘gtk_toggle_button_set_active’ from incompatible pointer type [-Wincompatible-pointer-types]
 #define GTK_RADIO_BUTTON(obj)         (G_TYPE_CHECK_INSTANCE_CAST ((obj), GTK_TYPE_RADIO_BUTTON, GtkRadioButton))
                                       ^
callbacks.c:4083:32: note: in expansion of macro ‘GTK_RADIO_BUTTON’
   gtk_toggle_button_set_active(GTK_RADIO_BUTTON(output),TRUE);
                                ^~~~~~~~~~~~~~~~
In file included from /usr/include/gtk-2.0/gtk/gtkcheckbutton.h:35:0,
                 from /usr/include/gtk-2.0/gtk/gtk.h:66,
                 from callbacks.c:5:
/usr/include/gtk-2.0/gtk/gtktogglebutton.h:82:12: note: expected ‘GtkToggleButton * {aka struct _GtkToggleButton *}’ but argument is of type ‘GtkRadioButton * {aka struct _GtkRadioButton *}’
 void       gtk_toggle_button_set_active        (GtkToggleButton *toggle_button,
            ^~~~~~~~~~~~~~~~~~~~~~~~~~~~
In file included from /usr/include/gtk-2.0/gtk/gtk.h:145:0,
                 from callbacks.c:5:
/usr/include/gtk-2.0/gtk/gtkradiobutton.h:41:39: warning: passing argument 1 of ‘gtk_toggle_button_set_active’ from incompatible pointer type [-Wincompatible-pointer-types]
 #define GTK_RADIO_BUTTON(obj)         (G_TYPE_CHECK_INSTANCE_CAST ((obj), GTK_TYPE_RADIO_BUTTON, GtkRadioButton))
                                       ^
callbacks.c:4085:32: note: in expansion of macro ‘GTK_RADIO_BUTTON’
   gtk_toggle_button_set_active(GTK_RADIO_BUTTON(output),FALSE);
                                ^~~~~~~~~~~~~~~~
In file included from /usr/include/gtk-2.0/gtk/gtkcheckbutton.h:35:0,
                 from /usr/include/gtk-2.0/gtk/gtk.h:66,
                 from callbacks.c:5:
/usr/include/gtk-2.0/gtk/gtktogglebutton.h:82:12: note: expected ‘GtkToggleButton * {aka struct _GtkToggleButton *}’ but argument is of type ‘GtkRadioButton * {aka struct _GtkRadioButton *}’
 void       gtk_toggle_button_set_active        (GtkToggleButton *toggle_button,
            ^~~~~~~~~~~~~~~~~~~~~~~~~~~~
callbacks.c:4112:4: warning: format not a string literal and no format arguments [-Wformat-security]
    tmp);
    ^~~
callbacks.c: In function ‘on_button_supprimmer_sv_clicked’:
callbacks.c:4175:4: warning: format not a string literal and no format arguments [-Wformat-security]
    tmp);
    ^~~
callbacks.c:4185:4: warning: format not a string literal and no format arguments [-Wformat-security]
    tmp);
    ^~~
callbacks.c: In function ‘on_button_a_agent_clicked’:
callbacks.c:4366:35: warning: passing argument 1 of ‘gtk_toggle_button_get_active’ from incompatible pointer type [-Wincompatible-pointer-types]
  if (gtk_toggle_button_get_active(input)) a.sexe=0;
                                   ^~~~~
In file included from /usr/include/gtk-2.0/gtk/gtkcheckbutton.h:35:0,
                 from /usr/include/gtk-2.0/gtk/gtk.h:66,
                 from callbacks.c:5:
/usr/include/gtk-2.0/gtk/gtktogglebutton.h:84:12: note: expected ‘GtkToggleButton * {aka struct _GtkToggleButton *}’ but argument is of type ‘GtkWidget * {aka struct _GtkWidget *}’
 gboolean   gtk_toggle_button_get_active        (GtkToggleButton *toggle_button);
            ^~~~~~~~~~~~~~~~~~~~~~~~~~~~
callbacks.c:4374:33: warning: passing argument 1 of ‘gtk_toggle_button_get_active’ from incompatible pointer type [-Wincompatible-pointer-types]
  e=gtk_toggle_button_get_active(input);
                                 ^~~~~
In file included from /usr/include/gtk-2.0/gtk/gtkcheckbutton.h:35:0,
                 from /usr/include/gtk-2.0/gtk/gtk.h:66,
                 from callbacks.c:5:
/usr/include/gtk-2.0/gtk/gtktogglebutton.h:84:12: note: expected ‘GtkToggleButton * {aka struct _GtkToggleButton *}’ but argument is of type ‘GtkWidget * {aka struct _GtkWidget *}’
 gboolean   gtk_toggle_button_get_active        (GtkToggleButton *toggle_button);
            ^~~~~~~~~~~~~~~~~~~~~~~~~~~~
callbacks.c:4406:4: warning: format not a string literal and no format arguments [-Wformat-security]
    tmp);
    ^~~
callbacks.c: In function ‘on_button_modifier_agent_clicked’:
callbacks.c:4578:4: warning: format not a string literal and no format arguments [-Wformat-security]
    tmp);
    ^~~
callbacks.c: In function ‘on_button_r_id_ag_clicked’:
callbacks.c:4653:4: warning: format not a string literal and no format arguments [-Wformat-security]
    tmp);
    ^~~
callbacks.c: In function ‘on_button_supprimer_agent_clicked’:
callbacks.c:4727:4: warning: format not a string literal and no format arguments [-Wformat-security]
    tmp);
    ^~~
callbacks.c:4737:4: warning: format not a string literal and no format arguments [-Wformat-security]
    tmp);
    ^~~
callbacks.c: In function ‘on_buttonafficher_clicked’:
callbacks.c:5163:39: warning: passing argument 1 of ‘lookup_widget’ from incompatible pointer type [-Wincompatible-pointer-types]
  treeview_afficher_res= lookup_widget(button, "treeafficher");
                                       ^~~~~~
In file included from callbacks.c:9:0:
support.h:46:13: note: expected ‘GtkWidget * {aka struct _GtkWidget *}’ but argument is of type ‘GtkButton * {aka struct _GtkButton *}’
 GtkWidget*  lookup_widget              (GtkWidget       *widget,
             ^~~~~~~~~~~~~
callbacks.c:5172:2: warning: implicit declaration of function ‘vider_reservation’; did you mean ‘afficher_reservation’? [-Wimplicit-function-declaration]
  vider_reservation(treeview_afficher_res);
  ^~~~~~~~~~~~~~~~~
  afficher_reservation
callbacks.c: In function ‘on_buttonrid_clicked’:
callbacks.c:5188:22: warning: passing argument 1 of ‘lookup_widget’ from incompatible pointer type [-Wincompatible-pointer-types]
  res = lookup_widget(button,"entrymires");
                      ^~~~~~
In file included from callbacks.c:9:0:
support.h:46:13: note: expected ‘GtkWidget * {aka struct _GtkWidget *}’ but argument is of type ‘GtkButton * {aka struct _GtkButton *}’
 GtkWidget*  lookup_widget              (GtkWidget       *widget,
             ^~~~~~~~~~~~~
In file included from /usr/include/glib-2.0/gobject/gobject.h:24:0,
                 from /usr/include/glib-2.0/gobject/gbinding.h:29,
                 from /usr/include/glib-2.0/glib-object.h:23,
                 from /usr/include/glib-2.0/gio/gioenums.h:28,
                 from /usr/include/glib-2.0/gio/giotypes.h:28,
                 from /usr/include/glib-2.0/gio/gio.h:26,
                 from /usr/include/gtk-2.0/gdk/gdkapplaunchcontext.h:30,
                 from /usr/include/gtk-2.0/gdk/gdk.h:32,
                 from /usr/include/gtk-2.0/gtk/gtk.h:32,
                 from callbacks.c:5:
callbacks.c:5207:81: warning: passing argument 1 of ‘gtk_widget_get_toplevel’ from incompatible pointer type [-Wincompatible-pointer-types]
   GtkWidget *dialog = gtk_message_dialog_new(GTK_WINDOW(gtk_widget_get_toplevel(button)),
                                                                                 ^
/usr/include/glib-2.0/gobject/gtype.h:2224:57: note: in definition of macro ‘_G_TYPE_CIC’
     ((ct*) g_type_check_instance_cast ((GTypeInstance*) ip, gt))
                                                         ^~
/usr/include/gtk-2.0/gtk/gtkwindow.h:42:28: note: in expansion of macro ‘G_TYPE_CHECK_INSTANCE_CAST’
 #define GTK_WINDOW(obj)   (G_TYPE_CHECK_INSTANCE_CAST ((obj), GTK_TYPE_WINDOW, GtkWindow))
                            ^~~~~~~~~~~~~~~~~~~~~~~~~~
callbacks.c:5207:46: note: in expansion of macro ‘GTK_WINDOW’
   GtkWidget *dialog = gtk_message_dialog_new(GTK_WINDOW(gtk_widget_get_toplevel(button)),
                                              ^~~~~~~~~~
In file included from /usr/include/gtk-2.0/gtk/gtkcontainer.h:35:0,
                 from /usr/include/gtk-2.0/gtk/gtkbin.h:35,
                 from /usr/include/gtk-2.0/gtk/gtkwindow.h:36,
                 from /usr/include/gtk-2.0/gtk/gtkdialog.h:35,
                 from /usr/include/gtk-2.0/gtk/gtkaboutdialog.h:32,
                 from /usr/include/gtk-2.0/gtk/gtk.h:33,
                 from callbacks.c:5:
/usr/include/gtk-2.0/gtk/gtkwidget.h:1050:14: note: expected ‘GtkWidget * {aka struct _GtkWidget *}’ but argument is of type ‘GtkButton * {aka struct _GtkButton *}’
 GtkWidget*   gtk_widget_get_toplevel (GtkWidget *widget);
              ^~~~~~~~~~~~~~~~~~~~~~~
callbacks.c:5222:22: warning: passing argument 1 of ‘lookup_widget’ from incompatible pointer type [-Wincompatible-pointer-types]
  res = lookup_widget(button,"entrymcl");
                      ^~~~~~
In file included from callbacks.c:9:0:
support.h:46:13: note: expected ‘GtkWidget * {aka struct _GtkWidget *}’ but argument is of type ‘GtkButton * {aka struct _GtkButton *}’
 GtkWidget*  lookup_widget              (GtkWidget       *widget,
             ^~~~~~~~~~~~~
callbacks.c:5228:22: warning: passing argument 1 of ‘lookup_widget’ from incompatible pointer type [-Wincompatible-pointer-types]
  res = lookup_widget(button,"entrymnep");
                      ^~~~~~
In file included from callbacks.c:9:0:
support.h:46:13: note: expected ‘GtkWidget * {aka struct _GtkWidget *}’ but argument is of type ‘GtkButton * {aka struct _GtkButton *}’
 GtkWidget*  lookup_widget              (GtkWidget       *widget,
             ^~~~~~~~~~~~~
callbacks.c:5236:23: warning: passing argument 1 of ‘lookup_widget’ from incompatible pointer type [-Wincompatible-pointer-types]
   res = lookup_widget(button, "radiomsm") ;
                       ^~~~~~
In file included from callbacks.c:9:0:
support.h:46:13: note: expected ‘GtkWidget * {aka struct _GtkWidget *}’ but argument is of type ‘GtkButton * {aka struct _GtkButton *}’
 GtkWidget*  lookup_widget              (GtkWidget       *widget,
             ^~~~~~~~~~~~~
callbacks.c:5242:23: warning: passing argument 1 of ‘lookup_widget’ from incompatible pointer type [-Wincompatible-pointer-types]
   res = lookup_widget(button, "radiomsf") ;
                       ^~~~~~
In file included from callbacks.c:9:0:
support.h:46:13: note: expected ‘GtkWidget * {aka struct _GtkWidget *}’ but argument is of type ‘GtkButton * {aka struct _GtkButton *}’
 GtkWidget*  lookup_widget              (GtkWidget       *widget,
             ^~~~~~~~~~~~~
callbacks.c:5247:22: warning: passing argument 1 of ‘lookup_widget’ from incompatible pointer type [-Wincompatible-pointer-types]
  res = lookup_widget(button,"entrymimt");
                      ^~~~~~
In file included from callbacks.c:9:0:
support.h:46:13: note: expected ‘GtkWidget * {aka struct _GtkWidget *}’ but argument is of type ‘GtkButton * {aka struct _GtkButton *}’
 GtkWidget*  lookup_widget              (GtkWidget       *widget,
             ^~~~~~~~~~~~~
callbacks.c:5253:22: warning: passing argument 1 of ‘lookup_widget’ from incompatible pointer type [-Wincompatible-pointer-types]
  res = lookup_widget(button,"entrympk");
                      ^~~~~~
In file included from callbacks.c:9:0:
support.h:46:13: note: expected ‘GtkWidget * {aka struct _GtkWidget *}’ but argument is of type ‘GtkButton * {aka struct _GtkButton *}’
 GtkWidget*  lookup_widget              (GtkWidget       *widget,
             ^~~~~~~~~~~~~
callbacks.c:5259:20: warning: passing argument 1 of ‘lookup_widget’ from incompatible pointer type [-Wincompatible-pointer-types]
  res=lookup_widget(button,"spinmjr");
                    ^~~~~~
In file included from callbacks.c:9:0:
support.h:46:13: note: expected ‘GtkWidget * {aka struct _GtkWidget *}’ but argument is of type ‘GtkButton * {aka struct _GtkButton *}’
 GtkWidget*  lookup_widget              (GtkWidget       *widget,
             ^~~~~~~~~~~~~
callbacks.c:5262:20: warning: passing argument 1 of ‘lookup_widget’ from incompatible pointer type [-Wincompatible-pointer-types]
  res=lookup_widget(button,"spinmmr");
                    ^~~~~~
In file included from callbacks.c:9:0:
support.h:46:13: note: expected ‘GtkWidget * {aka struct _GtkWidget *}’ but argument is of type ‘GtkButton * {aka struct _GtkButton *}’
 GtkWidget*  lookup_widget              (GtkWidget       *widget,
             ^~~~~~~~~~~~~
callbacks.c:5265:20: warning: passing argument 1 of ‘lookup_widget’ from incompatible pointer type [-Wincompatible-pointer-types]
  res=lookup_widget(button,"spinmar");
                    ^~~~~~
In file included from callbacks.c:9:0:
support.h:46:13: note: expected ‘GtkWidget * {aka struct _GtkWidget *}’ but argument is of type ‘GtkButton * {aka struct _GtkButton *}’
 GtkWidget*  lookup_widget              (GtkWidget       *widget,
             ^~~~~~~~~~~~~
callbacks.c:5268:20: warning: passing argument 1 of ‘lookup_widget’ from incompatible pointer type [-Wincompatible-pointer-types]
  res=lookup_widget(button,"spinmdr");
                    ^~~~~~
In file included from callbacks.c:9:0:
support.h:46:13: note: expected ‘GtkWidget * {aka struct _GtkWidget *}’ but argument is of type ‘GtkButton * {aka struct _GtkButton *}’
 GtkWidget*  lookup_widget              (GtkWidget       *widget,
             ^~~~~~~~~~~~~
callbacks.c:5272:22: warning: passing argument 1 of ‘lookup_widget’ from incompatible pointer type [-Wincompatible-pointer-types]
  res = lookup_widget(button, "combobox_s_m");
                      ^~~~~~
In file included from callbacks.c:9:0:
support.h:46:13: note: expected ‘GtkWidget * {aka struct _GtkWidget *}’ but argument is of type ‘GtkButton * {aka struct _GtkButton *}’
 GtkWidget*  lookup_widget              (GtkWidget       *widget,
             ^~~~~~~~~~~~~
callbacks.c:5296:26: warning: passing argument 1 of ‘lookup_widget’ from incompatible pointer type [-Wincompatible-pointer-types]
      res = lookup_widget(button, "radiompre");
                          ^~~~~~
In file included from callbacks.c:9:0:
support.h:46:13: note: expected ‘GtkWidget * {aka struct _GtkWidget *}’ but argument is of type ‘GtkButton * {aka struct _GtkButton *}’
 GtkWidget*  lookup_widget              (GtkWidget       *widget,
             ^~~~~~~~~~~~~
In file included from /usr/include/gtk-2.0/gtk/gtk.h:145:0,
                 from callbacks.c:5:
/usr/include/gtk-2.0/gtk/gtkradiobutton.h:41:39: warning: passing argument 1 of ‘gtk_toggle_button_set_active’ from incompatible pointer type [-Wincompatible-pointer-types]
 #define GTK_RADIO_BUTTON(obj)         (G_TYPE_CHECK_INSTANCE_CAST ((obj), GTK_TYPE_RADIO_BUTTON, GtkRadioButton))
                                       ^
callbacks.c:5297:35: note: in expansion of macro ‘GTK_RADIO_BUTTON’
      gtk_toggle_button_set_active(GTK_RADIO_BUTTON(res), TRUE);
                                   ^~~~~~~~~~~~~~~~
In file included from /usr/include/gtk-2.0/gtk/gtkcheckbutton.h:35:0,
                 from /usr/include/gtk-2.0/gtk/gtk.h:66,
                 from callbacks.c:5:
/usr/include/gtk-2.0/gtk/gtktogglebutton.h:82:12: note: expected ‘GtkToggleButton * {aka struct _GtkToggleButton *}’ but argument is of type ‘GtkRadioButton * {aka struct _GtkRadioButton *}’
 void       gtk_toggle_button_set_active        (GtkToggleButton *toggle_button,
            ^~~~~~~~~~~~~~~~~~~~~~~~~~~~
callbacks.c:5299:26: warning: passing argument 1 of ‘lookup_widget’ from incompatible pointer type [-Wincompatible-pointer-types]
      res = lookup_widget(button, "radiomprc");
                          ^~~~~~
In file included from callbacks.c:9:0:
support.h:46:13: note: expected ‘GtkWidget * {aka struct _GtkWidget *}’ but argument is of type ‘GtkButton * {aka struct _GtkButton *}’
 GtkWidget*  lookup_widget              (GtkWidget       *widget,
             ^~~~~~~~~~~~~
In file included from /usr/include/gtk-2.0/gtk/gtk.h:145:0,
                 from callbacks.c:5:
/usr/include/gtk-2.0/gtk/gtkradiobutton.h:41:39: warning: passing argument 1 of ‘gtk_toggle_button_set_active’ from incompatible pointer type [-Wincompatible-pointer-types]
 #define GTK_RADIO_BUTTON(obj)         (G_TYPE_CHECK_INSTANCE_CAST ((obj), GTK_TYPE_RADIO_BUTTON, GtkRadioButton))
                                       ^
callbacks.c:5300:35: note: in expansion of macro ‘GTK_RADIO_BUTTON’
      gtk_toggle_button_set_active(GTK_RADIO_BUTTON(res), TRUE);
                                   ^~~~~~~~~~~~~~~~
In file included from /usr/include/gtk-2.0/gtk/gtkcheckbutton.h:35:0,
                 from /usr/include/gtk-2.0/gtk/gtk.h:66,
                 from callbacks.c:5:
/usr/include/gtk-2.0/gtk/gtktogglebutton.h:82:12: note: expected ‘GtkToggleButton * {aka struct _GtkToggleButton *}’ but argument is of type ‘GtkRadioButton * {aka struct _GtkRadioButton *}’
 void       gtk_toggle_button_set_active        (GtkToggleButton *toggle_button,
            ^~~~~~~~~~~~~~~~~~~~~~~~~~~~
callbacks.c:5305:26: warning: passing argument 1 of ‘lookup_widget’ from incompatible pointer type [-Wincompatible-pointer-types]
      res = lookup_widget(button, "radiompre");
                          ^~~~~~
In file included from callbacks.c:9:0:
support.h:46:13: note: expected ‘GtkWidget * {aka struct _GtkWidget *}’ but argument is of type ‘GtkButton * {aka struct _GtkButton *}’
 GtkWidget*  lookup_widget              (GtkWidget       *widget,
             ^~~~~~~~~~~~~
callbacks.c:5308:26: warning: passing argument 1 of ‘lookup_widget’ from incompatible pointer type [-Wincompatible-pointer-types]
      res = lookup_widget(button, "radiomprc");
                          ^~~~~~
In file included from callbacks.c:9:0:
support.h:46:13: note: expected ‘GtkWidget * {aka struct _GtkWidget *}’ but argument is of type ‘GtkButton * {aka struct _GtkButton *}’
 GtkWidget*  lookup_widget              (GtkWidget       *widget,
             ^~~~~~~~~~~~~
callbacks.c: In function ‘on_buttonmres_clicked’:
callbacks.c:5375:21: warning: passing argument 1 of ‘lookup_widget’ from incompatible pointer type [-Wincompatible-pointer-types]
  cl = lookup_widget(button,"entrymcl");
                     ^~~~~~
In file included from callbacks.c:9:0:
support.h:46:13: note: expected ‘GtkWidget * {aka struct _GtkWidget *}’ but argument is of type ‘GtkButton * {aka struct _GtkButton *}’
 GtkWidget*  lookup_widget              (GtkWidget       *widget,
             ^~~~~~~~~~~~~
In file included from /usr/include/glib-2.0/gobject/gobject.h:24:0,
                 from /usr/include/glib-2.0/gobject/gbinding.h:29,
                 from /usr/include/glib-2.0/glib-object.h:23,
                 from /usr/include/glib-2.0/gio/gioenums.h:28,
                 from /usr/include/glib-2.0/gio/giotypes.h:28,
                 from /usr/include/glib-2.0/gio/gio.h:26,
                 from /usr/include/gtk-2.0/gdk/gdkapplaunchcontext.h:30,
                 from /usr/include/gtk-2.0/gdk/gdk.h:32,
                 from /usr/include/gtk-2.0/gtk/gtk.h:32,
                 from callbacks.c:5:
callbacks.c:5381:81: warning: passing argument 1 of ‘gtk_widget_get_toplevel’ from incompatible pointer type [-Wincompatible-pointer-types]
   GtkWidget *dialog = gtk_message_dialog_new(GTK_WINDOW(gtk_widget_get_toplevel(button)),
                                                                                 ^
/usr/include/glib-2.0/gobject/gtype.h:2224:57: note: in definition of macro ‘_G_TYPE_CIC’
     ((ct*) g_type_check_instance_cast ((GTypeInstance*) ip, gt))
                                                         ^~
/usr/include/gtk-2.0/gtk/gtkwindow.h:42:28: note: in expansion of macro ‘G_TYPE_CHECK_INSTANCE_CAST’
 #define GTK_WINDOW(obj)   (G_TYPE_CHECK_INSTANCE_CAST ((obj), GTK_TYPE_WINDOW, GtkWindow))
                            ^~~~~~~~~~~~~~~~~~~~~~~~~~
callbacks.c:5381:46: note: in expansion of macro ‘GTK_WINDOW’
   GtkWidget *dialog = gtk_message_dialog_new(GTK_WINDOW(gtk_widget_get_toplevel(button)),
                                              ^~~~~~~~~~
In file included from /usr/include/gtk-2.0/gtk/gtkcontainer.h:35:0,
                 from /usr/include/gtk-2.0/gtk/gtkbin.h:35,
                 from /usr/include/gtk-2.0/gtk/gtkwindow.h:36,
                 from /usr/include/gtk-2.0/gtk/gtkdialog.h:35,
                 from /usr/include/gtk-2.0/gtk/gtkaboutdialog.h:32,
                 from /usr/include/gtk-2.0/gtk/gtk.h:33,
                 from callbacks.c:5:
/usr/include/gtk-2.0/gtk/gtkwidget.h:1050:14: note: expected ‘GtkWidget * {aka struct _GtkWidget *}’ but argument is of type ‘GtkButton * {aka struct _GtkButton *}’
 GtkWidget*   gtk_widget_get_toplevel (GtkWidget *widget);
              ^~~~~~~~~~~~~~~~~~~~~~~
In file included from /usr/include/glib-2.0/gobject/gobject.h:24:0,
                 from /usr/include/glib-2.0/gobject/gbinding.h:29,
                 from /usr/include/glib-2.0/glib-object.h:23,
                 from /usr/include/glib-2.0/gio/gioenums.h:28,
                 from /usr/include/glib-2.0/gio/giotypes.h:28,
                 from /usr/include/glib-2.0/gio/gio.h:26,
                 from /usr/include/gtk-2.0/gdk/gdkapplaunchcontext.h:30,
                 from /usr/include/gtk-2.0/gdk/gdk.h:32,
                 from /usr/include/gtk-2.0/gtk/gtk.h:32,
                 from callbacks.c:5:
callbacks.c:5393:93: warning: passing argument 1 of ‘gtk_widget_get_toplevel’ from incompatible pointer type [-Wincompatible-pointer-types]
               GtkWidget *dialog = gtk_message_dialog_new(GTK_WINDOW(gtk_widget_get_toplevel(button)),
                                                                                             ^
/usr/include/glib-2.0/gobject/gtype.h:2224:57: note: in definition of macro ‘_G_TYPE_CIC’
     ((ct*) g_type_check_instance_cast ((GTypeInstance*) ip, gt))
                                                         ^~
/usr/include/gtk-2.0/gtk/gtkwindow.h:42:28: note: in expansion of macro ‘G_TYPE_CHECK_INSTANCE_CAST’
 #define GTK_WINDOW(obj)   (G_TYPE_CHECK_INSTANCE_CAST ((obj), GTK_TYPE_WINDOW, GtkWindow))
                            ^~~~~~~~~~~~~~~~~~~~~~~~~~
callbacks.c:5393:58: note: in expansion of macro ‘GTK_WINDOW’
               GtkWidget *dialog = gtk_message_dialog_new(GTK_WINDOW(gtk_widget_get_toplevel(button)),
                                                          ^~~~~~~~~~
In file included from /usr/include/gtk-2.0/gtk/gtkcontainer.h:35:0,
                 from /usr/include/gtk-2.0/gtk/gtkbin.h:35,
                 from /usr/include/gtk-2.0/gtk/gtkwindow.h:36,
                 from /usr/include/gtk-2.0/gtk/gtkdialog.h:35,
                 from /usr/include/gtk-2.0/gtk/gtkaboutdialog.h:32,
                 from /usr/include/gtk-2.0/gtk/gtk.h:33,
                 from callbacks.c:5:
/usr/include/gtk-2.0/gtk/gtkwidget.h:1050:14: note: expected ‘GtkWidget * {aka struct _GtkWidget *}’ but argument is of type ‘GtkButton * {aka struct _GtkButton *}’
 GtkWidget*   gtk_widget_get_toplevel (GtkWidget *widget);
              ^~~~~~~~~~~~~~~~~~~~~~~
callbacks.c:5407:28: warning: passing argument 1 of ‘lookup_widget’ from incompatible pointer type [-Wincompatible-pointer-types]
  nometprenom=lookup_widget(button,"entrymnep");
                            ^~~~~~
In file included from callbacks.c:9:0:
support.h:46:13: note: expected ‘GtkWidget * {aka struct _GtkWidget *}’ but argument is of type ‘GtkButton * {aka struct _GtkButton *}’
 GtkWidget*  lookup_widget              (GtkWidget       *widget,
             ^~~~~~~~~~~~~
In file included from /usr/include/glib-2.0/gobject/gobject.h:24:0,
                 from /usr/include/glib-2.0/gobject/gbinding.h:29,
                 from /usr/include/glib-2.0/glib-object.h:23,
                 from /usr/include/glib-2.0/gio/gioenums.h:28,
                 from /usr/include/glib-2.0/gio/giotypes.h:28,
                 from /usr/include/glib-2.0/gio/gio.h:26,
                 from /usr/include/gtk-2.0/gdk/gdkapplaunchcontext.h:30,
                 from /usr/include/gtk-2.0/gdk/gdk.h:32,
                 from /usr/include/gtk-2.0/gtk/gtk.h:32,
                 from callbacks.c:5:
callbacks.c:5412:81: warning: passing argument 1 of ‘gtk_widget_get_toplevel’ from incompatible pointer type [-Wincompatible-pointer-types]
   GtkWidget *dialog = gtk_message_dialog_new(GTK_WINDOW(gtk_widget_get_toplevel(button)),
                                                                                 ^
/usr/include/glib-2.0/gobject/gtype.h:2224:57: note: in definition of macro ‘_G_TYPE_CIC’
     ((ct*) g_type_check_instance_cast ((GTypeInstance*) ip, gt))
                                                         ^~
/usr/include/gtk-2.0/gtk/gtkwindow.h:42:28: note: in expansion of macro ‘G_TYPE_CHECK_INSTANCE_CAST’
 #define GTK_WINDOW(obj)   (G_TYPE_CHECK_INSTANCE_CAST ((obj), GTK_TYPE_WINDOW, GtkWindow))
                            ^~~~~~~~~~~~~~~~~~~~~~~~~~
callbacks.c:5412:46: note: in expansion of macro ‘GTK_WINDOW’
   GtkWidget *dialog = gtk_message_dialog_new(GTK_WINDOW(gtk_widget_get_toplevel(button)),
                                              ^~~~~~~~~~
In file included from /usr/include/gtk-2.0/gtk/gtkcontainer.h:35:0,
                 from /usr/include/gtk-2.0/gtk/gtkbin.h:35,
                 from /usr/include/gtk-2.0/gtk/gtkwindow.h:36,
                 from /usr/include/gtk-2.0/gtk/gtkdialog.h:35,
                 from /usr/include/gtk-2.0/gtk/gtkaboutdialog.h:32,
                 from /usr/include/gtk-2.0/gtk/gtk.h:33,
                 from callbacks.c:5:
/usr/include/gtk-2.0/gtk/gtkwidget.h:1050:14: note: expected ‘GtkWidget * {aka struct _GtkWidget *}’ but argument is of type ‘GtkButton * {aka struct _GtkButton *}’
 GtkWidget*   gtk_widget_get_toplevel (GtkWidget *widget);
              ^~~~~~~~~~~~~~~~~~~~~~~
In file included from /usr/include/glib-2.0/gobject/gobject.h:24:0,
                 from /usr/include/glib-2.0/gobject/gbinding.h:29,
                 from /usr/include/glib-2.0/glib-object.h:23,
                 from /usr/include/glib-2.0/gio/gioenums.h:28,
                 from /usr/include/glib-2.0/gio/giotypes.h:28,
                 from /usr/include/glib-2.0/gio/gio.h:26,
                 from /usr/include/gtk-2.0/gdk/gdkapplaunchcontext.h:30,
                 from /usr/include/gtk-2.0/gdk/gdk.h:32,
                 from /usr/include/gtk-2.0/gtk/gtk.h:32,
                 from callbacks.c:5:
callbacks.c:5423:81: warning: passing argument 1 of ‘gtk_widget_get_toplevel’ from incompatible pointer type [-Wincompatible-pointer-types]
   GtkWidget *dialog = gtk_message_dialog_new(GTK_WINDOW(gtk_widget_get_toplevel(button)),
                                                                                 ^
/usr/include/glib-2.0/gobject/gtype.h:2224:57: note: in definition of macro ‘_G_TYPE_CIC’
     ((ct*) g_type_check_instance_cast ((GTypeInstance*) ip, gt))
                                                         ^~
/usr/include/gtk-2.0/gtk/gtkwindow.h:42:28: note: in expansion of macro ‘G_TYPE_CHECK_INSTANCE_CAST’
 #define GTK_WINDOW(obj)   (G_TYPE_CHECK_INSTANCE_CAST ((obj), GTK_TYPE_WINDOW, GtkWindow))
                            ^~~~~~~~~~~~~~~~~~~~~~~~~~
callbacks.c:5423:46: note: in expansion of macro ‘GTK_WINDOW’
   GtkWidget *dialog = gtk_message_dialog_new(GTK_WINDOW(gtk_widget_get_toplevel(button)),
                                              ^~~~~~~~~~
In file included from /usr/include/gtk-2.0/gtk/gtkcontainer.h:35:0,
                 from /usr/include/gtk-2.0/gtk/gtkbin.h:35,
                 from /usr/include/gtk-2.0/gtk/gtkwindow.h:36,
                 from /usr/include/gtk-2.0/gtk/gtkdialog.h:35,
                 from /usr/include/gtk-2.0/gtk/gtkaboutdialog.h:32,
                 from /usr/include/gtk-2.0/gtk/gtk.h:33,
                 from callbacks.c:5:
/usr/include/gtk-2.0/gtk/gtkwidget.h:1050:14: note: expected ‘GtkWidget * {aka struct _GtkWidget *}’ but argument is of type ‘GtkButton * {aka struct _GtkButton *}’
 GtkWidget*   gtk_widget_get_toplevel (GtkWidget *widget);
              ^~~~~~~~~~~~~~~~~~~~~~~
callbacks.c:5434:19: warning: passing argument 1 of ‘lookup_widget’ from incompatible pointer type [-Wincompatible-pointer-types]
  pk=lookup_widget(button,"entrympk");
                   ^~~~~~
In file included from callbacks.c:9:0:
support.h:46:13: note: expected ‘GtkWidget * {aka struct _GtkWidget *}’ but argument is of type ‘GtkButton * {aka struct _GtkButton *}’
 GtkWidget*  lookup_widget              (GtkWidget       *widget,
             ^~~~~~~~~~~~~
In file included from /usr/include/glib-2.0/gobject/gobject.h:24:0,
                 from /usr/include/glib-2.0/gobject/gbinding.h:29,
                 from /usr/include/glib-2.0/glib-object.h:23,
                 from /usr/include/glib-2.0/gio/gioenums.h:28,
                 from /usr/include/glib-2.0/gio/giotypes.h:28,
                 from /usr/include/glib-2.0/gio/gio.h:26,
                 from /usr/include/gtk-2.0/gdk/gdkapplaunchcontext.h:30,
                 from /usr/include/gtk-2.0/gdk/gdk.h:32,
                 from /usr/include/gtk-2.0/gtk/gtk.h:32,
                 from callbacks.c:5:
callbacks.c:5440:93: warning: passing argument 1 of ‘gtk_widget_get_toplevel’ from incompatible pointer type [-Wincompatible-pointer-types]
               GtkWidget *dialog = gtk_message_dialog_new(GTK_WINDOW(gtk_widget_get_toplevel(button)),
                                                                                             ^
/usr/include/glib-2.0/gobject/gtype.h:2224:57: note: in definition of macro ‘_G_TYPE_CIC’
     ((ct*) g_type_check_instance_cast ((GTypeInstance*) ip, gt))
                                                         ^~
/usr/include/gtk-2.0/gtk/gtkwindow.h:42:28: note: in expansion of macro ‘G_TYPE_CHECK_INSTANCE_CAST’
 #define GTK_WINDOW(obj)   (G_TYPE_CHECK_INSTANCE_CAST ((obj), GTK_TYPE_WINDOW, GtkWindow))
                            ^~~~~~~~~~~~~~~~~~~~~~~~~~
callbacks.c:5440:58: note: in expansion of macro ‘GTK_WINDOW’
               GtkWidget *dialog = gtk_message_dialog_new(GTK_WINDOW(gtk_widget_get_toplevel(button)),
                                                          ^~~~~~~~~~
In file included from /usr/include/gtk-2.0/gtk/gtkcontainer.h:35:0,
                 from /usr/include/gtk-2.0/gtk/gtkbin.h:35,
                 from /usr/include/gtk-2.0/gtk/gtkwindow.h:36,
                 from /usr/include/gtk-2.0/gtk/gtkdialog.h:35,
                 from /usr/include/gtk-2.0/gtk/gtkaboutdialog.h:32,
                 from /usr/include/gtk-2.0/gtk/gtk.h:33,
                 from callbacks.c:5:
/usr/include/gtk-2.0/gtk/gtkwidget.h:1050:14: note: expected ‘GtkWidget * {aka struct _GtkWidget *}’ but argument is of type ‘GtkButton * {aka struct _GtkButton *}’
 GtkWidget*   gtk_widget_get_toplevel (GtkWidget *widget);
              ^~~~~~~~~~~~~~~~~~~~~~~
In file included from /usr/include/glib-2.0/gobject/gobject.h:24:0,
                 from /usr/include/glib-2.0/gobject/gbinding.h:29,
                 from /usr/include/glib-2.0/glib-object.h:23,
                 from /usr/include/glib-2.0/gio/gioenums.h:28,
                 from /usr/include/glib-2.0/gio/giotypes.h:28,
                 from /usr/include/glib-2.0/gio/gio.h:26,
                 from /usr/include/gtk-2.0/gdk/gdkapplaunchcontext.h:30,
                 from /usr/include/gtk-2.0/gdk/gdk.h:32,
                 from /usr/include/gtk-2.0/gtk/gtk.h:32,
                 from callbacks.c:5:
callbacks.c:5452:93: warning: passing argument 1 of ‘gtk_widget_get_toplevel’ from incompatible pointer type [-Wincompatible-pointer-types]
               GtkWidget *dialog = gtk_message_dialog_new(GTK_WINDOW(gtk_widget_get_toplevel(button)),
                                                                                             ^
/usr/include/glib-2.0/gobject/gtype.h:2224:57: note: in definition of macro ‘_G_TYPE_CIC’
     ((ct*) g_type_check_instance_cast ((GTypeInstance*) ip, gt))
                                                         ^~
/usr/include/gtk-2.0/gtk/gtkwindow.h:42:28: note: in expansion of macro ‘G_TYPE_CHECK_INSTANCE_CAST’
 #define GTK_WINDOW(obj)   (G_TYPE_CHECK_INSTANCE_CAST ((obj), GTK_TYPE_WINDOW, GtkWindow))
                            ^~~~~~~~~~~~~~~~~~~~~~~~~~
callbacks.c:5452:58: note: in expansion of macro ‘GTK_WINDOW’
               GtkWidget *dialog = gtk_message_dialog_new(GTK_WINDOW(gtk_widget_get_toplevel(button)),
                                                          ^~~~~~~~~~
In file included from /usr/include/gtk-2.0/gtk/gtkcontainer.h:35:0,
                 from /usr/include/gtk-2.0/gtk/gtkbin.h:35,
                 from /usr/include/gtk-2.0/gtk/gtkwindow.h:36,
                 from /usr/include/gtk-2.0/gtk/gtkdialog.h:35,
                 from /usr/include/gtk-2.0/gtk/gtkaboutdialog.h:32,
                 from /usr/include/gtk-2.0/gtk/gtk.h:33,
                 from callbacks.c:5:
/usr/include/gtk-2.0/gtk/gtkwidget.h:1050:14: note: expected ‘GtkWidget * {aka struct _GtkWidget *}’ but argument is of type ‘GtkButton * {aka struct _GtkButton *}’
 GtkWidget*   gtk_widget_get_toplevel (GtkWidget *widget);
              ^~~~~~~~~~~~~~~~~~~~~~~
callbacks.c:5465:22: warning: passing argument 1 of ‘lookup_widget’ from incompatible pointer type [-Wincompatible-pointer-types]
  res = lookup_widget(button,"entrymires");
                      ^~~~~~
In file included from callbacks.c:9:0:
support.h:46:13: note: expected ‘GtkWidget * {aka struct _GtkWidget *}’ but argument is of type ‘GtkButton * {aka struct _GtkButton *}’
 GtkWidget*  lookup_widget              (GtkWidget       *widget,
             ^~~~~~~~~~~~~
In file included from /usr/include/glib-2.0/gobject/gobject.h:24:0,
                 from /usr/include/glib-2.0/gobject/gbinding.h:29,
                 from /usr/include/glib-2.0/glib-object.h:23,
                 from /usr/include/glib-2.0/gio/gioenums.h:28,
                 from /usr/include/glib-2.0/gio/giotypes.h:28,
                 from /usr/include/glib-2.0/gio/gio.h:26,
                 from /usr/include/gtk-2.0/gdk/gdkapplaunchcontext.h:30,
                 from /usr/include/gtk-2.0/gdk/gdk.h:32,
                 from /usr/include/gtk-2.0/gtk/gtk.h:32,
                 from callbacks.c:5:
callbacks.c:5470:93: warning: passing argument 1 of ‘gtk_widget_get_toplevel’ from incompatible pointer type [-Wincompatible-pointer-types]
               GtkWidget *dialog = gtk_message_dialog_new(GTK_WINDOW(gtk_widget_get_toplevel(button)),
                                                                                             ^
/usr/include/glib-2.0/gobject/gtype.h:2224:57: note: in definition of macro ‘_G_TYPE_CIC’
     ((ct*) g_type_check_instance_cast ((GTypeInstance*) ip, gt))
                                                         ^~
/usr/include/gtk-2.0/gtk/gtkwindow.h:42:28: note: in expansion of macro ‘G_TYPE_CHECK_INSTANCE_CAST’
 #define GTK_WINDOW(obj)   (G_TYPE_CHECK_INSTANCE_CAST ((obj), GTK_TYPE_WINDOW, GtkWindow))
                            ^~~~~~~~~~~~~~~~~~~~~~~~~~
callbacks.c:5470:58: note: in expansion of macro ‘GTK_WINDOW’
               GtkWidget *dialog = gtk_message_dialog_new(GTK_WINDOW(gtk_widget_get_toplevel(button)),
                                                          ^~~~~~~~~~
In file included from /usr/include/gtk-2.0/gtk/gtkcontainer.h:35:0,
                 from /usr/include/gtk-2.0/gtk/gtkbin.h:35,
                 from /usr/include/gtk-2.0/gtk/gtkwindow.h:36,
                 from /usr/include/gtk-2.0/gtk/gtkdialog.h:35,
                 from /usr/include/gtk-2.0/gtk/gtkaboutdialog.h:32,
                 from /usr/include/gtk-2.0/gtk/gtk.h:33,
                 from callbacks.c:5:
/usr/include/gtk-2.0/gtk/gtkwidget.h:1050:14: note: expected ‘GtkWidget * {aka struct _GtkWidget *}’ but argument is of type ‘GtkButton * {aka struct _GtkButton *}’
 GtkWidget*   gtk_widget_get_toplevel (GtkWidget *widget);
              ^~~~~~~~~~~~~~~~~~~~~~~
In file included from /usr/include/glib-2.0/gobject/gobject.h:24:0,
                 from /usr/include/glib-2.0/gobject/gbinding.h:29,
                 from /usr/include/glib-2.0/glib-object.h:23,
                 from /usr/include/glib-2.0/gio/gioenums.h:28,
                 from /usr/include/glib-2.0/gio/giotypes.h:28,
                 from /usr/include/glib-2.0/gio/gio.h:26,
                 from /usr/include/gtk-2.0/gdk/gdkapplaunchcontext.h:30,
                 from /usr/include/gtk-2.0/gdk/gdk.h:32,
                 from /usr/include/gtk-2.0/gtk/gtk.h:32,
                 from callbacks.c:5:
callbacks.c:5482:93: warning: passing argument 1 of ‘gtk_widget_get_toplevel’ from incompatible pointer type [-Wincompatible-pointer-types]
               GtkWidget *dialog = gtk_message_dialog_new(GTK_WINDOW(gtk_widget_get_toplevel(button)),
                                                                                             ^
/usr/include/glib-2.0/gobject/gtype.h:2224:57: note: in definition of macro ‘_G_TYPE_CIC’
     ((ct*) g_type_check_instance_cast ((GTypeInstance*) ip, gt))
                                                         ^~
/usr/include/gtk-2.0/gtk/gtkwindow.h:42:28: note: in expansion of macro ‘G_TYPE_CHECK_INSTANCE_CAST’
 #define GTK_WINDOW(obj)   (G_TYPE_CHECK_INSTANCE_CAST ((obj), GTK_TYPE_WINDOW, GtkWindow))
                            ^~~~~~~~~~~~~~~~~~~~~~~~~~
callbacks.c:5482:58: note: in expansion of macro ‘GTK_WINDOW’
               GtkWidget *dialog = gtk_message_dialog_new(GTK_WINDOW(gtk_widget_get_toplevel(button)),
                                                          ^~~~~~~~~~
In file included from /usr/include/gtk-2.0/gtk/gtkcontainer.h:35:0,
                 from /usr/include/gtk-2.0/gtk/gtkbin.h:35,
                 from /usr/include/gtk-2.0/gtk/gtkwindow.h:36,
                 from /usr/include/gtk-2.0/gtk/gtkdialog.h:35,
                 from /usr/include/gtk-2.0/gtk/gtkaboutdialog.h:32,
                 from /usr/include/gtk-2.0/gtk/gtk.h:33,
                 from callbacks.c:5:
/usr/include/gtk-2.0/gtk/gtkwidget.h:1050:14: note: expected ‘GtkWidget * {aka struct _GtkWidget *}’ but argument is of type ‘GtkButton * {aka struct _GtkButton *}’
 GtkWidget*   gtk_widget_get_toplevel (GtkWidget *widget);
              ^~~~~~~~~~~~~~~~~~~~~~~
callbacks.c:5498:19: warning: passing argument 1 of ‘lookup_widget’ from incompatible pointer type [-Wincompatible-pointer-types]
  mt=lookup_widget(button,"entrymimt");
                   ^~~~~~
In file included from callbacks.c:9:0:
support.h:46:13: note: expected ‘GtkWidget * {aka struct _GtkWidget *}’ but argument is of type ‘GtkButton * {aka struct _GtkButton *}’
 GtkWidget*  lookup_widget              (GtkWidget       *widget,
             ^~~~~~~~~~~~~
In file included from /usr/include/glib-2.0/gobject/gobject.h:24:0,
                 from /usr/include/glib-2.0/gobject/gbinding.h:29,
                 from /usr/include/glib-2.0/glib-object.h:23,
                 from /usr/include/glib-2.0/gio/gioenums.h:28,
                 from /usr/include/glib-2.0/gio/giotypes.h:28,
                 from /usr/include/glib-2.0/gio/gio.h:26,
                 from /usr/include/gtk-2.0/gdk/gdkapplaunchcontext.h:30,
                 from /usr/include/gtk-2.0/gdk/gdk.h:32,
                 from /usr/include/gtk-2.0/gtk/gtk.h:32,
                 from callbacks.c:5:
callbacks.c:5505:93: warning: passing argument 1 of ‘gtk_widget_get_toplevel’ from incompatible pointer type [-Wincompatible-pointer-types]
               GtkWidget *dialog = gtk_message_dialog_new(GTK_WINDOW(gtk_widget_get_toplevel(button)),
                                                                                             ^
/usr/include/glib-2.0/gobject/gtype.h:2224:57: note: in definition of macro ‘_G_TYPE_CIC’
     ((ct*) g_type_check_instance_cast ((GTypeInstance*) ip, gt))
                                                         ^~
/usr/include/gtk-2.0/gtk/gtkwindow.h:42:28: note: in expansion of macro ‘G_TYPE_CHECK_INSTANCE_CAST’
 #define GTK_WINDOW(obj)   (G_TYPE_CHECK_INSTANCE_CAST ((obj), GTK_TYPE_WINDOW, GtkWindow))
                            ^~~~~~~~~~~~~~~~~~~~~~~~~~
callbacks.c:5505:58: note: in expansion of macro ‘GTK_WINDOW’
               GtkWidget *dialog = gtk_message_dialog_new(GTK_WINDOW(gtk_widget_get_toplevel(button)),
                                                          ^~~~~~~~~~
In file included from /usr/include/gtk-2.0/gtk/gtkcontainer.h:35:0,
                 from /usr/include/gtk-2.0/gtk/gtkbin.h:35,
                 from /usr/include/gtk-2.0/gtk/gtkwindow.h:36,
                 from /usr/include/gtk-2.0/gtk/gtkdialog.h:35,
                 from /usr/include/gtk-2.0/gtk/gtkaboutdialog.h:32,
                 from /usr/include/gtk-2.0/gtk/gtk.h:33,
                 from callbacks.c:5:
/usr/include/gtk-2.0/gtk/gtkwidget.h:1050:14: note: expected ‘GtkWidget * {aka struct _GtkWidget *}’ but argument is of type ‘GtkButton * {aka struct _GtkButton *}’
 GtkWidget*   gtk_widget_get_toplevel (GtkWidget *widget);
              ^~~~~~~~~~~~~~~~~~~~~~~
In file included from /usr/include/glib-2.0/gobject/gobject.h:24:0,
                 from /usr/include/glib-2.0/gobject/gbinding.h:29,
                 from /usr/include/glib-2.0/glib-object.h:23,
                 from /usr/include/glib-2.0/gio/gioenums.h:28,
                 from /usr/include/glib-2.0/gio/giotypes.h:28,
                 from /usr/include/glib-2.0/gio/gio.h:26,
                 from /usr/include/gtk-2.0/gdk/gdkapplaunchcontext.h:30,
                 from /usr/include/gtk-2.0/gdk/gdk.h:32,
                 from /usr/include/gtk-2.0/gtk/gtk.h:32,
                 from callbacks.c:5:
callbacks.c:5517:93: warning: passing argument 1 of ‘gtk_widget_get_toplevel’ from incompatible pointer type [-Wincompatible-pointer-types]
               GtkWidget *dialog = gtk_message_dialog_new(GTK_WINDOW(gtk_widget_get_toplevel(button)),
                                                                                             ^
/usr/include/glib-2.0/gobject/gtype.h:2224:57: note: in definition of macro ‘_G_TYPE_CIC’
     ((ct*) g_type_check_instance_cast ((GTypeInstance*) ip, gt))
                                                         ^~
/usr/include/gtk-2.0/gtk/gtkwindow.h:42:28: note: in expansion of macro ‘G_TYPE_CHECK_INSTANCE_CAST’
 #define GTK_WINDOW(obj)   (G_TYPE_CHECK_INSTANCE_CAST ((obj), GTK_TYPE_WINDOW, GtkWindow))
                            ^~~~~~~~~~~~~~~~~~~~~~~~~~
callbacks.c:5517:58: note: in expansion of macro ‘GTK_WINDOW’
               GtkWidget *dialog = gtk_message_dialog_new(GTK_WINDOW(gtk_widget_get_toplevel(button)),
                                                          ^~~~~~~~~~
In file included from /usr/include/gtk-2.0/gtk/gtkcontainer.h:35:0,
                 from /usr/include/gtk-2.0/gtk/gtkbin.h:35,
                 from /usr/include/gtk-2.0/gtk/gtkwindow.h:36,
                 from /usr/include/gtk-2.0/gtk/gtkdialog.h:35,
                 from /usr/include/gtk-2.0/gtk/gtkaboutdialog.h:32,
                 from /usr/include/gtk-2.0/gtk/gtk.h:33,
                 from callbacks.c:5:
/usr/include/gtk-2.0/gtk/gtkwidget.h:1050:14: note: expected ‘GtkWidget * {aka struct _GtkWidget *}’ but argument is of type ‘GtkButton * {aka struct _GtkButton *}’
 GtkWidget*   gtk_widget_get_toplevel (GtkWidget *widget);
              ^~~~~~~~~~~~~~~~~~~~~~~
callbacks.c:5530:19: warning: passing argument 1 of ‘lookup_widget’ from incompatible pointer type [-Wincompatible-pointer-types]
  dr=lookup_widget(button,"spinmjr");
                   ^~~~~~
In file included from callbacks.c:9:0:
support.h:46:13: note: expected ‘GtkWidget * {aka struct _GtkWidget *}’ but argument is of type ‘GtkButton * {aka struct _GtkButton *}’
 GtkWidget*  lookup_widget              (GtkWidget       *widget,
             ^~~~~~~~~~~~~
callbacks.c:5534:19: warning: passing argument 1 of ‘lookup_widget’ from incompatible pointer type [-Wincompatible-pointer-types]
  dr=lookup_widget(button,"spinmmr");
                   ^~~~~~
In file included from callbacks.c:9:0:
support.h:46:13: note: expected ‘GtkWidget * {aka struct _GtkWidget *}’ but argument is of type ‘GtkButton * {aka struct _GtkButton *}’
 GtkWidget*  lookup_widget              (GtkWidget       *widget,
             ^~~~~~~~~~~~~
callbacks.c:5538:19: warning: passing argument 1 of ‘lookup_widget’ from incompatible pointer type [-Wincompatible-pointer-types]
  dr=lookup_widget(button,"spinmar");
                   ^~~~~~
In file included from callbacks.c:9:0:
support.h:46:13: note: expected ‘GtkWidget * {aka struct _GtkWidget *}’ but argument is of type ‘GtkButton * {aka struct _GtkButton *}’
 GtkWidget*  lookup_widget              (GtkWidget       *widget,
             ^~~~~~~~~~~~~
callbacks.c:5542:19: warning: passing argument 1 of ‘lookup_widget’ from incompatible pointer type [-Wincompatible-pointer-types]
  dr=lookup_widget(button,"spinmdr");
                   ^~~~~~
In file included from callbacks.c:9:0:
support.h:46:13: note: expected ‘GtkWidget * {aka struct _GtkWidget *}’ but argument is of type ‘GtkButton * {aka struct _GtkButton *}’
 GtkWidget*  lookup_widget              (GtkWidget       *widget,
             ^~~~~~~~~~~~~
callbacks.c:5547:19: warning: passing argument 1 of ‘lookup_widget’ from incompatible pointer type [-Wincompatible-pointer-types]
  dr=lookup_widget(button,"radiomsm");
                   ^~~~~~
In file included from callbacks.c:9:0:
support.h:46:13: note: expected ‘GtkWidget * {aka struct _GtkWidget *}’ but argument is of type ‘GtkButton * {aka struct _GtkButton *}’
 GtkWidget*  lookup_widget              (GtkWidget       *widget,
             ^~~~~~~~~~~~~
callbacks.c:5548:35: warning: passing argument 1 of ‘gtk_toggle_button_get_active’ from incompatible pointer type [-Wincompatible-pointer-types]
  if (gtk_toggle_button_get_active(dr)) r.h_f='m';
                                   ^~
In file included from /usr/include/gtk-2.0/gtk/gtkcheckbutton.h:35:0,
                 from /usr/include/gtk-2.0/gtk/gtk.h:66,
                 from callbacks.c:5:
/usr/include/gtk-2.0/gtk/gtktogglebutton.h:84:12: note: expected ‘GtkToggleButton * {aka struct _GtkToggleButton *}’ but argument is of type ‘GtkWidget * {aka struct _GtkWidget *}’
 gboolean   gtk_toggle_button_get_active        (GtkToggleButton *toggle_button);
            ^~~~~~~~~~~~~~~~~~~~~~~~~~~~
callbacks.c:5549:19: warning: passing argument 1 of ‘lookup_widget’ from incompatible pointer type [-Wincompatible-pointer-types]
  dr=lookup_widget(button,"radiomsf");
                   ^~~~~~
In file included from callbacks.c:9:0:
support.h:46:13: note: expected ‘GtkWidget * {aka struct _GtkWidget *}’ but argument is of type ‘GtkButton * {aka struct _GtkButton *}’
 GtkWidget*  lookup_widget              (GtkWidget       *widget,
             ^~~~~~~~~~~~~
callbacks.c:5550:35: warning: passing argument 1 of ‘gtk_toggle_button_get_active’ from incompatible pointer type [-Wincompatible-pointer-types]
  if (gtk_toggle_button_get_active(dr)) r.h_f='f';
                                   ^~
In file included from /usr/include/gtk-2.0/gtk/gtkcheckbutton.h:35:0,
                 from /usr/include/gtk-2.0/gtk/gtk.h:66,
                 from callbacks.c:5:
/usr/include/gtk-2.0/gtk/gtktogglebutton.h:84:12: note: expected ‘GtkToggleButton * {aka struct _GtkToggleButton *}’ but argument is of type ‘GtkWidget * {aka struct _GtkWidget *}’
 gboolean   gtk_toggle_button_get_active        (GtkToggleButton *toggle_button);
            ^~~~~~~~~~~~~~~~~~~~~~~~~~~~
callbacks.c:5551:19: warning: passing argument 1 of ‘lookup_widget’ from incompatible pointer type [-Wincompatible-pointer-types]
  dr=lookup_widget(button,"radiompre");
                   ^~~~~~
In file included from callbacks.c:9:0:
support.h:46:13: note: expected ‘GtkWidget * {aka struct _GtkWidget *}’ but argument is of type ‘GtkButton * {aka struct _GtkButton *}’
 GtkWidget*  lookup_widget              (GtkWidget       *widget,
             ^~~~~~~~~~~~~
callbacks.c:5552:35: warning: passing argument 1 of ‘gtk_toggle_button_get_active’ from incompatible pointer type [-Wincompatible-pointer-types]
  if (gtk_toggle_button_get_active(dr)) r.mdp='e';
                                   ^~
In file included from /usr/include/gtk-2.0/gtk/gtkcheckbutton.h:35:0,
                 from /usr/include/gtk-2.0/gtk/gtk.h:66,
                 from callbacks.c:5:
/usr/include/gtk-2.0/gtk/gtktogglebutton.h:84:12: note: expected ‘GtkToggleButton * {aka struct _GtkToggleButton *}’ but argument is of type ‘GtkWidget * {aka struct _GtkWidget *}’
 gboolean   gtk_toggle_button_get_active        (GtkToggleButton *toggle_button);
            ^~~~~~~~~~~~~~~~~~~~~~~~~~~~
callbacks.c:5553:19: warning: passing argument 1 of ‘lookup_widget’ from incompatible pointer type [-Wincompatible-pointer-types]
  dr=lookup_widget(button,"radiomprc");
                   ^~~~~~
In file included from callbacks.c:9:0:
support.h:46:13: note: expected ‘GtkWidget * {aka struct _GtkWidget *}’ but argument is of type ‘GtkButton * {aka struct _GtkButton *}’
 GtkWidget*  lookup_widget              (GtkWidget       *widget,
             ^~~~~~~~~~~~~
callbacks.c:5554:35: warning: passing argument 1 of ‘gtk_toggle_button_get_active’ from incompatible pointer type [-Wincompatible-pointer-types]
  if (gtk_toggle_button_get_active(dr)) r.mdp='c';
                                   ^~
In file included from /usr/include/gtk-2.0/gtk/gtkcheckbutton.h:35:0,
                 from /usr/include/gtk-2.0/gtk/gtk.h:66,
                 from callbacks.c:5:
/usr/include/gtk-2.0/gtk/gtktogglebutton.h:84:12: note: expected ‘GtkToggleButton * {aka struct _GtkToggleButton *}’ but argument is of type ‘GtkWidget * {aka struct _GtkWidget *}’
 gboolean   gtk_toggle_button_get_active        (GtkToggleButton *toggle_button);
            ^~~~~~~~~~~~~~~~~~~~~~~~~~~~
callbacks.c:5557:22: warning: passing argument 1 of ‘lookup_widget’ from incompatible pointer type [-Wincompatible-pointer-types]
  res = lookup_widget(button, "combobox_s_m");
                      ^~~~~~
In file included from callbacks.c:9:0:
support.h:46:13: note: expected ‘GtkWidget * {aka struct _GtkWidget *}’ but argument is of type ‘GtkButton * {aka struct _GtkButton *}’
 GtkWidget*  lookup_widget              (GtkWidget       *widget,
             ^~~~~~~~~~~~~
In file included from /usr/include/glib-2.0/gobject/gobject.h:24:0,
                 from /usr/include/glib-2.0/gobject/gbinding.h:29,
                 from /usr/include/glib-2.0/glib-object.h:23,
                 from /usr/include/glib-2.0/gio/gioenums.h:28,
                 from /usr/include/glib-2.0/gio/giotypes.h:28,
                 from /usr/include/glib-2.0/gio/gio.h:26,
                 from /usr/include/gtk-2.0/gdk/gdkapplaunchcontext.h:30,
                 from /usr/include/gtk-2.0/gdk/gdk.h:32,
                 from /usr/include/gtk-2.0/gtk/gtk.h:32,
                 from callbacks.c:5:
callbacks.c:5574:80: warning: passing argument 1 of ‘gtk_widget_get_toplevel’ from incompatible pointer type [-Wincompatible-pointer-types]
  GtkWidget *dialog = gtk_message_dialog_new(GTK_WINDOW(gtk_widget_get_toplevel(button)),
                                                                                ^
/usr/include/glib-2.0/gobject/gtype.h:2224:57: note: in definition of macro ‘_G_TYPE_CIC’
     ((ct*) g_type_check_instance_cast ((GTypeInstance*) ip, gt))
                                                         ^~
/usr/include/gtk-2.0/gtk/gtkwindow.h:42:28: note: in expansion of macro ‘G_TYPE_CHECK_INSTANCE_CAST’
 #define GTK_WINDOW(obj)   (G_TYPE_CHECK_INSTANCE_CAST ((obj), GTK_TYPE_WINDOW, GtkWindow))
                            ^~~~~~~~~~~~~~~~~~~~~~~~~~
callbacks.c:5574:45: note: in expansion of macro ‘GTK_WINDOW’
  GtkWidget *dialog = gtk_message_dialog_new(GTK_WINDOW(gtk_widget_get_toplevel(button)),
                                             ^~~~~~~~~~
In file included from /usr/include/gtk-2.0/gtk/gtkcontainer.h:35:0,
                 from /usr/include/gtk-2.0/gtk/gtkbin.h:35,
                 from /usr/include/gtk-2.0/gtk/gtkwindow.h:36,
                 from /usr/include/gtk-2.0/gtk/gtkdialog.h:35,
                 from /usr/include/gtk-2.0/gtk/gtkaboutdialog.h:32,
                 from /usr/include/gtk-2.0/gtk/gtk.h:33,
                 from callbacks.c:5:
/usr/include/gtk-2.0/gtk/gtkwidget.h:1050:14: note: expected ‘GtkWidget * {aka struct _GtkWidget *}’ but argument is of type ‘GtkButton * {aka struct _GtkButton *}’
 GtkWidget*   gtk_widget_get_toplevel (GtkWidget *widget);
              ^~~~~~~~~~~~~~~~~~~~~~~
callbacks.c: In function ‘on_buttonsupres_clicked’:
callbacks.c:5596:24: warning: passing argument 1 of ‘lookup_widget’ from incompatible pointer type [-Wincompatible-pointer-types]
  input = lookup_widget(button, "entryres_a_supprimer");
                        ^~~~~~
In file included from callbacks.c:9:0:
support.h:46:13: note: expected ‘GtkWidget * {aka struct _GtkWidget *}’ but argument is of type ‘GtkButton * {aka struct _GtkButton *}’
 GtkWidget*  lookup_widget              (GtkWidget       *widget,
             ^~~~~~~~~~~~~
In file included from /usr/include/glib-2.0/gobject/gobject.h:24:0,
                 from /usr/include/glib-2.0/gobject/gbinding.h:29,
                 from /usr/include/glib-2.0/glib-object.h:23,
                 from /usr/include/glib-2.0/gio/gioenums.h:28,
                 from /usr/include/glib-2.0/gio/giotypes.h:28,
                 from /usr/include/glib-2.0/gio/gio.h:26,
                 from /usr/include/gtk-2.0/gdk/gdkapplaunchcontext.h:30,
                 from /usr/include/gtk-2.0/gdk/gdk.h:32,
                 from /usr/include/gtk-2.0/gtk/gtk.h:32,
                 from callbacks.c:5:
callbacks.c:5600:81: warning: passing argument 1 of ‘gtk_widget_get_toplevel’ from incompatible pointer type [-Wincompatible-pointer-types]
   GtkWidget *dialog = gtk_message_dialog_new(GTK_WINDOW(gtk_widget_get_toplevel(button)),
                                                                                 ^
/usr/include/glib-2.0/gobject/gtype.h:2224:57: note: in definition of macro ‘_G_TYPE_CIC’
     ((ct*) g_type_check_instance_cast ((GTypeInstance*) ip, gt))
                                                         ^~
/usr/include/gtk-2.0/gtk/gtkwindow.h:42:28: note: in expansion of macro ‘G_TYPE_CHECK_INSTANCE_CAST’
 #define GTK_WINDOW(obj)   (G_TYPE_CHECK_INSTANCE_CAST ((obj), GTK_TYPE_WINDOW, GtkWindow))
                            ^~~~~~~~~~~~~~~~~~~~~~~~~~
callbacks.c:5600:46: note: in expansion of macro ‘GTK_WINDOW’
   GtkWidget *dialog = gtk_message_dialog_new(GTK_WINDOW(gtk_widget_get_toplevel(button)),
                                              ^~~~~~~~~~
In file included from /usr/include/gtk-2.0/gtk/gtkcontainer.h:35:0,
                 from /usr/include/gtk-2.0/gtk/gtkbin.h:35,
                 from /usr/include/gtk-2.0/gtk/gtkwindow.h:36,
                 from /usr/include/gtk-2.0/gtk/gtkdialog.h:35,
                 from /usr/include/gtk-2.0/gtk/gtkaboutdialog.h:32,
                 from /usr/include/gtk-2.0/gtk/gtk.h:33,
                 from callbacks.c:5:
/usr/include/gtk-2.0/gtk/gtkwidget.h:1050:14: note: expected ‘GtkWidget * {aka struct _GtkWidget *}’ but argument is of type ‘GtkButton * {aka struct _GtkButton *}’
 GtkWidget*   gtk_widget_get_toplevel (GtkWidget *widget);
              ^~~~~~~~~~~~~~~~~~~~~~~
In file included from /usr/include/glib-2.0/gobject/gobject.h:24:0,
                 from /usr/include/glib-2.0/gobject/gbinding.h:29,
                 from /usr/include/glib-2.0/glib-object.h:23,
                 from /usr/include/glib-2.0/gio/gioenums.h:28,
                 from /usr/include/glib-2.0/gio/giotypes.h:28,
                 from /usr/include/glib-2.0/gio/gio.h:26,
                 from /usr/include/gtk-2.0/gdk/gdkapplaunchcontext.h:30,
                 from /usr/include/gtk-2.0/gdk/gdk.h:32,
                 from /usr/include/gtk-2.0/gtk/gtk.h:32,
                 from callbacks.c:5:
callbacks.c:5611:81: warning: passing argument 1 of ‘gtk_widget_get_toplevel’ from incompatible pointer type [-Wincompatible-pointer-types]
   GtkWidget *dialog = gtk_message_dialog_new(GTK_WINDOW(gtk_widget_get_toplevel(button)),
                                                                                 ^
/usr/include/glib-2.0/gobject/gtype.h:2224:57: note: in definition of macro ‘_G_TYPE_CIC’
     ((ct*) g_type_check_instance_cast ((GTypeInstance*) ip, gt))
                                                         ^~
/usr/include/gtk-2.0/gtk/gtkwindow.h:42:28: note: in expansion of macro ‘G_TYPE_CHECK_INSTANCE_CAST’
 #define GTK_WINDOW(obj)   (G_TYPE_CHECK_INSTANCE_CAST ((obj), GTK_TYPE_WINDOW, GtkWindow))
                            ^~~~~~~~~~~~~~~~~~~~~~~~~~
callbacks.c:5611:46: note: in expansion of macro ‘GTK_WINDOW’
   GtkWidget *dialog = gtk_message_dialog_new(GTK_WINDOW(gtk_widget_get_toplevel(button)),
                                              ^~~~~~~~~~
In file included from /usr/include/gtk-2.0/gtk/gtkcontainer.h:35:0,
                 from /usr/include/gtk-2.0/gtk/gtkbin.h:35,
                 from /usr/include/gtk-2.0/gtk/gtkwindow.h:36,
                 from /usr/include/gtk-2.0/gtk/gtkdialog.h:35,
                 from /usr/include/gtk-2.0/gtk/gtkaboutdialog.h:32,
                 from /usr/include/gtk-2.0/gtk/gtk.h:33,
                 from callbacks.c:5:
/usr/include/gtk-2.0/gtk/gtkwidget.h:1050:14: note: expected ‘GtkWidget * {aka struct _GtkWidget *}’ but argument is of type ‘GtkButton * {aka struct _GtkButton *}’
 GtkWidget*   gtk_widget_get_toplevel (GtkWidget *widget);
              ^~~~~~~~~~~~~~~~~~~~~~~
callbacks.c:5615:38: warning: format not a string literal and no format arguments [-Wformat-security]
                                      tmp);
                                      ^~~
In file included from /usr/include/glib-2.0/gobject/gobject.h:24:0,
                 from /usr/include/glib-2.0/gobject/gbinding.h:29,
                 from /usr/include/glib-2.0/glib-object.h:23,
                 from /usr/include/glib-2.0/gio/gioenums.h:28,
                 from /usr/include/glib-2.0/gio/giotypes.h:28,
                 from /usr/include/glib-2.0/gio/gio.h:26,
                 from /usr/include/gtk-2.0/gdk/gdkapplaunchcontext.h:30,
                 from /usr/include/gtk-2.0/gdk/gdk.h:32,
                 from /usr/include/gtk-2.0/gtk/gtk.h:32,
                 from callbacks.c:5:
callbacks.c:5625:71: warning: passing argument 1 of ‘gtk_widget_get_toplevel’ from incompatible pointer type [-Wincompatible-pointer-types]
    dialog = gtk_message_dialog_new(GTK_WINDOW(gtk_widget_get_toplevel(button)),
                                                                       ^
/usr/include/glib-2.0/gobject/gtype.h:2224:57: note: in definition of macro ‘_G_TYPE_CIC’
     ((ct*) g_type_check_instance_cast ((GTypeInstance*) ip, gt))
                                                         ^~
/usr/include/gtk-2.0/gtk/gtkwindow.h:42:28: note: in expansion of macro ‘G_TYPE_CHECK_INSTANCE_CAST’
 #define GTK_WINDOW(obj)   (G_TYPE_CHECK_INSTANCE_CAST ((obj), GTK_TYPE_WINDOW, GtkWindow))
                            ^~~~~~~~~~~~~~~~~~~~~~~~~~
callbacks.c:5625:36: note: in expansion of macro ‘GTK_WINDOW’
    dialog = gtk_message_dialog_new(GTK_WINDOW(gtk_widget_get_toplevel(button)),
                                    ^~~~~~~~~~
In file included from /usr/include/gtk-2.0/gtk/gtkcontainer.h:35:0,
                 from /usr/include/gtk-2.0/gtk/gtkbin.h:35,
                 from /usr/include/gtk-2.0/gtk/gtkwindow.h:36,
                 from /usr/include/gtk-2.0/gtk/gtkdialog.h:35,
                 from /usr/include/gtk-2.0/gtk/gtkaboutdialog.h:32,
                 from /usr/include/gtk-2.0/gtk/gtk.h:33,
                 from callbacks.c:5:
/usr/include/gtk-2.0/gtk/gtkwidget.h:1050:14: note: expected ‘GtkWidget * {aka struct _GtkWidget *}’ but argument is of type ‘GtkButton * {aka struct _GtkButton *}’
 GtkWidget*   gtk_widget_get_toplevel (GtkWidget *widget);
              ^~~~~~~~~~~~~~~~~~~~~~~
callbacks.c:5629:5: warning: format not a string literal and no format arguments [-Wformat-security]
     tmp);
     ^~~
In file included from /usr/include/glib-2.0/gobject/gobject.h:24:0,
                 from /usr/include/glib-2.0/gobject/gbinding.h:29,
                 from /usr/include/glib-2.0/glib-object.h:23,
                 from /usr/include/glib-2.0/gio/gioenums.h:28,
                 from /usr/include/glib-2.0/gio/giotypes.h:28,
                 from /usr/include/glib-2.0/gio/gio.h:26,
                 from /usr/include/gtk-2.0/gdk/gdkapplaunchcontext.h:30,
                 from /usr/include/gtk-2.0/gdk/gdk.h:32,
                 from /usr/include/gtk-2.0/gtk/gtk.h:32,
                 from callbacks.c:5:
callbacks.c:5636:81: warning: passing argument 1 of ‘gtk_widget_get_toplevel’ from incompatible pointer type [-Wincompatible-pointer-types]
   GtkWidget *dialog = gtk_message_dialog_new(GTK_WINDOW(gtk_widget_get_toplevel(button)),
                                                                                 ^
/usr/include/glib-2.0/gobject/gtype.h:2224:57: note: in definition of macro ‘_G_TYPE_CIC’
     ((ct*) g_type_check_instance_cast ((GTypeInstance*) ip, gt))
                                                         ^~
/usr/include/gtk-2.0/gtk/gtkwindow.h:42:28: note: in expansion of macro ‘G_TYPE_CHECK_INSTANCE_CAST’
 #define GTK_WINDOW(obj)   (G_TYPE_CHECK_INSTANCE_CAST ((obj), GTK_TYPE_WINDOW, GtkWindow))
                            ^~~~~~~~~~~~~~~~~~~~~~~~~~
callbacks.c:5636:46: note: in expansion of macro ‘GTK_WINDOW’
   GtkWidget *dialog = gtk_message_dialog_new(GTK_WINDOW(gtk_widget_get_toplevel(button)),
                                              ^~~~~~~~~~
In file included from /usr/include/gtk-2.0/gtk/gtkcontainer.h:35:0,
                 from /usr/include/gtk-2.0/gtk/gtkbin.h:35,
                 from /usr/include/gtk-2.0/gtk/gtkwindow.h:36,
                 from /usr/include/gtk-2.0/gtk/gtkdialog.h:35,
                 from /usr/include/gtk-2.0/gtk/gtkaboutdialog.h:32,
                 from /usr/include/gtk-2.0/gtk/gtk.h:33,
                 from callbacks.c:5:
/usr/include/gtk-2.0/gtk/gtkwidget.h:1050:14: note: expected ‘GtkWidget * {aka struct _GtkWidget *}’ but argument is of type ‘GtkButton * {aka struct _GtkButton *}’
 GtkWidget*   gtk_widget_get_toplevel (GtkWidget *widget);
              ^~~~~~~~~~~~~~~~~~~~~~~
callbacks.c:5640:4: warning: format not a string literal and no format arguments [-Wformat-security]
    tmp);
    ^~~
callbacks.c: In function ‘on_button_recherche_clicked’:
callbacks.c:5695:20: warning: passing argument 1 of ‘lookup_widget’ from incompatible pointer type [-Wincompatible-pointer-types]
  rec=lookup_widget(button,"res_rec_id");
                    ^~~~~~
In file included from callbacks.c:9:0:
support.h:46:13: note: expected ‘GtkWidget * {aka struct _GtkWidget *}’ but argument is of type ‘GtkButton * {aka struct _GtkButton *}’
 GtkWidget*  lookup_widget              (GtkWidget       *widget,
             ^~~~~~~~~~~~~
callbacks.c:5696:35: warning: passing argument 1 of ‘gtk_toggle_button_get_active’ from incompatible pointer type [-Wincompatible-pointer-types]
  if (gtk_toggle_button_get_active(rec)){ x=1;rec = lookup_widget(button, "citoyen_modifier_male") ;
                                   ^~~
In file included from /usr/include/gtk-2.0/gtk/gtkcheckbutton.h:35:0,
                 from /usr/include/gtk-2.0/gtk/gtk.h:66,
                 from callbacks.c:5:
/usr/include/gtk-2.0/gtk/gtktogglebutton.h:84:12: note: expected ‘GtkToggleButton * {aka struct _GtkToggleButton *}’ but argument is of type ‘GtkWidget * {aka struct _GtkWidget *}’
 gboolean   gtk_toggle_button_get_active        (GtkToggleButton *toggle_button);
            ^~~~~~~~~~~~~~~~~~~~~~~~~~~~
callbacks.c:5696:66: warning: passing argument 1 of ‘lookup_widget’ from incompatible pointer type [-Wincompatible-pointer-types]
  if (gtk_toggle_button_get_active(rec)){ x=1;rec = lookup_widget(button, "citoyen_modifier_male") ;
                                                                  ^~~~~~
In file included from callbacks.c:9:0:
support.h:46:13: note: expected ‘GtkWidget * {aka struct _GtkWidget *}’ but argument is of type ‘GtkButton * {aka struct _GtkButton *}’
 GtkWidget*  lookup_widget              (GtkWidget       *widget,
             ^~~~~~~~~~~~~
In file included from /usr/include/gtk-2.0/gtk/gtk.h:145:0,
                 from callbacks.c:5:
/usr/include/gtk-2.0/gtk/gtkradiobutton.h:41:39: warning: passing argument 1 of ‘gtk_toggle_button_set_active’ from incompatible pointer type [-Wincompatible-pointer-types]
 #define GTK_RADIO_BUTTON(obj)         (G_TYPE_CHECK_INSTANCE_CAST ((obj), GTK_TYPE_RADIO_BUTTON, GtkRadioButton))
                                       ^
callbacks.c:5697:32: note: in expansion of macro ‘GTK_RADIO_BUTTON’
   gtk_toggle_button_set_active(GTK_RADIO_BUTTON(rec),FALSE);}
                                ^~~~~~~~~~~~~~~~
In file included from /usr/include/gtk-2.0/gtk/gtkcheckbutton.h:35:0,
                 from /usr/include/gtk-2.0/gtk/gtk.h:66,
                 from callbacks.c:5:
/usr/include/gtk-2.0/gtk/gtktogglebutton.h:82:12: note: expected ‘GtkToggleButton * {aka struct _GtkToggleButton *}’ but argument is of type ‘GtkRadioButton * {aka struct _GtkRadioButton *}’
 void       gtk_toggle_button_set_active        (GtkToggleButton *toggle_button,
            ^~~~~~~~~~~~~~~~~~~~~~~~~~~~
callbacks.c:5699:21: warning: passing argument 1 of ‘lookup_widget’ from incompatible pointer type [-Wincompatible-pointer-types]
   rec=lookup_widget(button,"res_rec_nom");
                     ^~~~~~
In file included from callbacks.c:9:0:
support.h:46:13: note: expected ‘GtkWidget * {aka struct _GtkWidget *}’ but argument is of type ‘GtkButton * {aka struct _GtkButton *}’
 GtkWidget*  lookup_widget              (GtkWidget       *widget,
             ^~~~~~~~~~~~~
callbacks.c:5700:36: warning: passing argument 1 of ‘gtk_toggle_button_get_active’ from incompatible pointer type [-Wincompatible-pointer-types]
   if (gtk_toggle_button_get_active(rec)) x=2;
                                    ^~~
In file included from /usr/include/gtk-2.0/gtk/gtkcheckbutton.h:35:0,
                 from /usr/include/gtk-2.0/gtk/gtk.h:66,
                 from callbacks.c:5:
/usr/include/gtk-2.0/gtk/gtktogglebutton.h:84:12: note: expected ‘GtkToggleButton * {aka struct _GtkToggleButton *}’ but argument is of type ‘GtkWidget * {aka struct _GtkWidget *}’
 gboolean   gtk_toggle_button_get_active        (GtkToggleButton *toggle_button);
            ^~~~~~~~~~~~~~~~~~~~~~~~~~~~
callbacks.c:5708:22: warning: passing argument 1 of ‘lookup_widget’ from incompatible pointer type [-Wincompatible-pointer-types]
    rec=lookup_widget(button,"entry_recherche_res");
                      ^~~~~~
In file included from callbacks.c:9:0:
support.h:46:13: note: expected ‘GtkWidget * {aka struct _GtkWidget *}’ but argument is of type ‘GtkButton * {aka struct _GtkButton *}’
 GtkWidget*  lookup_widget              (GtkWidget       *widget,
             ^~~~~~~~~~~~~
callbacks.c:5716:22: warning: passing argument 1 of ‘lookup_widget’ from incompatible pointer type [-Wincompatible-pointer-types]
    rec=lookup_widget(button,"entry_recherche_res");
                      ^~~~~~
In file included from callbacks.c:9:0:
support.h:46:13: note: expected ‘GtkWidget * {aka struct _GtkWidget *}’ but argument is of type ‘GtkButton * {aka struct _GtkButton *}’
 GtkWidget*  lookup_widget              (GtkWidget       *widget,
             ^~~~~~~~~~~~~
callbacks.c:5718:22: warning: passing argument 1 of ‘lookup_widget’ from incompatible pointer type [-Wincompatible-pointer-types]
    rec=lookup_widget(button,"res_rec_treeview");
                      ^~~~~~
In file included from callbacks.c:9:0:
support.h:46:13: note: expected ‘GtkWidget * {aka struct _GtkWidget *}’ but argument is of type ‘GtkButton * {aka struct _GtkButton *}’
 GtkWidget*  lookup_widget              (GtkWidget       *widget,
             ^~~~~~~~~~~~~
callbacks.c:5722:22: warning: passing argument 1 of ‘lookup_widget’ from incompatible pointer type [-Wincompatible-pointer-types]
    rec=lookup_widget(button,"entry_recherche_res");
                      ^~~~~~
In file included from callbacks.c:9:0:
support.h:46:13: note: expected ‘GtkWidget * {aka struct _GtkWidget *}’ but argument is of type ‘GtkButton * {aka struct _GtkButton *}’
 GtkWidget*  lookup_widget              (GtkWidget       *widget,
             ^~~~~~~~~~~~~
callbacks.c:5734:22: warning: passing argument 1 of ‘lookup_widget’ from incompatible pointer type [-Wincompatible-pointer-types]
    rec=lookup_widget(button,"res_rec_treeview");
                      ^~~~~~
In file included from callbacks.c:9:0:
support.h:46:13: note: expected ‘GtkWidget * {aka struct _GtkWidget *}’ but argument is of type ‘GtkButton * {aka struct _GtkButton *}’
 GtkWidget*  lookup_widget              (GtkWidget       *widget,
             ^~~~~~~~~~~~~
callbacks.c: In function ‘on_buttonaffectationpark_clicked’:
callbacks.c:5810:34: warning: passing argument 1 of ‘lookup_widget’ from incompatible pointer type [-Wincompatible-pointer-types]
  GtkWidget* ires = lookup_widget(button,"entryresaffecte");
                                  ^~~~~~
In file included from callbacks.c:9:0:
support.h:46:13: note: expected ‘GtkWidget * {aka struct _GtkWidget *}’ but argument is of type ‘GtkButton * {aka struct _GtkButton *}’
 GtkWidget*  lookup_widget              (GtkWidget       *widget,
             ^~~~~~~~~~~~~
callbacks.c:5815:33: warning: passing argument 1 of ‘lookup_widget’ from incompatible pointer type [-Wincompatible-pointer-types]
  GtkWidget* ipk = lookup_widget(button,"entryparkaffecter");
                                 ^~~~~~
In file included from callbacks.c:9:0:
support.h:46:13: note: expected ‘GtkWidget * {aka struct _GtkWidget *}’ but argument is of type ‘GtkButton * {aka struct _GtkButton *}’
 GtkWidget*  lookup_widget              (GtkWidget       *widget,
             ^~~~~~~~~~~~~
callbacks.c:5826:29: warning: passing argument 1 of ‘on_buttonaffectres_clicked’ from incompatible pointer type [-Wincompatible-pointer-types]
  on_buttonaffectres_clicked(button,user_data);
                             ^~~~~~
callbacks.c:5745:1: note: expected ‘GtkWidget * {aka struct _GtkWidget *}’ but argument is of type ‘GtkButton * {aka struct _GtkButton *}’
 on_buttonaffectres_clicked             (GtkWidget       *objet_graphique,
 ^~~~~~~~~~~~~~~~~~~~~~~~~~
In file included from /usr/include/gtk-2.0/gtk/gtkentrycompletion.h:28:0,
                 from /usr/include/gtk-2.0/gtk/gtkentry.h:43,
                 from /usr/include/gtk-2.0/gtk/gtktreeview.h:31,
                 from /usr/include/gtk-2.0/gtk/gtkcombobox.h:29,
                 from /usr/include/gtk-2.0/gtk/gtk.h:72,
                 from callbacks.c:5:
callbacks.c: In function ‘on_treeviewaffres_row_activated’:
/usr/include/gtk-2.0/gtk/gtkliststore.h:36:36: warning: passing argument 1 of ‘gtk_tree_model_get’ from incompatible pointer type [-Wincompatible-pointer-types]
 #define GTK_LIST_STORE(obj)        (G_TYPE_CHECK_INSTANCE_CAST ((obj), GTK_TYPE_LIST_STORE, GtkListStore))
                                    ^
callbacks.c:5850:28: note: in expansion of macro ‘GTK_LIST_STORE’
         gtk_tree_model_get(GTK_LIST_STORE(model), &iter,
                            ^~~~~~~~~~~~~~
In file included from /usr/include/gtk-2.0/gtk/gtktreeviewcolumn.h:28:0,
                 from /usr/include/gtk-2.0/gtk/gtkcelllayout.h:28,
                 from /usr/include/gtk-2.0/gtk/gtk.h:55,
                 from callbacks.c:5:
/usr/include/gtk-2.0/gtk/gtktreemodel.h:234:19: note: expected ‘GtkTreeModel * {aka struct _GtkTreeModel *}’ but argument is of type ‘GtkListStore * {aka struct _GtkListStore *}’
 void              gtk_tree_model_get             (GtkTreeModel *tree_model,
                   ^~~~~~~~~~~~~~~~~~
callbacks.c:5855:40: warning: passing argument 1 of ‘lookup_widget’ from incompatible pointer type [-Wincompatible-pointer-types]
         GtkWidget* ptr = lookup_widget(treeview,"entryparkaffecter");
                                        ^~~~~~~~
In file included from callbacks.c:9:0:
support.h:46:13: note: expected ‘GtkWidget * {aka struct _GtkWidget *}’ but argument is of type ‘GtkTreeView * {aka struct _GtkTreeView *}’
 GtkWidget*  lookup_widget              (GtkWidget       *widget,
             ^~~~~~~~~~~~~
callbacks.c: In function ‘on_buttonaffectres_clicked’:
callbacks.c:5753:10: warning: ignoring return value of ‘fscanf’, declared with attribute warn_unused_result [-Wunused-result]
          fscanf(file, "%d", &n);
          ^~~~~~~~~~~~~~~~~~~~~~
make[2]: *** [callbacks.o] Error 1
make[1]: *** [all-recursive] Error 1
make: *** [all] Error 2
